Archive member included to satisfy reference by file (symbol)

.././Libs\libarm_cortexM4lf_nn.a(arm_nn_activations_q7.o)
                              Core/Src/nnom/nnom_activation.o (arm_nn_activations_direct_q7)
.././Libs\libarm_cortexM4lf_nn.a(arm_relu_q7.o)
                              Core/Src/nnom/nnom_activation.o (arm_relu_q7)
.././Libs\libarm_cortexM4lf_nn.a(arm_convolve_1x1_HWC_q7_fast_nonsquare.o)
                              Core/Src/nnom/nnom_conv2d.o (arm_convolve_1x1_HWC_q7_fast_nonsquare)
.././Libs\libarm_cortexM4lf_nn.a(arm_convolve_HWC_q7_RGB.o)
                              Core/Src/nnom/nnom_conv2d.o (arm_convolve_HWC_q7_RGB)
.././Libs\libarm_cortexM4lf_nn.a(arm_convolve_HWC_q7_basic.o)
                              Core/Src/nnom/nnom_conv2d.o (arm_convolve_HWC_q7_basic)
.././Libs\libarm_cortexM4lf_nn.a(arm_convolve_HWC_q7_basic_nonsquare.o)
                              Core/Src/nnom/nnom_conv2d.o (arm_convolve_HWC_q7_basic_nonsquare)
.././Libs\libarm_cortexM4lf_nn.a(arm_convolve_HWC_q7_fast.o)
                              Core/Src/nnom/nnom_conv2d.o (arm_convolve_HWC_q7_fast)
.././Libs\libarm_cortexM4lf_nn.a(arm_convolve_HWC_q7_fast_nonsquare.o)
                              Core/Src/nnom/nnom_conv2d.o (arm_convolve_HWC_q7_fast_nonsquare)
.././Libs\libarm_cortexM4lf_nn.a(arm_depthwise_separable_conv_HWC_q7_nonsquare.o)
                              Core/Src/nnom/nnom_dw_conv2d.o (arm_depthwise_separable_conv_HWC_q7_nonsquare)
.././Libs\libarm_cortexM4lf_nn.a(arm_nn_mat_mult_kernel_q7_q15.o)
                              .././Libs\libarm_cortexM4lf_nn.a(arm_convolve_HWC_q7_RGB.o) (arm_nn_mat_mult_kernel_q7_q15)
.././Libs\libarm_cortexM4lf_nn.a(arm_nn_mat_mult_kernel_q7_q15_reordered.o)
                              .././Libs\libarm_cortexM4lf_nn.a(arm_convolve_1x1_HWC_q7_fast_nonsquare.o) (arm_nn_mat_mult_kernel_q7_q15_reordered)
.././Libs\libarm_cortexM4lf_nn.a(arm_fully_connected_q7_opt.o)
                              Core/Src/nnom/nnom_dense.o (arm_fully_connected_q7_opt)
.././Libs\libarm_cortexM4lf_nn.a(arm_nntables.o)
                              .././Libs\libarm_cortexM4lf_nn.a(arm_nn_activations_q7.o) (tanhTable_q7)
.././Libs\libarm_cortexM4lf_nn.a(arm_q7_to_q15_no_shift.o)
                              .././Libs\libarm_cortexM4lf_nn.a(arm_convolve_HWC_q7_basic.o) (arm_q7_to_q15_no_shift)
.././Libs\libarm_cortexM4lf_nn.a(arm_q7_to_q15_reordered_no_shift.o)
                              .././Libs\libarm_cortexM4lf_nn.a(arm_convolve_1x1_HWC_q7_fast_nonsquare.o) (arm_q7_to_q15_reordered_no_shift)
.././Libs\libarm_cortexM4lf_nn.a(arm_pool_q7_HWC.o)
                              Core/Src/nnom/nnom_maxpool.o (arm_maxpool_q7_HWC)
.././Libs\libarm_cortexM4lf_nn.a(arm_softmax_q7.o)
                              Core/Src/nnom/nnom_softmax.o (arm_softmax_q7)
c:/st/stm32cubeide_1.2.0/stm32cubeide/plugins/com.st.stm32cube.ide.mcu.externaltools.gnu-tools-for-stm32.7-2018-q2-update.win32_1.0.0.201904181610/tools/bin/../lib/gcc/arm-none-eabi/7.3.1/../../../../arm-none-eabi/lib/thumb/v7e-m/fpv4-sp/hard\libc_nano.a(lib_a-calloc.o)
                              Core/Src/main.o (calloc)
c:/st/stm32cubeide_1.2.0/stm32cubeide/plugins/com.st.stm32cube.ide.mcu.externaltools.gnu-tools-for-stm32.7-2018-q2-update.win32_1.0.0.201904181610/tools/bin/../lib/gcc/arm-none-eabi/7.3.1/../../../../arm-none-eabi/lib/thumb/v7e-m/fpv4-sp/hard\libc_nano.a(lib_a-errno.o)
                              Core/Src/syscalls.o (__errno)
c:/st/stm32cubeide_1.2.0/stm32cubeide/plugins/com.st.stm32cube.ide.mcu.externaltools.gnu-tools-for-stm32.7-2018-q2-update.win32_1.0.0.201904181610/tools/bin/../lib/gcc/arm-none-eabi/7.3.1/../../../../arm-none-eabi/lib/thumb/v7e-m/fpv4-sp/hard\libc_nano.a(lib_a-exit.o)
                              c:/st/stm32cubeide_1.2.0/stm32cubeide/plugins/com.st.stm32cube.ide.mcu.externaltools.gnu-tools-for-stm32.7-2018-q2-update.win32_1.0.0.201904181610/tools/bin/../lib/gcc/arm-none-eabi/7.3.1/../../../../arm-none-eabi/lib/thumb/v7e-m/fpv4-sp/hard/crt0.o (exit)
c:/st/stm32cubeide_1.2.0/stm32cubeide/plugins/com.st.stm32cube.ide.mcu.externaltools.gnu-tools-for-stm32.7-2018-q2-update.win32_1.0.0.201904181610/tools/bin/../lib/gcc/arm-none-eabi/7.3.1/../../../../arm-none-eabi/lib/thumb/v7e-m/fpv4-sp/hard\libc_nano.a(lib_a-impure.o)
                              c:/st/stm32cubeide_1.2.0/stm32cubeide/plugins/com.st.stm32cube.ide.mcu.externaltools.gnu-tools-for-stm32.7-2018-q2-update.win32_1.0.0.201904181610/tools/bin/../lib/gcc/arm-none-eabi/7.3.1/../../../../arm-none-eabi/lib/thumb/v7e-m/fpv4-sp/hard\libc_nano.a(lib_a-exit.o) (_global_impure_ptr)
c:/st/stm32cubeide_1.2.0/stm32cubeide/plugins/com.st.stm32cube.ide.mcu.externaltools.gnu-tools-for-stm32.7-2018-q2-update.win32_1.0.0.201904181610/tools/bin/../lib/gcc/arm-none-eabi/7.3.1/../../../../arm-none-eabi/lib/thumb/v7e-m/fpv4-sp/hard\libc_nano.a(lib_a-init.o)
[...]
Memory Configuration

Name             Origin             Length             Attributes
RAM              0x0000000020000000 0x0000000000018000 xrw
RAM2             0x0000000010000000 0x0000000000008000 xrw
FLASH            0x0000000008000000 0x0000000000100000 xr
*default*        0x0000000000000000 0xffffffffffffffff

Linker script and memory map

LOAD c:/st/stm32cubeide_1.2.0/stm32cubeide/plugins/com.st.stm32cube.ide.mcu.externaltools.gnu-tools-for-stm32.7-2018-q2-update.win32_1.0.0.201904181610/tools/bin/../lib/gcc/arm-none-eabi/7.3.1/thumb/v7e-m/fpv4-sp/hard/crti.o
LOAD c:/st/stm32cubeide_1.2.0/stm32cubeide/plugins/com.st.stm32cube.ide.mcu.externaltools.gnu-tools-for-stm32.7-2018-q2-update.win32_1.0.0.201904181610/tools/bin/../lib/gcc/arm-none-eabi/7.3.1/thumb/v7e-m/fpv4-sp/hard/crtbegin.o
LOAD c:/st/stm32cubeide_1.2.0/stm32cubeide/plugins/com.st.stm32cube.ide.mcu.externaltools.gnu-tools-for-stm32.7-2018-q2-update.win32_1.0.0.201904181610/tools/bin/../lib/gcc/arm-none-eabi/7.3.1/../../../../arm-none-eabi/lib/thumb/v7e-m/fpv4-sp/hard/crt0.o
LOAD Core/Src/CycleCounter.o
LOAD Core/Src/main.o
LOAD Core/Src/stm32l4xx_hal_msp.o
LOAD Core/Src/stm32l4xx_it.o
LOAD Core/Src/syscalls.o
LOAD Core/Src/sysmem.o
LOAD Core/Src/system_stm32l4xx.o
LOAD Core/Src/nnom/nnom.o
LOAD Core/Src/nnom/nnom_activation.o
LOAD Core/Src/nnom/nnom_avgpool.o
LOAD Core/Src/nnom/nnom_baselayer.o
LOAD Core/Src/nnom/nnom_concat.o
LOAD Core/Src/nnom/nnom_conv2d.o
LOAD Core/Src/nnom/nnom_cropping.o
LOAD Core/Src/nnom/nnom_dense.o
LOAD Core/Src/nnom/nnom_dw_conv2d.o
LOAD Core/Src/nnom/nnom_flatten.o
LOAD Core/Src/nnom/nnom_global_pool.o
LOAD Core/Src/nnom/nnom_input.o
LOAD Core/Src/nnom/nnom_lambda.o
LOAD Core/Src/nnom/nnom_layers.o
LOAD Core/Src/nnom/nnom_local.o
LOAD Core/Src/nnom/nnom_matrix.o
LOAD Core/Src/nnom/nnom_maxpool.o
LOAD Core/Src/nnom/nnom_output.o
LOAD Core/Src/nnom/nnom_rnn.o
LOAD Core/Src/nnom/nnom_softmax.o
LOAD Core/Src/nnom/nnom_sumpool.o
LOAD Core/Src/nnom/nnom_tensor.o
LOAD Core/Src/nnom/nnom_upsample.o
LOAD Core/Src/nnom/nnom_utils.o
LOAD Core/Src/nnom/nnom_zero_padding.o
LOAD Core/Startup/startup_stm32l475vgtx.o
LOAD Drivers/STM32L4xx_HAL_Driver/Src/stm32l4xx_hal.o
LOAD Drivers/STM32L4xx_HAL_Driver/Src/stm32l4xx_hal_cortex.o
LOAD Drivers/STM32L4xx_HAL_Driver/Src/stm32l4xx_hal_dma.o
LOAD Drivers/STM32L4xx_HAL_Driver/Src/stm32l4xx_hal_dma_ex.o
LOAD Drivers/STM32L4xx_HAL_Driver/Src/stm32l4xx_hal_exti.o
LOAD Drivers/STM32L4xx_HAL_Driver/Src/stm32l4xx_hal_flash.o
LOAD Drivers/STM32L4xx_HAL_Driver/Src/stm32l4xx_hal_flash_ex.o
LOAD Drivers/STM32L4xx_HAL_Driver/Src/stm32l4xx_hal_flash_ramfunc.o
LOAD Drivers/STM32L4xx_HAL_Driver/Src/stm32l4xx_hal_gpio.o
LOAD Drivers/STM32L4xx_HAL_Driver/Src/stm32l4xx_hal_i2c.o
LOAD Drivers/STM32L4xx_HAL_Driver/Src/stm32l4xx_hal_i2c_ex.o
LOAD Drivers/STM32L4xx_HAL_Driver/Src/stm32l4xx_hal_pwr.o
LOAD Drivers/STM32L4xx_HAL_Driver/Src/stm32l4xx_hal_pwr_ex.o
LOAD Drivers/STM32L4xx_HAL_Driver/Src/stm32l4xx_hal_rcc.o
LOAD Drivers/STM32L4xx_HAL_Driver/Src/stm32l4xx_hal_rcc_ex.o
LOAD Drivers/STM32L4xx_HAL_Driver/Src/stm32l4xx_hal_tim.o
LOAD Drivers/STM32L4xx_HAL_Driver/Src/stm32l4xx_hal_tim_ex.o
LOAD Drivers/STM32L4xx_HAL_Driver/Src/stm32l4xx_hal_usart.o
LOAD Drivers/STM32L4xx_HAL_Driver/Src/stm32l4xx_hal_usart_ex.o
LOAD .././Libs\libarm_cortexM4lf_nn.a
START GROUP
LOAD c:/st/stm32cubeide_1.2.0/stm32cubeide/plugins/com.st.stm32cube.ide.mcu.externaltools.gnu-tools-for-stm32.7-2018-q2-update.win32_1.0.0.201904181610/tools/bin/../lib/gcc/arm-none-eabi/7.3.1/../../../../arm-none-eabi/lib/thumb/v7e-m/fpv4-sp/hard\libc_nano.a
LOAD c:/st/stm32cubeide_1.2.0/stm32cubeide/plugins/com.st.stm32cube.ide.mcu.externaltools.gnu-tools-for-stm32.7-2018-q2-update.win32_1.0.0.201904181610/tools/bin/../lib/gcc/arm-none-eabi/7.3.1/../../../../arm-none-eabi/lib/thumb/v7e-m/fpv4-sp/hard\libm.a
END GROUP
START GROUP
LOAD c:/st/stm32cubeide_1.2.0/stm32cubeide/plugins/com.st.stm32cube.ide.mcu.externaltools.gnu-tools-for-stm32.7-2018-q2-update.win32_1.0.0.201904181610/tools/bin/../lib/gcc/arm-none-eabi/7.3.1/thumb/v7e-m/fpv4-sp/hard\libgcc.a
LOAD c:/st/stm32cubeide_1.2.0/stm32cubeide/plugins/com.st.stm32cube.ide.mcu.externaltools.gnu-tools-for-stm32.7-2018-q2-update.win32_1.0.0.201904181610/tools/bin/../lib/gcc/arm-none-eabi/7.3.1/../../../../arm-none-eabi/lib/thumb/v7e-m/fpv4-sp/hard\libc_nano.a
END GROUP
START GROUP
LOAD c:/st/stm32cubeide_1.2.0/stm32cubeide/plugins/com.st.stm32cube.ide.mcu.externaltools.gnu-tools-for-stm32.7-2018-q2-update.win32_1.0.0.201904181610/tools/bin/../lib/gcc/arm-none-eabi/7.3.1/thumb/v7e-m/fpv4-sp/hard\libgcc.a
LOAD c:/st/stm32cubeide_1.2.0/stm32cubeide/plugins/com.st.stm32cube.ide.mcu.externaltools.gnu-tools-for-stm32.7-2018-q2-update.win32_1.0.0.201904181610/tools/bin/../lib/gcc/arm-none-eabi/7.3.1/../../../../arm-none-eabi/lib/thumb/v7e-m/fpv4-sp/hard\libc_nano.a
LOAD c:/st/stm32cubeide_1.2.0/stm32cubeide/plugins/com.st.stm32cube.ide.mcu.externaltools.gnu-tools-for-stm32.7-2018-q2-update.win32_1.0.0.201904181610/tools/bin/../lib/gcc/arm-none-eabi/7.3.1/../../../../arm-none-eabi/lib/thumb/v7e-m/fpv4-sp/hard\libnosys.a
END GROUP
START GROUP
LOAD c:/st/stm32cubeide_1.2.0/stm32cubeide/plugins/com.st.stm32cube.ide.mcu.externaltools.gnu-tools-for-stm32.7-2018-q2-update.win32_1.0.0.201904181610/tools/bin/../lib/gcc/arm-none-eabi/7.3.1/thumb/v7e-m/fpv4-sp/hard\libgcc.a
LOAD c:/st/stm32cubeide_1.2.0/stm32cubeide/plugins/com.st.stm32cube.ide.mcu.externaltools.gnu-tools-for-stm32.7-2018-q2-update.win32_1.0.0.201904181610/tools/bin/../lib/gcc/arm-none-eabi/7.3.1/../../../../arm-none-eabi/lib/thumb/v7e-m/fpv4-sp/hard\libc_nano.a
LOAD c:/st/stm32cubeide_1.2.0/stm32cubeide/plugins/com.st.stm32cube.ide.mcu.externaltools.gnu-tools-for-stm32.7-2018-q2-update.win32_1.0.0.201904181610/tools/bin/../lib/gcc/arm-none-eabi/7.3.1/../../../../arm-none-eabi/lib/thumb/v7e-m/fpv4-sp/hard\libnosys.a
END GROUP
LOAD c:/st/stm32cubeide_1.2.0/stm32cubeide/plugins/com.st.stm32cube.ide.mcu.externaltools.gnu-tools-for-stm32.7-2018-q2-update.win32_1.0.0.201904181610/tools/bin/../lib/gcc/arm-none-eabi/7.3.1/thumb/v7e-m/fpv4-sp/hard/crtend.o
LOAD c:/st/stm32cubeide_1.2.0/stm32cubeide/plugins/com.st.stm32cube.ide.mcu.externaltools.gnu-tools-for-stm32.7-2018-q2-update.win32_1.0.0.201904181610/tools/bin/../lib/gcc/arm-none-eabi/7.3.1/thumb/v7e-m/fpv4-sp/hard/crtn.o
                0x0000000020018000                _estack = (ORIGIN (RAM) + LENGTH (RAM))
                0x0000000000000200                _Min_Heap_Size = 0x200
                0x0000000000000400                _Min_Stack_Size = 0x400

.isr_vector     0x0000000008000000      0x188
                0x0000000008000000                . = ALIGN (0x4)
 *(.isr_vector)
 .isr_vector    0x0000000008000000      0x188 Core/Startup/startup_stm32l475vgtx.o
                0x0000000008000000                g_pfnVectors
                0x0000000008000188                . = ALIGN (0x4)

.text           0x0000000008000190     0xadc0
                0x0000000008000190                . = ALIGN (0x4)
 *(.text)
 .text          0x0000000008000190       0x40 c:/st/stm32cubeide_1.2.0/stm32cubeide/plugins/com.st.stm32cube.ide.mcu.externaltools.gnu-tools-for-stm32.7-2018-q2-update.win32_1.0.0.201904181610/tools/bin/../lib/gcc/arm-none-eabi/7.3.1/thumb/v7e-m/fpv4-sp/hard/crtbegin.o
 .text          0x00000000080001d0       0x6c .././Libs\libarm_cortexM4lf_nn.a(arm_relu_q7.o)
                0x00000000080001d0                arm_relu_q7
 .text          0x000000000800023c      0x190 .././Libs\libarm_cortexM4lf_nn.a(arm_convolve_1x1_HWC_q7_fast_nonsquare.o)
                0x000000000800023c                arm_convolve_1x1_HWC_q7_fast_nonsquare
 .text          0x00000000080003cc      0x2cc .././Libs\libarm_cortexM4lf_nn.a(arm_convolve_HWC_q7_RGB.o)
                0x00000000080003cc                arm_convolve_HWC_q7_RGB
 .text          0x0000000008000698      0x290 .././Libs\libarm_cortexM4lf_nn.a(arm_convolve_HWC_q7_basic.o)
                0x0000000008000698                arm_convolve_HWC_q7_basic
 .text          0x0000000008000928      0x2b0 .././Libs\libarm_cortexM4lf_nn.a(arm_convolve_HWC_q7_basic_nonsquare.o)
                0x0000000008000928                arm_convolve_HWC_q7_basic_nonsquare
 .text          0x0000000008000bd8      0x72c .././Libs\libarm_cortexM4lf_nn.a(arm_convolve_HWC_q7_fast.o)
                0x0000000008000bd8                arm_convolve_HWC_q7_fast
 .text          0x0000000008001304      0x778 .././Libs\libarm_cortexM4lf_nn.a(arm_convolve_HWC_q7_fast_nonsquare.o)
                0x0000000008001304                arm_convolve_HWC_q7_fast_nonsquare
 .text          0x0000000008001a7c      0x314 .././Libs\libarm_cortexM4lf_nn.a(arm_nn_mat_mult_kernel_q7_q15.o)
                0x0000000008001a7c                arm_nn_mat_mult_kernel_q7_q15
 .text          0x0000000008001d90      0x1d8 .././Libs\libarm_cortexM4lf_nn.a(arm_nn_mat_mult_kernel_q7_q15_reordered.o)
                0x0000000008001d90                arm_nn_mat_mult_kernel_q7_q15_reordered
 .text          0x0000000008001f68      0x270 .././Libs\libarm_cortexM4lf_nn.a(arm_fully_connected_q7_opt.o)
                0x0000000008001f68                arm_fully_connected_q7_opt
 .text          0x00000000080021d8       0x70 .././Libs\libarm_cortexM4lf_nn.a(arm_q7_to_q15_no_shift.o)
                0x00000000080021d8                arm_q7_to_q15_no_shift
 .text          0x0000000008002248       0x5c .././Libs\libarm_cortexM4lf_nn.a(arm_q7_to_q15_reordered_no_shift.o)
                0x0000000008002248                arm_q7_to_q15_reordered_no_shift
 .text          0x00000000080022a4      0x5fc .././Libs\libarm_cortexM4lf_nn.a(arm_pool_q7_HWC.o)
                0x00000000080022a4                arm_maxpool_q7_HWC
                0x0000000008002560                arm_avepool_q7_HWC
 .text          0x00000000080028a0      0x1fc .././Libs\libarm_cortexM4lf_nn.a(arm_softmax_q7.o)
                0x00000000080028a0                arm_softmax_q7
 .text          0x0000000008002a9c       0x10 c:/st/stm32cubeide_1.2.0/stm32cubeide/plugins/com.st.stm32cube.ide.mcu.externaltools.gnu-tools-for-stm32.7-2018-q2-update.win32_1.0.0.201904181610/tools/bin/../lib/gcc/arm-none-eabi/7.3.1/../../../../arm-none-eabi/lib/thumb/v7e-m/fpv4-sp/hard\libc_nano.a(lib_a-strlen.o)
                0x0000000008002a9c                strlen
 *fill*         0x0000000008002aac        0x4 
 .text          0x0000000008002ab0       0xa0 c:/st/stm32cubeide_1.2.0/stm32cubeide/plugins/com.st.stm32cube.ide.mcu.externaltools.gnu-tools-for-stm32.7-2018-q2-update.win32_1.0.0.201904181610/tools/bin/../lib/gcc/arm-none-eabi/7.3.1/../../../../arm-none-eabi/lib/thumb/v7e-m/fpv4-sp/hard\libc_nano.a(lib_a-memchr.o)
                0x0000000008002ab0                memchr
 .text          0x0000000008002b50      0x378 c:/st/stm32cubeide_1.2.0/stm32cubeide/plugins/com.st.stm32cube.ide.mcu.externaltools.gnu-tools-for-stm32.7-2018-q2-update.win32_1.0.0.201904181610/tools/bin/../lib/gcc/arm-none-eabi/7.3.1/thumb/v7e-m/fpv4-sp/hard\libgcc.a(_arm_addsubdf3.o)
                0x0000000008002b50                __aeabi_drsub
                0x0000000008002b58                __aeabi_dsub
                0x0000000008002b58                __subdf3
                0x0000000008002b5c                __aeabi_dadd
                0x0000000008002b5c                __adddf3
                0x0000000008002dd4                __floatunsidf
                0x0000000008002dd4                __aeabi_ui2d
                0x0000000008002df4                __floatsidf
                0x0000000008002df4                __aeabi_i2d
                0x0000000008002e18                __aeabi_f2d
                0x0000000008002e18                __extendsfdf2
                0x0000000008002e5c                __floatundidf
                0x0000000008002e5c                __aeabi_ul2d
                0x0000000008002e6c                __floatdidf
                0x0000000008002e6c                __aeabi_l2d
 .text          0x0000000008002ec8      0x424 c:/st/stm32cubeide_1.2.0/stm32cubeide/plugins/com.st.stm32cube.ide.mcu.externaltools.gnu-tools-for-stm32.7-2018-q2-update.win32_1.0.0.201904181610/tools/bin/../lib/gcc/arm-none-eabi/7.3.1/thumb/v7e-m/fpv4-sp/hard\libgcc.a(_arm_muldivdf3.o)
                0x0000000008002ec8                __aeabi_dmul
                0x0000000008002ec8                __muldf3
                0x000000000800311c                __divdf3
                0x000000000800311c                __aeabi_ddiv
 .text          0x00000000080032ec      0x110 c:/st/stm32cubeide_1.2.0/stm32cubeide/plugins/com.st.stm32cube.ide.mcu.externaltools.gnu-tools-for-stm32.7-2018-q2-update.win32_1.0.0.201904181610/tools/bin/../lib/gcc/arm-none-eabi/7.3.1/thumb/v7e-m/fpv4-sp/hard\libgcc.a(_arm_cmpdf2.o)
                0x00000000080032ec                __gtdf2
                0x00000000080032ec                __gedf2
                0x00000000080032f4                __ltdf2
                0x00000000080032f4                __ledf2
                0x00000000080032fc                __nedf2
                0x00000000080032fc                __eqdf2
                0x00000000080032fc                __cmpdf2
                0x0000000008003378                __aeabi_cdrcmple
                0x0000000008003388                __aeabi_cdcmpeq
                0x0000000008003388                __aeabi_cdcmple
                0x0000000008003398                __aeabi_dcmpeq
                0x00000000080033ac                __aeabi_dcmplt
                0x00000000080033c0                __aeabi_dcmple
                0x00000000080033d4                __aeabi_dcmpge
                0x00000000080033e8                __aeabi_dcmpgt
 .text          0x00000000080033fc       0x2c c:/st/stm32cubeide_1.2.0/stm32cubeide/plugins/com.st.stm32cube.ide.mcu.externaltools.gnu-tools-for-stm32.7-2018-q2-update.win32_1.0.0.201904181610/tools/bin/../lib/gcc/arm-none-eabi/7.3.1/thumb/v7e-m/fpv4-sp/hard\libgcc.a(_arm_unorddf2.o)
                0x00000000080033fc                __unorddf2
                0x00000000080033fc                __aeabi_dcmpun
 .text          0x0000000008003428       0x50 c:/st/stm32cubeide_1.2.0/stm32cubeide/plugins/com.st.stm32cube.ide.mcu.externaltools.gnu-tools-for-stm32.7-2018-q2-update.win32_1.0.0.201904181610/tools/bin/../lib/gcc/arm-none-eabi/7.3.1/thumb/v7e-m/fpv4-sp/hard\libgcc.a(_arm_fixdfsi.o)
                0x0000000008003428                __aeabi_d2iz
                0x0000000008003428                __fixdfsi
 *(.text*)
 .text.ResetTimer
                0x0000000008003478       0x58 Core/Src/CycleCounter.o
                0x0000000008003478                ResetTimer
 .text.StartTimer
                0x00000000080034d0       0x24 Core/Src/CycleCounter.o
                0x00000000080034d0                StartTimer
 .text.StopTimer
                0x00000000080034f4       0x20 Core/Src/CycleCounter.o
                0x00000000080034f4                StopTimer
 .text.getCycles
                0x0000000008003514       0x18 Core/Src/CycleCounter.o
                0x0000000008003514                getCycles
 .text.nnom_model_create
                0x000000000800352c      0x2c8 Core/Src/main.o
 .text.__io_putchar
                0x00000000080037f4       0x2c Core/Src/main.o
                0x00000000080037f4                __io_putchar
 .text.__io_getchar
                0x0000000008003820       0x30 Core/Src/main.o
                0x0000000008003820                __io_getchar
 .text.main     0x0000000008003850       0x98 Core/Src/main.o
                0x0000000008003850                main
 .text.SystemClock_Config
                0x00000000080038e8       0xca Core/Src/main.o
                0x00000000080038e8                SystemClock_Config
 *fill*         0x00000000080039b2        0x2 
 .text.MX_USART1_Init
                0x00000000080039b4       0x58 Core/Src/main.o
 .text.MX_GPIO_Init
                0x0000000008003a0c       0x30 Core/Src/main.o
 .text.Error_Handler
                0x0000000008003a3c        0xe Core/Src/main.o
                0x0000000008003a3c                Error_Handler
 *fill*         0x0000000008003a4a        0x2 
 .text.HAL_MspInit
                0x0000000008003a4c       0x48 Core/Src/stm32l4xx_hal_msp.o
                0x0000000008003a4c                HAL_MspInit
 .text.HAL_USART_MspInit
                0x0000000008003a94       0x88 Core/Src/stm32l4xx_hal_msp.o
                0x0000000008003a94                HAL_USART_MspInit
 .text.NMI_Handler
                0x0000000008003b1c        0xe Core/Src/stm32l4xx_it.o
                0x0000000008003b1c                NMI_Handler
 .text.HardFault_Handler
                0x0000000008003b2a        0x6 Core/Src/stm32l4xx_it.o
                0x0000000008003b2a                HardFault_Handler
 .text.MemManage_Handler
                0x0000000008003b30        0x6 Core/Src/stm32l4xx_it.o
                0x0000000008003b30                MemManage_Handler
 .text.BusFault_Handler
                0x0000000008003b36        0x6 Core/Src/stm32l4xx_it.o
                0x0000000008003b36                BusFault_Handler
 .text.UsageFault_Handler
                0x0000000008003b3c        0x6 Core/Src/stm32l4xx_it.o
                0x0000000008003b3c                UsageFault_Handler
 .text.SVC_Handler
                0x0000000008003b42        0xe Core/Src/stm32l4xx_it.o
                0x0000000008003b42                SVC_Handler
 .text.DebugMon_Handler
                0x0000000008003b50        0xe Core/Src/stm32l4xx_it.o
                0x0000000008003b50                DebugMon_Handler
 .text.PendSV_Handler
                0x0000000008003b5e        0xe Core/Src/stm32l4xx_it.o
                0x0000000008003b5e                PendSV_Handler
 .text.SysTick_Handler
                0x0000000008003b6c        0xc Core/Src/stm32l4xx_it.o
                0x0000000008003b6c                SysTick_Handler
 .text._read    0x0000000008003b78       0x3a Core/Src/syscalls.o
                0x0000000008003b78                _read
 .text._write   0x0000000008003bb2       0x38 Core/Src/syscalls.o
                0x0000000008003bb2                _write
 .text._close   0x0000000008003bea       0x18 Core/Src/syscalls.o
                0x0000000008003bea                _close
 .text._fstat   0x0000000008003c02       0x20 Core/Src/syscalls.o
                0x0000000008003c02                _fstat
 .text._isatty  0x0000000008003c22       0x16 Core/Src/syscalls.o
                0x0000000008003c22                _isatty
 .text._lseek   0x0000000008003c38       0x1a Core/Src/syscalls.o
                0x0000000008003c38                _lseek
 *fill*         0x0000000008003c52        0x2 
 .text._sbrk    0x0000000008003c54       0x58 Core/Src/sysmem.o
                0x0000000008003c54                _sbrk
 .text.SystemInit
                0x0000000008003cac       0x6c Core/Src/system_stm32l4xx.o
                0x0000000008003cac                SystemInit
 .text.nnom_mem
                0x0000000008003d18       0x48 Core/Src/nnom/nnom.o
                0x0000000008003d18                nnom_mem
 .text.io_mem_size
                0x0000000008003d60       0x3c Core/Src/nnom/nnom.o
 .text.nnom_alignto
                0x0000000008003d9c       0x4a Core/Src/nnom/nnom.o
                0x0000000008003d9c                nnom_alignto
 .text.find_last
                0x0000000008003de6       0x34 Core/Src/nnom/nnom.o
 .text.find_index
                0x0000000008003e1a       0x4c Core/Src/nnom/nnom.o
 *fill*         0x0000000008003e66        0x2 
 .text.model_add
                0x0000000008003e68       0x64 Core/Src/nnom/nnom.o
 .text.allocate_hook
                0x0000000008003ecc       0x54 Core/Src/nnom/nnom.o
 .text.allocate_io
                0x0000000008003f20       0x5a Core/Src/nnom/nnom.o
 .text.model_hook
                0x0000000008003f7a       0x4a Core/Src/nnom/nnom.o
 .text.model_mergex
                0x0000000008003fc4       0x6e Core/Src/nnom/nnom.o
 .text.model_merge
                0x0000000008004032       0x22 Core/Src/nnom/nnom.o
 .text.model_active
                0x0000000008004054       0x1e Core/Src/nnom/nnom.o
 *fill*         0x0000000008004072        0x2 
 .text.new_model
                0x0000000008004074       0x74 Core/Src/nnom/nnom.o
                0x0000000008004074                new_model
 .text.allocate_block
                0x00000000080040e8       0x58 Core/Src/nnom/nnom.o
 .text.release_block
                0x0000000008004140       0x36 Core/Src/nnom/nnom.o
 .text.release_input_mem
                0x0000000008004176       0x2e Core/Src/nnom/nnom.o
 .text.release_comp_mem
                0x00000000080041a4       0x24 Core/Src/nnom/nnom.o
 .text.nnom_hook_length
                0x00000000080041c8       0x36 Core/Src/nnom/nnom.o
                0x00000000080041c8                nnom_hook_length
 .text.layer_shortcut_find_last
                0x00000000080041fe       0x32 Core/Src/nnom/nnom.o
 .text.layer_shortcut_add
                0x0000000008004230       0x4a Core/Src/nnom/nnom.o
 *fill*         0x000000000800427a        0x2 
 .text.print_layer_info
                0x000000000800427c      0x1ec Core/Src/nnom/nnom.o
 .text.print_memory_block_info
                0x0000000008004468       0x84 Core/Src/nnom/nnom.o
 .text.compile_layers
                0x00000000080044ec      0x38c Core/Src/nnom/nnom.o
                0x00000000080044ec                compile_layers
 .text.mem_analysis_result
                0x0000000008004878       0x78 Core/Src/nnom/nnom.o
                0x0000000008004878                mem_analysis_result
 .text.block_mem_set
                0x00000000080048f0       0x78 Core/Src/nnom/nnom.o
                0x00000000080048f0                block_mem_set
 .text.tensor_mem_set
                0x0000000008004968       0x6a Core/Src/nnom/nnom.o
                0x0000000008004968                tensor_mem_set
 *fill*         0x00000000080049d2        0x2 
 .text.set_tailed_activation
                0x00000000080049d4       0xb0 Core/Src/nnom/nnom.o
                0x00000000080049d4                set_tailed_activation
 .text.model_set_ops
                0x0000000008004a84       0x6a Core/Src/nnom/nnom.o
 *fill*         0x0000000008004aee        0x2 
 .text.model_compile
                0x0000000008004af0      0x12c Core/Src/nnom/nnom.o
                0x0000000008004af0                model_compile
 .text.layer_run
                0x0000000008004c1c       0x58 Core/Src/nnom/nnom.o
                0x0000000008004c1c                layer_run
 .text.model_run_to
                0x0000000008004c74       0xf0 Core/Src/nnom/nnom.o
                0x0000000008004c74                model_run_to
 .text.model_run
                0x0000000008004d64       0x1a Core/Src/nnom/nnom.o
                0x0000000008004d64                model_run
 .text.relu_run
                0x0000000008004d7e       0x24 Core/Src/nnom/nnom_activation.o
 *fill*         0x0000000008004da2        0x2 
 .text.act_relu
                0x0000000008004da4       0x28 Core/Src/nnom/nnom_activation.o
                0x0000000008004da4                act_relu
 .text.default_build
                0x0000000008004dcc       0x4e Core/Src/nnom/nnom_baselayer.o
                0x0000000008004dcc                default_build
 *fill*         0x0000000008004e1a        0x2 
 .text.Conv2D   0x0000000008004e1c      0x128 Core/Src/nnom/nnom_conv2d.o
                0x0000000008004e1c                Conv2D
 .text.conv2d_build
                0x0000000008004f44      0x1aa Core/Src/nnom/nnom_conv2d.o
                0x0000000008004f44                conv2d_build
 .text.conv2d_run
                0x00000000080050ee      0x5a6 Core/Src/nnom/nnom_conv2d.o
                0x00000000080050ee                conv2d_run
 .text.Dense    0x0000000008005694       0xb8 Core/Src/nnom/nnom_dense.o
                0x0000000008005694                Dense
 .text.dense_build
                0x000000000800574c       0xa4 Core/Src/nnom/nnom_dense.o
                0x000000000800574c                dense_build
 .text.dense_run
                0x00000000080057f0       0x88 Core/Src/nnom/nnom_dense.o
                0x00000000080057f0                dense_run
 .text.Input    0x0000000008005878       0xd8 Core/Src/nnom/nnom_input.o
                0x0000000008005878                Input
 .text.input_build
                0x0000000008005950       0x40 Core/Src/nnom/nnom_input.o
                0x0000000008005950                input_build
 .text.input_run
                0x0000000008005990       0x3a Core/Src/nnom/nnom_input.o
                0x0000000008005990                input_run
 .text.shape_size
                0x00000000080059ca       0x34 Core/Src/nnom/nnom_layers.o
                0x00000000080059ca                shape_size
 .text.shape    0x00000000080059fe       0x3c Core/Src/nnom/nnom_layers.o
                0x00000000080059fe                shape
 .text.kernel   0x0000000008005a3a       0x20 Core/Src/nnom/nnom_layers.o
                0x0000000008005a3a                kernel
 .text.stride   0x0000000008005a5a       0x20 Core/Src/nnom/nnom_layers.o
                0x0000000008005a5a                stride
 .text.io_init  0x0000000008005a7a       0x1e Core/Src/nnom/nnom_layers.o
                0x0000000008005a7a                io_init
 .text.local_maxpool_q7_HWC
                0x0000000008005a98      0x1a0 Core/Src/nnom/nnom_local.o
                0x0000000008005a98                local_maxpool_q7_HWC
 .text.MaxPool  0x0000000008005c38      0x104 Core/Src/nnom/nnom_maxpool.o
                0x0000000008005c38                MaxPool
 .text.maxpooling_build
                0x0000000008005d3c      0x142 Core/Src/nnom/nnom_maxpool.o
                0x0000000008005d3c                maxpooling_build
 .text.maxpool_run
                0x0000000008005e7e      0x13c Core/Src/nnom/nnom_maxpool.o
                0x0000000008005e7e                maxpool_run
 *fill*         0x0000000008005fba        0x2 
 .text.Output   0x0000000008005fbc       0x4c Core/Src/nnom/nnom_output.o
                0x0000000008005fbc                Output
 .text.output_run
                0x0000000008006008       0x3a Core/Src/nnom/nnom_output.o
                0x0000000008006008                output_run
 *fill*         0x0000000008006042        0x2 
 .text.Softmax  0x0000000008006044       0x74 Core/Src/nnom/nnom_softmax.o
                0x0000000008006044                Softmax
 .text.softmax_run
                0x00000000080060b8       0x3a Core/Src/nnom/nnom_softmax.o
                0x00000000080060b8                softmax_run
 .text.tensor_size
                0x00000000080060f2       0x56 Core/Src/nnom/nnom_tensor.o
                0x00000000080060f2                tensor_size
 .text.new_tensor
                0x0000000008006148       0x42 Core/Src/nnom/nnom_tensor.o
                0x0000000008006148                new_tensor
 .text.tensor_set_attribuites
                0x000000000800618a       0x5a Core/Src/nnom/nnom_tensor.o
                0x000000000800618a                tensor_set_attribuites
 .text.tensor_cpy_attributes
                0x00000000080061e4       0x3c Core/Src/nnom/nnom_tensor.o
                0x00000000080061e4                tensor_cpy_attributes
 .text.nnom_predict
                0x0000000008006220      0x128 Core/Src/nnom/nnom_utils.o
                0x0000000008006220                nnom_predict
 .text.Reset_Handler
                0x0000000008006348       0x50 Core/Startup/startup_stm32l475vgtx.o
                0x0000000008006348                Reset_Handler
 .text.Default_Handler
                0x0000000008006398        0x2 Core/Startup/startup_stm32l475vgtx.o
                0x0000000008006398                RTC_Alarm_IRQHandler
                0x0000000008006398                EXTI2_IRQHandler
                0x0000000008006398                TIM8_TRG_COM_IRQHandler
                0x0000000008006398                TIM8_CC_IRQHandler
                0x0000000008006398                TIM1_CC_IRQHandler
                0x0000000008006398                TSC_IRQHandler
                0x0000000008006398                TAMP_STAMP_IRQHandler
                0x0000000008006398                EXTI3_IRQHandler
                0x0000000008006398                LPTIM2_IRQHandler
                0x0000000008006398                DFSDM1_FLT1_IRQHandler
                0x0000000008006398                I2C3_ER_IRQHandler
                0x0000000008006398                DFSDM1_FLT2_IRQHandler
                0x0000000008006398                EXTI0_IRQHandler
                0x0000000008006398                I2C2_EV_IRQHandler
                0x0000000008006398                CAN1_RX0_IRQHandler
                0x0000000008006398                FPU_IRQHandler
                0x0000000008006398                TIM1_UP_TIM16_IRQHandler
                0x0000000008006398                ADC1_2_IRQHandler
                0x0000000008006398                SPI1_IRQHandler
                0x0000000008006398                TIM6_DAC_IRQHandler
                0x0000000008006398                TIM8_UP_IRQHandler
                0x0000000008006398                DMA2_Channel2_IRQHandler
                0x0000000008006398                DMA1_Channel4_IRQHandler
                0x0000000008006398                SAI2_IRQHandler
                0x0000000008006398                DFSDM1_FLT3_IRQHandler
                0x0000000008006398                USART3_IRQHandler
                0x0000000008006398                DMA1_Channel7_IRQHandler
                0x0000000008006398                CAN1_RX1_IRQHandler
                0x0000000008006398                UART5_IRQHandler
                0x0000000008006398                ADC3_IRQHandler
                0x0000000008006398                TIM4_IRQHandler
                0x0000000008006398                DMA2_Channel1_IRQHandler
                0x0000000008006398                QUADSPI_IRQHandler
                0x0000000008006398                I2C1_EV_IRQHandler
                0x0000000008006398                DMA1_Channel6_IRQHandler
                0x0000000008006398                UART4_IRQHandler
                0x0000000008006398                DMA2_Channel4_IRQHandler
                0x0000000008006398                TIM3_IRQHandler
                0x0000000008006398                RCC_IRQHandler
                0x0000000008006398                DMA1_Channel1_IRQHandler
                0x0000000008006398                Default_Handler
                0x0000000008006398                DMA2_Channel7_IRQHandler
                0x0000000008006398                EXTI15_10_IRQHandler
                0x0000000008006398                TIM7_IRQHandler
                0x0000000008006398                SDMMC1_IRQHandler
                0x0000000008006398                TIM5_IRQHandler
                0x0000000008006398                I2C3_EV_IRQHandler
                0x0000000008006398                EXTI9_5_IRQHandler
                0x0000000008006398                RTC_WKUP_IRQHandler
                0x0000000008006398                PVD_PVM_IRQHandler
                0x0000000008006398                SPI2_IRQHandler
                0x0000000008006398                CAN1_TX_IRQHandler
                0x0000000008006398                DMA2_Channel5_IRQHandler
                0x0000000008006398                DMA1_Channel5_IRQHandler
                0x0000000008006398                EXTI4_IRQHandler
                0x0000000008006398                RNG_IRQHandler
                0x0000000008006398                TIM1_TRG_COM_TIM17_IRQHandler
                0x0000000008006398                DMA1_Channel3_IRQHandler
                0x0000000008006398                COMP_IRQHandler
                0x0000000008006398                WWDG_IRQHandler
                0x0000000008006398                LPUART1_IRQHandler
                0x0000000008006398                DMA2_Channel6_IRQHandler
                0x0000000008006398                TIM2_IRQHandler
                0x0000000008006398                EXTI1_IRQHandler
                0x0000000008006398                USART2_IRQHandler
                0x0000000008006398                DFSDM1_FLT0_IRQHandler
                0x0000000008006398                I2C2_ER_IRQHandler
                0x0000000008006398                DMA1_Channel2_IRQHandler
                0x0000000008006398                TIM8_BRK_IRQHandler
                0x0000000008006398                CAN1_SCE_IRQHandler
                0x0000000008006398                FLASH_IRQHandler
                0x0000000008006398                USART1_IRQHandler
                0x0000000008006398                OTG_FS_IRQHandler
                0x0000000008006398                SPI3_IRQHandler
                0x0000000008006398                I2C1_ER_IRQHandler
                0x0000000008006398                FMC_IRQHandler
                0x0000000008006398                SWPMI1_IRQHandler
                0x0000000008006398                LPTIM1_IRQHandler
                0x0000000008006398                SAI1_IRQHandler
                0x0000000008006398                DMA2_Channel3_IRQHandler
                0x0000000008006398                TIM1_BRK_TIM15_IRQHandler
 .text.HAL_Init
                0x000000000800639a       0x30 Drivers/STM32L4xx_HAL_Driver/Src/stm32l4xx_hal.o
                0x000000000800639a                HAL_Init
 *fill*         0x00000000080063ca        0x2 
 .text.HAL_InitTick
                0x00000000080063cc       0x74 Drivers/STM32L4xx_HAL_Driver/Src/stm32l4xx_hal.o
                0x00000000080063cc                HAL_InitTick
 .text.HAL_IncTick
                0x0000000008006440       0x24 Drivers/STM32L4xx_HAL_Driver/Src/stm32l4xx_hal.o
                0x0000000008006440                HAL_IncTick
 .text.HAL_GetTick
                0x0000000008006464       0x18 Drivers/STM32L4xx_HAL_Driver/Src/stm32l4xx_hal.o
                0x0000000008006464                HAL_GetTick
 .text.__NVIC_SetPriorityGrouping
                0x000000000800647c       0x48 Drivers/STM32L4xx_HAL_Driver/Src/stm32l4xx_hal_cortex.o
 .text.__NVIC_GetPriorityGrouping
                0x00000000080064c4       0x1c Drivers/STM32L4xx_HAL_Driver/Src/stm32l4xx_hal_cortex.o
 .text.__NVIC_SetPriority
                0x00000000080064e0       0x54 Drivers/STM32L4xx_HAL_Driver/Src/stm32l4xx_hal_cortex.o
 .text.NVIC_EncodePriority
                0x0000000008006534       0x66 Drivers/STM32L4xx_HAL_Driver/Src/stm32l4xx_hal_cortex.o
 *fill*         0x000000000800659a        0x2 
 .text.SysTick_Config
                0x000000000800659c       0x44 Drivers/STM32L4xx_HAL_Driver/Src/stm32l4xx_hal_cortex.o
 .text.HAL_NVIC_SetPriorityGrouping
                0x00000000080065e0       0x16 Drivers/STM32L4xx_HAL_Driver/Src/stm32l4xx_hal_cortex.o
                0x00000000080065e0                HAL_NVIC_SetPriorityGrouping
 .text.HAL_NVIC_SetPriority
                0x00000000080065f6       0x38 Drivers/STM32L4xx_HAL_Driver/Src/stm32l4xx_hal_cortex.o
                0x00000000080065f6                HAL_NVIC_SetPriority
 .text.HAL_SYSTICK_Config
                0x000000000800662e       0x18 Drivers/STM32L4xx_HAL_Driver/Src/stm32l4xx_hal_cortex.o
                0x000000000800662e                HAL_SYSTICK_Config
 *fill*         0x0000000008006646        0x2 
 .text.HAL_GPIO_Init
                0x0000000008006648      0x350 Drivers/STM32L4xx_HAL_Driver/Src/stm32l4xx_hal_gpio.o
                0x0000000008006648                HAL_GPIO_Init
 .text.HAL_PWREx_GetVoltageRange
                0x0000000008006998       0x1c Drivers/STM32L4xx_HAL_Driver/Src/stm32l4xx_hal_pwr_ex.o
                0x0000000008006998                HAL_PWREx_GetVoltageRange
 .text.HAL_PWREx_ControlVoltageScaling
                0x00000000080069b4       0xac Drivers/STM32L4xx_HAL_Driver/Src/stm32l4xx_hal_pwr_ex.o
                0x00000000080069b4                HAL_PWREx_ControlVoltageScaling
 .text.HAL_RCC_OscConfig
                0x0000000008006a60      0x7cc Drivers/STM32L4xx_HAL_Driver/Src/stm32l4xx_hal_rcc.o
                0x0000000008006a60                HAL_RCC_OscConfig
 .text.HAL_RCC_ClockConfig
                0x000000000800722c      0x1c4 Drivers/STM32L4xx_HAL_Driver/Src/stm32l4xx_hal_rcc.o
                0x000000000800722c                HAL_RCC_ClockConfig
 .text.HAL_RCC_GetSysClockFreq
                0x00000000080073f0      0x114 Drivers/STM32L4xx_HAL_Driver/Src/stm32l4xx_hal_rcc.o
                0x00000000080073f0                HAL_RCC_GetSysClockFreq
 .text.HAL_RCC_GetHCLKFreq
                0x0000000008007504       0x18 Drivers/STM32L4xx_HAL_Driver/Src/stm32l4xx_hal_rcc.o
                0x0000000008007504                HAL_RCC_GetHCLKFreq
 .text.HAL_RCC_GetPCLK1Freq
                0x000000000800751c       0x2c Drivers/STM32L4xx_HAL_Driver/Src/stm32l4xx_hal_rcc.o
                0x000000000800751c                HAL_RCC_GetPCLK1Freq
 .text.HAL_RCC_GetPCLK2Freq
                0x0000000008007548       0x2c Drivers/STM32L4xx_HAL_Driver/Src/stm32l4xx_hal_rcc.o
                0x0000000008007548                HAL_RCC_GetPCLK2Freq
 .text.RCC_SetFlashLatencyFromMSIRange
                0x0000000008007574       0xc0 Drivers/STM32L4xx_HAL_Driver/Src/stm32l4xx_hal_rcc.o
 .text.HAL_RCCEx_PeriphCLKConfig
                0x0000000008007634      0x5cc Drivers/STM32L4xx_HAL_Driver/Src/stm32l4xx_hal_rcc_ex.o
                0x0000000008007634                HAL_RCCEx_PeriphCLKConfig
 .text.RCCEx_PLLSAI1_Config
                0x0000000008007c00      0x1e0 Drivers/STM32L4xx_HAL_Driver/Src/stm32l4xx_hal_rcc_ex.o
 .text.RCCEx_PLLSAI2_Config
                0x0000000008007de0      0x1b4 Drivers/STM32L4xx_HAL_Driver/Src/stm32l4xx_hal_rcc_ex.o
 .text.HAL_USART_Init
                0x0000000008007f94       0x94 Drivers/STM32L4xx_HAL_Driver/Src/stm32l4xx_hal_usart.o
                0x0000000008007f94                HAL_USART_Init
 .text.HAL_USART_Transmit
                0x0000000008008028      0x15c Drivers/STM32L4xx_HAL_Driver/Src/stm32l4xx_hal_usart.o
                0x0000000008008028                HAL_USART_Transmit
 .text.HAL_USART_Receive
                0x0000000008008184      0x1aa Drivers/STM32L4xx_HAL_Driver/Src/stm32l4xx_hal_usart.o
                0x0000000008008184                HAL_USART_Receive
 .text.USART_WaitOnFlagUntilTimeout
                0x000000000800832e       0x6c Drivers/STM32L4xx_HAL_Driver/Src/stm32l4xx_hal_usart.o
 *fill*         0x000000000800839a        0x2 
 .text.USART_SetConfig
                0x000000000800839c      0x2b0 Drivers/STM32L4xx_HAL_Driver/Src/stm32l4xx_hal_usart.o
 .text.USART_CheckIdleState
                0x000000000800864c       0x86 Drivers/STM32L4xx_HAL_Driver/Src/stm32l4xx_hal_usart.o
 *fill*         0x00000000080086d2        0x2 
 .text.calloc   0x00000000080086d4       0x10 c:/st/stm32cubeide_1.2.0/stm32cubeide/plugins/com.st.stm32cube.ide.mcu.externaltools.gnu-tools-for-stm32.7-2018-q2-update.win32_1.0.0.201904181610/tools/bin/../lib/gcc/arm-none-eabi/7.3.1/../../../../arm-none-eabi/lib/thumb/v7e-m/fpv4-sp/hard\libc_nano.a(lib_a-calloc.o)
                0x00000000080086d4                calloc
 .text.__errno  0x00000000080086e4        0xc c:/st/stm32cubeide_1.2.0/stm32cubeide/plugins/com.st.stm32cube.ide.mcu.externaltools.gnu-tools-for-stm32.7-2018-q2-update.win32_1.0.0.201904181610/tools/bin/../lib/gcc/arm-none-eabi/7.3.1/../../../../arm-none-eabi/lib/thumb/v7e-m/fpv4-sp/hard\libc_nano.a(lib_a-errno.o)
                0x00000000080086e4                __errno
 .text.__libc_init_array
                0x00000000080086f0       0x48 c:/st/stm32cubeide_1.2.0/stm32cubeide/plugins/com.st.stm32cube.ide.mcu.externaltools.gnu-tools-for-stm32.7-2018-q2-update.win32_1.0.0.201904181610/tools/bin/../lib/gcc/arm-none-eabi/7.3.1/../../../../arm-none-eabi/lib/thumb/v7e-m/fpv4-sp/hard\libc_nano.a(lib_a-init.o)
                0x00000000080086f0                __libc_init_array
 .text.malloc   0x0000000008008738       0x10 c:/st/stm32cubeide_1.2.0/stm32cubeide/plugins/com.st.stm32cube.ide.mcu.externaltools.gnu-tools-for-stm32.7-2018-q2-update.win32_1.0.0.201904181610/tools/bin/../lib/gcc/arm-none-eabi/7.3.1/../../../../arm-none-eabi/lib/thumb/v7e-m/fpv4-sp/hard\libc_nano.a(lib_a-malloc.o)
                0x0000000008008738                malloc
 .text.free     0x0000000008008748       0x10 c:/st/stm32cubeide_1.2.0/stm32cubeide/plugins/com.st.stm32cube.ide.mcu.externaltools.gnu-tools-for-stm32.7-2018-q2-update.win32_1.0.0.201904181610/tools/bin/../lib/gcc/arm-none-eabi/7.3.1/../../../../arm-none-eabi/lib/thumb/v7e-m/fpv4-sp/hard\libc_nano.a(lib_a-malloc.o)
                0x0000000008008748                free
 .text.memcpy   0x0000000008008758       0x16 c:/st/stm32cubeide_1.2.0/stm32cubeide/plugins/com.st.stm32cube.ide.mcu.externaltools.gnu-tools-for-stm32.7-2018-q2-update.win32_1.0.0.201904181610/tools/bin/../lib/gcc/arm-none-eabi/7.3.1/../../../../arm-none-eabi/lib/thumb/v7e-m/fpv4-sp/hard\libc_nano.a(lib_a-memcpy-stub.o)
                0x0000000008008758                memcpy
 .text.memmove  0x000000000800876e       0x32 c:/st/stm32cubeide_1.2.0/stm32cubeide/plugins/com.st.stm32cube.ide.mcu.externaltools.gnu-tools-for-stm32.7-2018-q2-update.win32_1.0.0.201904181610/tools/bin/../lib/gcc/arm-none-eabi/7.3.1/../../../../arm-none-eabi/lib/thumb/v7e-m/fpv4-sp/hard\libc_nano.a(lib_a-memmove.o)
                0x000000000800876e                memmove
 .text.memset   0x00000000080087a0       0x10 c:/st/stm32cubeide_1.2.0/stm32cubeide/plugins/com.st.stm32cube.ide.mcu.externaltools.gnu-tools-for-stm32.7-2018-q2-update.win32_1.0.0.201904181610/tools/bin/../lib/gcc/arm-none-eabi/7.3.1/../../../../arm-none-eabi/lib/thumb/v7e-m/fpv4-sp/hard\libc_nano.a(lib_a-memset.o)
                0x00000000080087a0                memset
 .text._calloc_r
                0x00000000080087b0       0x1c c:/st/stm32cubeide_1.2.0/stm32cubeide/plugins/com.st.stm32cube.ide.mcu.externaltools.gnu-tools-for-stm32.7-2018-q2-update.win32_1.0.0.201904181610/tools/bin/../lib/gcc/arm-none-eabi/7.3.1/../../../../arm-none-eabi/lib/thumb/v7e-m/fpv4-sp/hard\libc_nano.a(lib_a-nano-callocr.o)
                0x00000000080087b0                _calloc_r
 .text._free_r  0x00000000080087cc       0x9c c:/st/stm32cubeide_1.2.0/stm32cubeide/plugins/com.st.stm32cube.ide.mcu.externaltools.gnu-tools-for-stm32.7-2018-q2-update.win32_1.0.0.201904181610/tools/bin/../lib/gcc/arm-none-eabi/7.3.1/../../../../arm-none-eabi/lib/thumb/v7e-m/fpv4-sp/hard\libc_nano.a(lib_a-nano-freer.o)
                0x00000000080087cc                _free_r
 .text._malloc_r
                0x0000000008008868       0xb4 c:/st/stm32cubeide_1.2.0/stm32cubeide/plugins/com.st.stm32cube.ide.mcu.externaltools.gnu-tools-for-stm32.7-2018-q2-update.win32_1.0.0.201904181610/tools/bin/../lib/gcc/arm-none-eabi/7.3.1/../../../../arm-none-eabi/lib/thumb/v7e-m/fpv4-sp/hard\libc_nano.a(lib_a-nano-mallocr.o)
                0x0000000008008868                _malloc_r
 .text.__cvt    0x000000000800891c       0xc2 c:/st/stm32cubeide_1.2.0/stm32cubeide/plugins/com.st.stm32cube.ide.mcu.externaltools.gnu-tools-for-stm32.7-2018-q2-update.win32_1.0.0.201904181610/tools/bin/../lib/gcc/arm-none-eabi/7.3.1/../../../../arm-none-eabi/lib/thumb/v7e-m/fpv4-sp/hard\libc_nano.a(lib_a-nano-vfprintf_float.o)
                0x000000000800891c                __cvt
 .text.__exponent
                0x00000000080089de       0x66 c:/st/stm32cubeide_1.2.0/stm32cubeide/plugins/com.st.stm32cube.ide.mcu.externaltools.gnu-tools-for-stm32.7-2018-q2-update.win32_1.0.0.201904181610/tools/bin/../lib/gcc/arm-none-eabi/7.3.1/../../../../arm-none-eabi/lib/thumb/v7e-m/fpv4-sp/hard\libc_nano.a(lib_a-nano-vfprintf_float.o)
                0x00000000080089de                __exponent
 .text._printf_float
                0x0000000008008a44      0x480 c:/st/stm32cubeide_1.2.0/stm32cubeide/plugins/com.st.stm32cube.ide.mcu.externaltools.gnu-tools-for-stm32.7-2018-q2-update.win32_1.0.0.201904181610/tools/bin/../lib/gcc/arm-none-eabi/7.3.1/../../../../arm-none-eabi/lib/thumb/v7e-m/fpv4-sp/hard\libc_nano.a(lib_a-nano-vfprintf_float.o)
                0x0000000008008a44                _printf_float
 .text._printf_common
                0x0000000008008ec4       0xea c:/st/stm32cubeide_1.2.0/stm32cubeide/plugins/com.st.stm32cube.ide.mcu.externaltools.gnu-tools-for-stm32.7-2018-q2-update.win32_1.0.0.201904181610/tools/bin/../lib/gcc/arm-none-eabi/7.3.1/../../../../arm-none-eabi/lib/thumb/v7e-m/fpv4-sp/hard\libc_nano.a(lib_a-nano-vfprintf_i.o)
                0x0000000008008ec4                _printf_common
 *fill*         0x0000000008008fae        0x2 
 .text._printf_i
                0x0000000008008fb0      0x224 c:/st/stm32cubeide_1.2.0/stm32cubeide/plugins/com.st.stm32cube.ide.mcu.externaltools.gnu-tools-for-stm32.7-2018-q2-update.win32_1.0.0.201904181610/tools/bin/../lib/gcc/arm-none-eabi/7.3.1/../../../../arm-none-eabi/lib/thumb/v7e-m/fpv4-sp/hard\libc_nano.a(lib_a-nano-vfprintf_i.o)
                0x0000000008008fb0                _printf_i
 .text.printf   0x00000000080091d4       0x30 c:/st/stm32cubeide_1.2.0/stm32cubeide/plugins/com.st.stm32cube.ide.mcu.externaltools.gnu-tools-for-stm32.7-2018-q2-update.win32_1.0.0.201904181610/tools/bin/../lib/gcc/arm-none-eabi/7.3.1/../../../../arm-none-eabi/lib/thumb/v7e-m/fpv4-sp/hard\libc_nano.a(lib_a-printf.o)
                0x00000000080091d4                iprintf
                0x00000000080091d4                printf
 .text.putchar  0x0000000008009204       0x28 c:/st/stm32cubeide_1.2.0/stm32cubeide/plugins/com.st.stm32cube.ide.mcu.externaltools.gnu-tools-for-stm32.7-2018-q2-update.win32_1.0.0.201904181610/tools/bin/../lib/gcc/arm-none-eabi/7.3.1/../../../../arm-none-eabi/lib/thumb/v7e-m/fpv4-sp/hard\libc_nano.a(lib_a-putchar.o)
                0x0000000008009204                putchar
 .text._puts_r  0x000000000800922c       0xb8 c:/st/stm32cubeide_1.2.0/stm32cubeide/plugins/com.st.stm32cube.ide.mcu.externaltools.gnu-tools-for-stm32.7-2018-q2-update.win32_1.0.0.201904181610/tools/bin/../lib/gcc/arm-none-eabi/7.3.1/../../../../arm-none-eabi/lib/thumb/v7e-m/fpv4-sp/hard\libc_nano.a(lib_a-puts.o)
                0x000000000800922c                _puts_r
 .text.puts     0x00000000080092e4       0x10 c:/st/stm32cubeide_1.2.0/stm32cubeide/plugins/com.st.stm32cube.ide.mcu.externaltools.gnu-tools-for-stm32.7-2018-q2-update.win32_1.0.0.201904181610/tools/bin/../lib/gcc/arm-none-eabi/7.3.1/../../../../arm-none-eabi/lib/thumb/v7e-m/fpv4-sp/hard\libc_nano.a(lib_a-puts.o)
                0x00000000080092e4                puts
 .text._sbrk_r  0x00000000080092f4       0x20 c:/st/stm32cubeide_1.2.0/stm32cubeide/plugins/com.st.stm32cube.ide.mcu.externaltools.gnu-tools-for-stm32.7-2018-q2-update.win32_1.0.0.201904181610/tools/bin/../lib/gcc/arm-none-eabi/7.3.1/../../../../arm-none-eabi/lib/thumb/v7e-m/fpv4-sp/hard\libc_nano.a(lib_a-sbrkr.o)
                0x00000000080092f4                _sbrk_r
 .text.__swbuf_r
                0x0000000008009314       0xa4 c:/st/stm32cubeide_1.2.0/stm32cubeide/plugins/com.st.stm32cube.ide.mcu.externaltools.gnu-tools-for-stm32.7-2018-q2-update.win32_1.0.0.201904181610/tools/bin/../lib/gcc/arm-none-eabi/7.3.1/../../../../arm-none-eabi/lib/thumb/v7e-m/fpv4-sp/hard\libc_nano.a(lib_a-wbuf.o)
                0x0000000008009314                __swbuf_r
 .text.__swsetup_r
                0x00000000080093b8       0xdc c:/st/stm32cubeide_1.2.0/stm32cubeide/plugins/com.st.stm32cube.ide.mcu.externaltools.gnu-tools-for-stm32.7-2018-q2-update.win32_1.0.0.201904181610/tools/bin/../lib/gcc/arm-none-eabi/7.3.1/../../../../arm-none-eabi/lib/thumb/v7e-m/fpv4-sp/hard\libc_nano.a(lib_a-wsetup.o)
                0x00000000080093b8                __swsetup_r
 .text.quorem   0x0000000008009494      0x118 c:/st/stm32cubeide_1.2.0/stm32cubeide/plugins/com.st.stm32cube.ide.mcu.externaltools.gnu-tools-for-stm32.7-2018-q2-update.win32_1.0.0.201904181610/tools/bin/../lib/gcc/arm-none-eabi/7.3.1/../../../../arm-none-eabi/lib/thumb/v7e-m/fpv4-sp/hard\libc_nano.a(lib_a-dtoa.o)
 *fill*         0x00000000080095ac        0x4 
 .text._dtoa_r  0x00000000080095b0      0xb70 c:/st/stm32cubeide_1.2.0/stm32cubeide/plugins/com.st.stm32cube.ide.mcu.externaltools.gnu-tools-for-stm32.7-2018-q2-update.win32_1.0.0.201904181610/tools/bin/../lib/gcc/arm-none-eabi/7.3.1/../../../../arm-none-eabi/lib/thumb/v7e-m/fpv4-sp/hard\libc_nano.a(lib_a-dtoa.o)
                0x00000000080095b0                _dtoa_r
 .text.__sflush_r
                0x000000000800a120      0x10c c:/st/stm32cubeide_1.2.0/stm32cubeide/plugins/com.st.stm32cube.ide.mcu.externaltools.gnu-tools-for-stm32.7-2018-q2-update.win32_1.0.0.201904181610/tools/bin/../lib/gcc/arm-none-eabi/7.3.1/../../../../arm-none-eabi/lib/thumb/v7e-m/fpv4-sp/hard\libc_nano.a(lib_a-fflush.o)
                0x000000000800a120                __sflush_r
 .text._fflush_r
                0x000000000800a22c       0x54 c:/st/stm32cubeide_1.2.0/stm32cubeide/plugins/com.st.stm32cube.ide.mcu.externaltools.gnu-tools-for-stm32.7-2018-q2-update.win32_1.0.0.201904181610/tools/bin/../lib/gcc/arm-none-eabi/7.3.1/../../../../arm-none-eabi/lib/thumb/v7e-m/fpv4-sp/hard\libc_nano.a(lib_a-fflush.o)
                0x000000000800a22c                _fflush_r
 .text.std      0x000000000800a280       0x48 c:/st/stm32cubeide_1.2.0/stm32cubeide/plugins/com.st.stm32cube.ide.mcu.externaltools.gnu-tools-for-stm32.7-2018-q2-update.win32_1.0.0.201904181610/tools/bin/../lib/gcc/arm-none-eabi/7.3.1/../../../../arm-none-eabi/lib/thumb/v7e-m/fpv4-sp/hard\libc_nano.a(lib_a-findfp.o)
 .text._cleanup_r
                0x000000000800a2c8        0xc c:/st/stm32cubeide_1.2.0/stm32cubeide/plugins/com.st.stm32cube.ide.mcu.externaltools.gnu-tools-for-stm32.7-2018-q2-update.win32_1.0.0.201904181610/tools/bin/../lib/gcc/arm-none-eabi/7.3.1/../../../../arm-none-eabi/lib/thumb/v7e-m/fpv4-sp/hard\libc_nano.a(lib_a-findfp.o)
                0x000000000800a2c8                _cleanup_r
 .text.__sfmoreglue
                0x000000000800a2d4       0x2c c:/st/stm32cubeide_1.2.0/stm32cubeide/plugins/com.st.stm32cube.ide.mcu.externaltools.gnu-tools-for-stm32.7-2018-q2-update.win32_1.0.0.201904181610/tools/bin/../lib/gcc/arm-none-eabi/7.3.1/../../../../arm-none-eabi/lib/thumb/v7e-m/fpv4-sp/hard\libc_nano.a(lib_a-findfp.o)
                0x000000000800a2d4                __sfmoreglue
 .text.__sinit  0x000000000800a300       0x60 c:/st/stm32cubeide_1.2.0/stm32cubeide/plugins/com.st.stm32cube.ide.mcu.externaltools.gnu-tools-for-stm32.7-2018-q2-update.win32_1.0.0.201904181610/tools/bin/../lib/gcc/arm-none-eabi/7.3.1/../../../../arm-none-eabi/lib/thumb/v7e-m/fpv4-sp/hard\libc_nano.a(lib_a-findfp.o)
                0x000000000800a300                __sinit
 .text.__sfp    0x000000000800a360       0x78 c:/st/stm32cubeide_1.2.0/stm32cubeide/plugins/com.st.stm32cube.ide.mcu.externaltools.gnu-tools-for-stm32.7-2018-q2-update.win32_1.0.0.201904181610/tools/bin/../lib/gcc/arm-none-eabi/7.3.1/../../../../arm-none-eabi/lib/thumb/v7e-m/fpv4-sp/hard\libc_nano.a(lib_a-findfp.o)
                0x000000000800a360                __sfp
 .text._fwalk_reent
                0x000000000800a3d8       0x3c c:/st/stm32cubeide_1.2.0/stm32cubeide/plugins/com.st.stm32cube.ide.mcu.externaltools.gnu-tools-for-stm32.7-2018-q2-update.win32_1.0.0.201904181610/tools/bin/../lib/gcc/arm-none-eabi/7.3.1/../../../../arm-none-eabi/lib/thumb/v7e-m/fpv4-sp/hard\libc_nano.a(lib_a-fwalk.o)
                0x000000000800a3d8                _fwalk_reent
 .text._localeconv_r
                0x000000000800a414       0x1c c:/st/stm32cubeide_1.2.0/stm32cubeide/plugins/com.st.stm32cube.ide.mcu.externaltools.gnu-tools-for-stm32.7-2018-q2-update.win32_1.0.0.201904181610/tools/bin/../lib/gcc/arm-none-eabi/7.3.1/../../../../arm-none-eabi/lib/thumb/v7e-m/fpv4-sp/hard\libc_nano.a(lib_a-localeconv.o)
                0x000000000800a414                _localeconv_r
 .text.__swhatbuf_r
                0x000000000800a430       0x48 c:/st/stm32cubeide_1.2.0/stm32cubeide/plugins/com.st.stm32cube.ide.mcu.externaltools.gnu-tools-for-stm32.7-2018-q2-update.win32_1.0.0.201904181610/tools/bin/../lib/gcc/arm-none-eabi/7.3.1/../../../../arm-none-eabi/lib/thumb/v7e-m/fpv4-sp/hard\libc_nano.a(lib_a-makebuf.o)
                0x000000000800a430                __swhatbuf_r
 .text.__smakebuf_r
                0x000000000800a478       0x80 c:/st/stm32cubeide_1.2.0/stm32cubeide/plugins/com.st.stm32cube.ide.mcu.externaltools.gnu-tools-for-stm32.7-2018-q2-update.win32_1.0.0.201904181610/tools/bin/../lib/gcc/arm-none-eabi/7.3.1/../../../../arm-none-eabi/lib/thumb/v7e-m/fpv4-sp/hard\libc_nano.a(lib_a-makebuf.o)
                0x000000000800a478                __smakebuf_r
 .text.__malloc_lock
                0x000000000800a4f8        0x2 c:/st/stm32cubeide_1.2.0/stm32cubeide/plugins/com.st.stm32cube.ide.mcu.externaltools.gnu-tools-for-stm32.7-2018-q2-update.win32_1.0.0.201904181610/tools/bin/../lib/gcc/arm-none-eabi/7.3.1/../../../../arm-none-eabi/lib/thumb/v7e-m/fpv4-sp/hard\libc_nano.a(lib_a-mlock.o)
                0x000000000800a4f8                __malloc_lock
 .text.__malloc_unlock
                0x000000000800a4fa        0x2 c:/st/stm32cubeide_1.2.0/stm32cubeide/plugins/com.st.stm32cube.ide.mcu.externaltools.gnu-tools-for-stm32.7-2018-q2-update.win32_1.0.0.201904181610/tools/bin/../lib/gcc/arm-none-eabi/7.3.1/../../../../arm-none-eabi/lib/thumb/v7e-m/fpv4-sp/hard\libc_nano.a(lib_a-mlock.o)
                0x000000000800a4fa                __malloc_unlock
 .text._Balloc  0x000000000800a4fc       0x68 c:/st/stm32cubeide_1.2.0/stm32cubeide/plugins/com.st.stm32cube.ide.mcu.externaltools.gnu-tools-for-stm32.7-2018-q2-update.win32_1.0.0.201904181610/tools/bin/../lib/gcc/arm-none-eabi/7.3.1/../../../../arm-none-eabi/lib/thumb/v7e-m/fpv4-sp/hard\libc_nano.a(lib_a-mprec.o)
                0x000000000800a4fc                _Balloc
 .text._Bfree   0x000000000800a564       0x2e c:/st/stm32cubeide_1.2.0/stm32cubeide/plugins/com.st.stm32cube.ide.mcu.externaltools.gnu-tools-for-stm32.7-2018-q2-update.win32_1.0.0.201904181610/tools/bin/../lib/gcc/arm-none-eabi/7.3.1/../../../../arm-none-eabi/lib/thumb/v7e-m/fpv4-sp/hard\libc_nano.a(lib_a-mprec.o)
                0x000000000800a564                _Bfree
 .text.__multadd
                0x000000000800a592       0x76 c:/st/stm32cubeide_1.2.0/stm32cubeide/plugins/com.st.stm32cube.ide.mcu.externaltools.gnu-tools-for-stm32.7-2018-q2-update.win32_1.0.0.201904181610/tools/bin/../lib/gcc/arm-none-eabi/7.3.1/../../../../arm-none-eabi/lib/thumb/v7e-m/fpv4-sp/hard\libc_nano.a(lib_a-mprec.o)
                0x000000000800a592                __multadd
 .text.__hi0bits
                0x000000000800a608       0x3e c:/st/stm32cubeide_1.2.0/stm32cubeide/plugins/com.st.stm32cube.ide.mcu.externaltools.gnu-tools-for-stm32.7-2018-q2-update.win32_1.0.0.201904181610/tools/bin/../lib/gcc/arm-none-eabi/7.3.1/../../../../arm-none-eabi/lib/thumb/v7e-m/fpv4-sp/hard\libc_nano.a(lib_a-mprec.o)
                0x000000000800a608                __hi0bits
 .text.__lo0bits
                0x000000000800a646       0x5e c:/st/stm32cubeide_1.2.0/stm32cubeide/plugins/com.st.stm32cube.ide.mcu.externaltools.gnu-tools-for-stm32.7-2018-q2-update.win32_1.0.0.201904181610/tools/bin/../lib/gcc/arm-none-eabi/7.3.1/../../../../arm-none-eabi/lib/thumb/v7e-m/fpv4-sp/hard\libc_nano.a(lib_a-mprec.o)
                0x000000000800a646                __lo0bits
 .text.__i2b    0x000000000800a6a4       0x12 c:/st/stm32cubeide_1.2.0/stm32cubeide/plugins/com.st.stm32cube.ide.mcu.externaltools.gnu-tools-for-stm32.7-2018-q2-update.win32_1.0.0.201904181610/tools/bin/../lib/gcc/arm-none-eabi/7.3.1/../../../../arm-none-eabi/lib/thumb/v7e-m/fpv4-sp/hard\libc_nano.a(lib_a-mprec.o)
                0x000000000800a6a4                __i2b
 .text.__multiply
                0x000000000800a6b6      0x12c c:/st/stm32cubeide_1.2.0/stm32cubeide/plugins/com.st.stm32cube.ide.mcu.externaltools.gnu-tools-for-stm32.7-2018-q2-update.win32_1.0.0.201904181610/tools/bin/../lib/gcc/arm-none-eabi/7.3.1/../../../../arm-none-eabi/lib/thumb/v7e-m/fpv4-sp/hard\libc_nano.a(lib_a-mprec.o)
                0x000000000800a6b6                __multiply
 *fill*         0x000000000800a7e2        0x2 
 .text.__pow5mult
                0x000000000800a7e4       0x9c c:/st/stm32cubeide_1.2.0/stm32cubeide/plugins/com.st.stm32cube.ide.mcu.externaltools.gnu-tools-for-stm32.7-2018-q2-update.win32_1.0.0.201904181610/tools/bin/../lib/gcc/arm-none-eabi/7.3.1/../../../../arm-none-eabi/lib/thumb/v7e-m/fpv4-sp/hard\libc_nano.a(lib_a-mprec.o)
                0x000000000800a7e4                __pow5mult
 .text.__lshift
                0x000000000800a880       0xa8 c:/st/stm32cubeide_1.2.0/stm32cubeide/plugins/com.st.stm32cube.ide.mcu.externaltools.gnu-tools-for-stm32.7-2018-q2-update.win32_1.0.0.201904181610/tools/bin/../lib/gcc/arm-none-eabi/7.3.1/../../../../arm-none-eabi/lib/thumb/v7e-m/fpv4-sp/hard\libc_nano.a(lib_a-mprec.o)
                0x000000000800a880                __lshift
 .text.__mcmp   0x000000000800a928       0x34 c:/st/stm32cubeide_1.2.0/stm32cubeide/plugins/com.st.stm32cube.ide.mcu.externaltools.gnu-tools-for-stm32.7-2018-q2-update.win32_1.0.0.201904181610/tools/bin/../lib/gcc/arm-none-eabi/7.3.1/../../../../arm-none-eabi/lib/thumb/v7e-m/fpv4-sp/hard\libc_nano.a(lib_a-mprec.o)
                0x000000000800a928                __mcmp
 .text.__mdiff  0x000000000800a95c       0xba c:/st/stm32cubeide_1.2.0/stm32cubeide/plugins/com.st.stm32cube.ide.mcu.externaltools.gnu-tools-for-stm32.7-2018-q2-update.win32_1.0.0.201904181610/tools/bin/../lib/gcc/arm-none-eabi/7.3.1/../../../../arm-none-eabi/lib/thumb/v7e-m/fpv4-sp/hard\libc_nano.a(lib_a-mprec.o)
                0x000000000800a95c                __mdiff
 .text.__d2b    0x000000000800aa16       0x9e c:/st/stm32cubeide_1.2.0/stm32cubeide/plugins/com.st.stm32cube.ide.mcu.externaltools.gnu-tools-for-stm32.7-2018-q2-update.win32_1.0.0.201904181610/tools/bin/../lib/gcc/arm-none-eabi/7.3.1/../../../../arm-none-eabi/lib/thumb/v7e-m/fpv4-sp/hard\libc_nano.a(lib_a-mprec.o)
                0x000000000800aa16                __d2b
 .text.__sfputc_r
                0x000000000800aab4       0x2e c:/st/stm32cubeide_1.2.0/stm32cubeide/plugins/com.st.stm32cube.ide.mcu.externaltools.gnu-tools-for-stm32.7-2018-q2-update.win32_1.0.0.201904181610/tools/bin/../lib/gcc/arm-none-eabi/7.3.1/../../../../arm-none-eabi/lib/thumb/v7e-m/fpv4-sp/hard\libc_nano.a(lib_a-nano-vfprintf.o)
 .text.__sfputs_r
                0x000000000800aae2       0x24 c:/st/stm32cubeide_1.2.0/stm32cubeide/plugins/com.st.stm32cube.ide.mcu.externaltools.gnu-tools-for-stm32.7-2018-q2-update.win32_1.0.0.201904181610/tools/bin/../lib/gcc/arm-none-eabi/7.3.1/../../../../arm-none-eabi/lib/thumb/v7e-m/fpv4-sp/hard\libc_nano.a(lib_a-nano-vfprintf.o)
                0x000000000800aae2                __sfputs_r
 *fill*         0x000000000800ab06        0x2 
 .text._vfprintf_r
                0x000000000800ab08      0x22c c:/st/stm32cubeide_1.2.0/stm32cubeide/plugins/com.st.stm32cube.ide.mcu.externaltools.gnu-tools-for-stm32.7-2018-q2-update.win32_1.0.0.201904181610/tools/bin/../lib/gcc/arm-none-eabi/7.3.1/../../../../arm-none-eabi/lib/thumb/v7e-m/fpv4-sp/hard\libc_nano.a(lib_a-nano-vfprintf.o)
                0x000000000800ab08                _vfprintf_r
                0x000000000800ab08                _vfiprintf_r
 .text._putc_r  0x000000000800ad34       0x6c c:/st/stm32cubeide_1.2.0/stm32cubeide/plugins/com.st.stm32cube.ide.mcu.externaltools.gnu-tools-for-stm32.7-2018-q2-update.win32_1.0.0.201904181610/tools/bin/../lib/gcc/arm-none-eabi/7.3.1/../../../../arm-none-eabi/lib/thumb/v7e-m/fpv4-sp/hard\libc_nano.a(lib_a-putc.o)
                0x000000000800ad34                _putc_r
 .text.__sread  0x000000000800ada0       0x22 c:/st/stm32cubeide_1.2.0/stm32cubeide/plugins/com.st.stm32cube.ide.mcu.externaltools.gnu-tools-for-stm32.7-2018-q2-update.win32_1.0.0.201904181610/tools/bin/../lib/gcc/arm-none-eabi/7.3.1/../../../../arm-none-eabi/lib/thumb/v7e-m/fpv4-sp/hard\libc_nano.a(lib_a-stdio.o)
                0x000000000800ada0                __sread
 .text.__swrite
                0x000000000800adc2       0x38 c:/st/stm32cubeide_1.2.0/stm32cubeide/plugins/com.st.stm32cube.ide.mcu.externaltools.gnu-tools-for-stm32.7-2018-q2-update.win32_1.0.0.201904181610/tools/bin/../lib/gcc/arm-none-eabi/7.3.1/../../../../arm-none-eabi/lib/thumb/v7e-m/fpv4-sp/hard\libc_nano.a(lib_a-stdio.o)
                0x000000000800adc2                __swrite
 .text.__sseek  0x000000000800adfa       0x24 c:/st/stm32cubeide_1.2.0/stm32cubeide/plugins/com.st.stm32cube.ide.mcu.externaltools.gnu-tools-for-stm32.7-2018-q2-update.win32_1.0.0.201904181610/tools/bin/../lib/gcc/arm-none-eabi/7.3.1/../../../../arm-none-eabi/lib/thumb/v7e-m/fpv4-sp/hard\libc_nano.a(lib_a-stdio.o)
                0x000000000800adfa                __sseek
 .text.__sclose
                0x000000000800ae1e        0x8 c:/st/stm32cubeide_1.2.0/stm32cubeide/plugins/com.st.stm32cube.ide.mcu.externaltools.gnu-tools-for-stm32.7-2018-q2-update.win32_1.0.0.201904181610/tools/bin/../lib/gcc/arm-none-eabi/7.3.1/../../../../arm-none-eabi/lib/thumb/v7e-m/fpv4-sp/hard\libc_nano.a(lib_a-stdio.o)
                0x000000000800ae1e                __sclose
 *fill*         0x000000000800ae26        0x2 
 .text._write_r
                0x000000000800ae28       0x24 c:/st/stm32cubeide_1.2.0/stm32cubeide/plugins/com.st.stm32cube.ide.mcu.externaltools.gnu-tools-for-stm32.7-2018-q2-update.win32_1.0.0.201904181610/tools/bin/../lib/gcc/arm-none-eabi/7.3.1/../../../../arm-none-eabi/lib/thumb/v7e-m/fpv4-sp/hard\libc_nano.a(lib_a-writer.o)
                0x000000000800ae28                _write_r
 .text._close_r
                0x000000000800ae4c       0x20 c:/st/stm32cubeide_1.2.0/stm32cubeide/plugins/com.st.stm32cube.ide.mcu.externaltools.gnu-tools-for-stm32.7-2018-q2-update.win32_1.0.0.201904181610/tools/bin/../lib/gcc/arm-none-eabi/7.3.1/../../../../arm-none-eabi/lib/thumb/v7e-m/fpv4-sp/hard\libc_nano.a(lib_a-closer.o)
                0x000000000800ae4c                _close_r
 .text._fstat_r
                0x000000000800ae6c       0x24 c:/st/stm32cubeide_1.2.0/stm32cubeide/plugins/com.st.stm32cube.ide.mcu.externaltools.gnu-tools-for-stm32.7-2018-q2-update.win32_1.0.0.201904181610/tools/bin/../lib/gcc/arm-none-eabi/7.3.1/../../../../arm-none-eabi/lib/thumb/v7e-m/fpv4-sp/hard\libc_nano.a(lib_a-fstatr.o)
                0x000000000800ae6c                _fstat_r
 .text._isatty_r
                0x000000000800ae90       0x20 c:/st/stm32cubeide_1.2.0/stm32cubeide/plugins/com.st.stm32cube.ide.mcu.externaltools.gnu-tools-for-stm32.7-2018-q2-update.win32_1.0.0.201904181610/tools/bin/../lib/gcc/arm-none-eabi/7.3.1/../../../../arm-none-eabi/lib/thumb/v7e-m/fpv4-sp/hard\libc_nano.a(lib_a-isattyr.o)
                0x000000000800ae90                _isatty_r
 .text._lseek_r
                0x000000000800aeb0       0x24 c:/st/stm32cubeide_1.2.0/stm32cubeide/plugins/com.st.stm32cube.ide.mcu.externaltools.gnu-tools-for-stm32.7-2018-q2-update.win32_1.0.0.201904181610/tools/bin/../lib/gcc/arm-none-eabi/7.3.1/../../../../arm-none-eabi/lib/thumb/v7e-m/fpv4-sp/hard\libc_nano.a(lib_a-lseekr.o)
                0x000000000800aeb0                _lseek_r
 .text.__ascii_mbtowc
                0x000000000800aed4       0x24 c:/st/stm32cubeide_1.2.0/stm32cubeide/plugins/com.st.stm32cube.ide.mcu.externaltools.gnu-tools-for-stm32.7-2018-q2-update.win32_1.0.0.201904181610/tools/bin/../lib/gcc/arm-none-eabi/7.3.1/../../../../arm-none-eabi/lib/thumb/v7e-m/fpv4-sp/hard\libc_nano.a(lib_a-mbtowc_r.o)
                0x000000000800aed4                __ascii_mbtowc
 .text._read_r  0x000000000800aef8       0x24 c:/st/stm32cubeide_1.2.0/stm32cubeide/plugins/com.st.stm32cube.ide.mcu.externaltools.gnu-tools-for-stm32.7-2018-q2-update.win32_1.0.0.201904181610/tools/bin/../lib/gcc/arm-none-eabi/7.3.1/../../../../arm-none-eabi/lib/thumb/v7e-m/fpv4-sp/hard\libc_nano.a(lib_a-readr.o)
                0x000000000800aef8                _read_r
 .text.__ascii_wctomb
                0x000000000800af1c       0x1a c:/st/stm32cubeide_1.2.0/stm32cubeide/plugins/com.st.stm32cube.ide.mcu.externaltools.gnu-tools-for-stm32.7-2018-q2-update.win32_1.0.0.201904181610/tools/bin/../lib/gcc/arm-none-eabi/7.3.1/../../../../arm-none-eabi/lib/thumb/v7e-m/fpv4-sp/hard\libc_nano.a(lib_a-wctomb_r.o)
                0x000000000800af1c                __ascii_wctomb
 *(.glue_7)
 .glue_7        0x000000000800af36        0x0 linker stubs
 *(.glue_7t)
 .glue_7t       0x000000000800af36        0x0 linker stubs
 *(.eh_frame)
 *fill*         0x000000000800af36        0x2 
 .eh_frame      0x000000000800af38        0x0 c:/st/stm32cubeide_1.2.0/stm32cubeide/plugins/com.st.stm32cube.ide.mcu.externaltools.gnu-tools-for-stm32.7-2018-q2-update.win32_1.0.0.201904181610/tools/bin/../lib/gcc/arm-none-eabi/7.3.1/thumb/v7e-m/fpv4-sp/hard/crtbegin.o
 *(.init)
 .init          0x000000000800af38        0x4 c:/st/stm32cubeide_1.2.0/stm32cubeide/plugins/com.st.stm32cube.ide.mcu.externaltools.gnu-tools-for-stm32.7-2018-q2-update.win32_1.0.0.201904181610/tools/bin/../lib/gcc/arm-none-eabi/7.3.1/thumb/v7e-m/fpv4-sp/hard/crti.o
                0x000000000800af38                _init
 .init          0x000000000800af3c        0x8 c:/st/stm32cubeide_1.2.0/stm32cubeide/plugins/com.st.stm32cube.ide.mcu.externaltools.gnu-tools-for-stm32.7-2018-q2-update.win32_1.0.0.201904181610/tools/bin/../lib/gcc/arm-none-eabi/7.3.1/thumb/v7e-m/fpv4-sp/hard/crtn.o
 *(.fini)
 .fini          0x000000000800af44        0x4 c:/st/stm32cubeide_1.2.0/stm32cubeide/plugins/com.st.stm32cube.ide.mcu.externaltools.gnu-tools-for-stm32.7-2018-q2-update.win32_1.0.0.201904181610/tools/bin/../lib/gcc/arm-none-eabi/7.3.1/thumb/v7e-m/fpv4-sp/hard/crti.o
                0x000000000800af44                _fini
 .fini          0x000000000800af48        0x8 c:/st/stm32cubeide_1.2.0/stm32cubeide/plugins/com.st.stm32cube.ide.mcu.externaltools.gnu-tools-for-stm32.7-2018-q2-update.win32_1.0.0.201904181610/tools/bin/../lib/gcc/arm-none-eabi/7.3.1/thumb/v7e-m/fpv4-sp/hard/crtn.o
                0x000000000800af50                . = ALIGN (0x4)
                0x000000000800af50                _etext = .

.vfp11_veneer   0x000000000800af50        0x0
 .vfp11_veneer  0x000000000800af50        0x0 linker stubs

.v4_bx          0x000000000800af50        0x0
 .v4_bx         0x000000000800af50        0x0 linker stubs

.iplt           0x000000000800af50        0x0
 .iplt          0x000000000800af50        0x0 c:/st/stm32cubeide_1.2.0/stm32cubeide/plugins/com.st.stm32cube.ide.mcu.externaltools.gnu-tools-for-stm32.7-2018-q2-update.win32_1.0.0.201904181610/tools/bin/../lib/gcc/arm-none-eabi/7.3.1/thumb/v7e-m/fpv4-sp/hard/crtbegin.o

.rodata         0x000000000800af50     0x8150
                0x000000000800af50                . = ALIGN (0x4)
 *(.rodata)
 .rodata        0x000000000800af50       0x56 Core/Src/main.o
 *fill*         0x000000000800afa6        0x2 
 .rodata        0x000000000800afa8      0x33a Core/Src/nnom/nnom.o
 *(.rodata*)
 *fill*         0x000000000800b2e2        0x2 
 .rodata.conv2d_weights
                0x000000000800b2e4      0x960 Core/Src/main.o
 .rodata.conv2d_w
                0x000000000800bc44        0x8 Core/Src/main.o
 .rodata.conv2d_bias
                0x000000000800bc4c       0x20 Core/Src/main.o
 .rodata.conv2d_b
                0x000000000800bc6c        0x8 Core/Src/main.o
 .rodata.conv2d_1_weights
                0x000000000800bc74     0x3200 Core/Src/main.o
 .rodata.conv2d_1_w
                0x000000000800ee74        0x8 Core/Src/main.o
 .rodata.conv2d_1_bias
                0x000000000800ee7c       0x10 Core/Src/main.o
 .rodata.conv2d_1_b
                0x000000000800ee8c        0x8 Core/Src/main.o
 .rodata.conv2d_2_weights
                0x000000000800ee94     0x3200 Core/Src/main.o
 .rodata.conv2d_2_w
                0x0000000008012094        0x8 Core/Src/main.o
 .rodata.conv2d_2_bias
                0x000000000801209c       0x20 Core/Src/main.o
 .rodata.conv2d_2_b
                0x00000000080120bc        0x8 Core/Src/main.o
 .rodata.dense_weights
                0x00000000080120c4      0xb40 Core/Src/main.o
 .rodata.dense_w
                0x0000000008012c04        0x8 Core/Src/main.o
 .rodata.dense_bias
                0x0000000008012c0c        0xa Core/Src/main.o
 *fill*         0x0000000008012c16        0x2 
 .rodata.dense_b
                0x0000000008012c18        0x8 Core/Src/main.o
 .rodata.AHBPrescTable
                0x0000000008012c20       0x10 Core/Src/system_stm32l4xx.o
                0x0000000008012c20                AHBPrescTable
 .rodata.APBPrescTable
                0x0000000008012c30        0x8 Core/Src/system_stm32l4xx.o
                0x0000000008012c30                APBPrescTable
 .rodata.MSIRangeTable
                0x0000000008012c38       0x30 Core/Src/system_stm32l4xx.o
                0x0000000008012c38                MSIRangeTable
 .rodata.default_layer_names
                0x0000000008012c68      0x15c Core/Src/nnom/nnom.o
                0x0000000008012c68                default_layer_names
 .rodata.default_activation_names
                0x0000000008012dc4       0x18 Core/Src/nnom/nnom.o
                0x0000000008012dc4                default_activation_names
 .rodata._global_impure_ptr
                0x0000000008012ddc        0x4 c:/st/stm32cubeide_1.2.0/stm32cubeide/plugins/com.st.stm32cube.ide.mcu.externaltools.gnu-tools-for-stm32.7-2018-q2-update.win32_1.0.0.201904181610/tools/bin/../lib/gcc/arm-none-eabi/7.3.1/../../../../arm-none-eabi/lib/thumb/v7e-m/fpv4-sp/hard\libc_nano.a(lib_a-impure.o)
                0x0000000008012ddc                _global_impure_ptr
 .rodata._printf_float.str1.1
                0x0000000008012de0       0x12 c:/st/stm32cubeide_1.2.0/stm32cubeide/plugins/com.st.stm32cube.ide.mcu.externaltools.gnu-tools-for-stm32.7-2018-q2-update.win32_1.0.0.201904181610/tools/bin/../lib/gcc/arm-none-eabi/7.3.1/../../../../arm-none-eabi/lib/thumb/v7e-m/fpv4-sp/hard\libc_nano.a(lib_a-nano-vfprintf_float.o)
 .rodata._printf_i.str1.1
                0x0000000008012df2       0x22 c:/st/stm32cubeide_1.2.0/stm32cubeide/plugins/com.st.stm32cube.ide.mcu.externaltools.gnu-tools-for-stm32.7-2018-q2-update.win32_1.0.0.201904181610/tools/bin/../lib/gcc/arm-none-eabi/7.3.1/../../../../arm-none-eabi/lib/thumb/v7e-m/fpv4-sp/hard\libc_nano.a(lib_a-nano-vfprintf_i.o)
 .rodata._dtoa_r.str1.1
                0x0000000008012e14        0xd c:/st/stm32cubeide_1.2.0/stm32cubeide/plugins/com.st.stm32cube.ide.mcu.externaltools.gnu-tools-for-stm32.7-2018-q2-update.win32_1.0.0.201904181610/tools/bin/../lib/gcc/arm-none-eabi/7.3.1/../../../../arm-none-eabi/lib/thumb/v7e-m/fpv4-sp/hard\libc_nano.a(lib_a-dtoa.o)
                                          0xf (size before relaxing)
 *fill*         0x0000000008012e21        0x3 
 .rodata.__sf_fake_stderr
                0x0000000008012e24       0x20 c:/st/stm32cubeide_1.2.0/stm32cubeide/plugins/com.st.stm32cube.ide.mcu.externaltools.gnu-tools-for-stm32.7-2018-q2-update.win32_1.0.0.201904181610/tools/bin/../lib/gcc/arm-none-eabi/7.3.1/../../../../arm-none-eabi/lib/thumb/v7e-m/fpv4-sp/hard\libc_nano.a(lib_a-findfp.o)
                0x0000000008012e24                __sf_fake_stderr
 .rodata.__sf_fake_stdin
                0x0000000008012e44       0x20 c:/st/stm32cubeide_1.2.0/stm32cubeide/plugins/com.st.stm32cube.ide.mcu.externaltools.gnu-tools-for-stm32.7-2018-q2-update.win32_1.0.0.201904181610/tools/bin/../lib/gcc/arm-none-eabi/7.3.1/../../../../arm-none-eabi/lib/thumb/v7e-m/fpv4-sp/hard\libc_nano.a(lib_a-findfp.o)
                0x0000000008012e44                __sf_fake_stdin
 .rodata.__sf_fake_stdout
                0x0000000008012e64       0x20 c:/st/stm32cubeide_1.2.0/stm32cubeide/plugins/com.st.stm32cube.ide.mcu.externaltools.gnu-tools-for-stm32.7-2018-q2-update.win32_1.0.0.201904181610/tools/bin/../lib/gcc/arm-none-eabi/7.3.1/../../../../arm-none-eabi/lib/thumb/v7e-m/fpv4-sp/hard\libc_nano.a(lib_a-findfp.o)
                0x0000000008012e64                __sf_fake_stdout
 *fill*         0x0000000008012e84        0x4 
 .rodata.__mprec_bigtens
                0x0000000008012e88       0x28 c:/st/stm32cubeide_1.2.0/stm32cubeide/plugins/com.st.stm32cube.ide.mcu.externaltools.gnu-tools-for-stm32.7-2018-q2-update.win32_1.0.0.201904181610/tools/bin/../lib/gcc/arm-none-eabi/7.3.1/../../../../arm-none-eabi/lib/thumb/v7e-m/fpv4-sp/hard\libc_nano.a(lib_a-mprec.o)
                0x0000000008012e88                __mprec_bigtens
 .rodata.__mprec_tens
                0x0000000008012eb0       0xc8 c:/st/stm32cubeide_1.2.0/stm32cubeide/plugins/com.st.stm32cube.ide.mcu.externaltools.gnu-tools-for-stm32.7-2018-q2-update.win32_1.0.0.201904181610/tools/bin/../lib/gcc/arm-none-eabi/7.3.1/../../../../arm-none-eabi/lib/thumb/v7e-m/fpv4-sp/hard\libc_nano.a(lib_a-mprec.o)
                0x0000000008012eb0                __mprec_tens
 .rodata.p05.7359
                0x0000000008012f78        0xc c:/st/stm32cubeide_1.2.0/stm32cubeide/plugins/com.st.stm32cube.ide.mcu.externaltools.gnu-tools-for-stm32.7-2018-q2-update.win32_1.0.0.201904181610/tools/bin/../lib/gcc/arm-none-eabi/7.3.1/../../../../arm-none-eabi/lib/thumb/v7e-m/fpv4-sp/hard\libc_nano.a(lib_a-mprec.o)
 .rodata._vfprintf_r.str1.1
                0x0000000008012f84       0x11 c:/st/stm32cubeide_1.2.0/stm32cubeide/plugins/com.st.stm32cube.ide.mcu.externaltools.gnu-tools-for-stm32.7-2018-q2-update.win32_1.0.0.201904181610/tools/bin/../lib/gcc/arm-none-eabi/7.3.1/../../../../arm-none-eabi/lib/thumb/v7e-m/fpv4-sp/hard\libc_nano.a(lib_a-nano-vfprintf.o)
 .rodata._setlocale_r.str1.1
                0x0000000008012f95        0x8 c:/st/stm32cubeide_1.2.0/stm32cubeide/plugins/com.st.stm32cube.ide.mcu.externaltools.gnu-tools-for-stm32.7-2018-q2-update.win32_1.0.0.201904181610/tools/bin/../lib/gcc/arm-none-eabi/7.3.1/../../../../arm-none-eabi/lib/thumb/v7e-m/fpv4-sp/hard\libc_nano.a(lib_a-locale.o)
                                          0x9 (size before relaxing)
 .rodata.str1.1
                0x0000000008012f9d        0x2 c:/st/stm32cubeide_1.2.0/stm32cubeide/plugins/com.st.stm32cube.ide.mcu.externaltools.gnu-tools-for-stm32.7-2018-q2-update.win32_1.0.0.201904181610/tools/bin/../lib/gcc/arm-none-eabi/7.3.1/../../../../arm-none-eabi/lib/thumb/v7e-m/fpv4-sp/hard\libc_nano.a(lib_a-locale.o)
 .rodata._ctype_
                0x0000000008012f9f      0x101 c:/st/stm32cubeide_1.2.0/stm32cubeide/plugins/com.st.stm32cube.ide.mcu.externaltools.gnu-tools-for-stm32.7-2018-q2-update.win32_1.0.0.201904181610/tools/bin/../lib/gcc/arm-none-eabi/7.3.1/../../../../arm-none-eabi/lib/thumb/v7e-m/fpv4-sp/hard\libc_nano.a(lib_a-ctype_.o)
                0x0000000008012f9f                _ctype_
                0x00000000080130a0                . = ALIGN (0x4)

.rel.dyn        0x00000000080130a0        0x0
 .rel.iplt      0x00000000080130a0        0x0 c:/st/stm32cubeide_1.2.0/stm32cubeide/plugins/com.st.stm32cube.ide.mcu.externaltools.gnu-tools-for-stm32.7-2018-q2-update.win32_1.0.0.201904181610/tools/bin/../lib/gcc/arm-none-eabi/7.3.1/thumb/v7e-m/fpv4-sp/hard/crtbegin.o

.ARM.extab      0x00000000080130a0        0x0
                0x00000000080130a0                . = ALIGN (0x4)
 *(.ARM.extab* .gnu.linkonce.armextab.*)
                0x00000000080130a0                . = ALIGN (0x4)

.ARM            0x00000000080130a0        0x0
                0x00000000080130a0                . = ALIGN (0x4)
                0x00000000080130a0                __exidx_start = .
 *(.ARM.exidx*)
                0x00000000080130a0                __exidx_end = .
                0x00000000080130a0                . = ALIGN (0x4)

.preinit_array  0x00000000080130a0        0x0
                0x00000000080130a0                . = ALIGN (0x4)
                0x00000000080130a0                PROVIDE (__preinit_array_start = .)
 *(.preinit_array*)
                0x00000000080130a0                PROVIDE (__preinit_array_end = .)
                0x00000000080130a0                . = ALIGN (0x4)

.init_array     0x00000000080130a0        0x4
                0x00000000080130a0                . = ALIGN (0x4)
                0x00000000080130a0                PROVIDE (__init_array_start = .)
 *(SORT_BY_NAME(.init_array.*))
 *(.init_array*)
 .init_array    0x00000000080130a0        0x4 c:/st/stm32cubeide_1.2.0/stm32cubeide/plugins/com.st.stm32cube.ide.mcu.externaltools.gnu-tools-for-stm32.7-2018-q2-update.win32_1.0.0.201904181610/tools/bin/../lib/gcc/arm-none-eabi/7.3.1/thumb/v7e-m/fpv4-sp/hard/crtbegin.o
                0x00000000080130a4                PROVIDE (__init_array_end = .)
                0x00000000080130a4                . = ALIGN (0x4)

.fini_array     0x00000000080130a4        0x4
                0x00000000080130a4                . = ALIGN (0x4)
                [!provide]                        PROVIDE (__fini_array_start = .)
 *(SORT_BY_NAME(.fini_array.*))
 *(.fini_array*)
 .fini_array    0x00000000080130a4        0x4 c:/st/stm32cubeide_1.2.0/stm32cubeide/plugins/com.st.stm32cube.ide.mcu.externaltools.gnu-tools-for-stm32.7-2018-q2-update.win32_1.0.0.201904181610/tools/bin/../lib/gcc/arm-none-eabi/7.3.1/thumb/v7e-m/fpv4-sp/hard/crtbegin.o
                [!provide]                        PROVIDE (__fini_array_end = .)
                0x00000000080130a8                . = ALIGN (0x4)
                0x00000000080130a8                _sidata = LOADADDR (.data)

.data           0x0000000020000000      0x1dc load address 0x00000000080130a8
                0x0000000020000000                . = ALIGN (0x4)
                0x0000000020000000                _sdata = .
 *(.data)
 *(.data*)
 .data.SystemCoreClock
                0x0000000020000000        0x4 Core/Src/system_stm32l4xx.o
                0x0000000020000000                SystemCoreClock
 .data.uwTickPrio
                0x0000000020000004        0x4 Drivers/STM32L4xx_HAL_Driver/Src/stm32l4xx_hal.o
                0x0000000020000004                uwTickPrio
 .data.uwTickFreq
                0x0000000020000008        0x4 Drivers/STM32L4xx_HAL_Driver/Src/stm32l4xx_hal.o
                0x0000000020000008                uwTickFreq
 .data._impure_ptr
                0x000000002000000c        0x4 c:/st/stm32cubeide_1.2.0/stm32cubeide/plugins/com.st.stm32cube.ide.mcu.externaltools.gnu-tools-for-stm32.7-2018-q2-update.win32_1.0.0.201904181610/tools/bin/../lib/gcc/arm-none-eabi/7.3.1/../../../../arm-none-eabi/lib/thumb/v7e-m/fpv4-sp/hard\libc_nano.a(lib_a-impure.o)
                0x000000002000000c                _impure_ptr
 .data.impure_data
                0x0000000020000010       0x60 c:/st/stm32cubeide_1.2.0/stm32cubeide/plugins/com.st.stm32cube.ide.mcu.externaltools.gnu-tools-for-stm32.7-2018-q2-update.win32_1.0.0.201904181610/tools/bin/../lib/gcc/arm-none-eabi/7.3.1/../../../../arm-none-eabi/lib/thumb/v7e-m/fpv4-sp/hard\libc_nano.a(lib_a-impure.o)
 .data.__global_locale
                0x0000000020000070      0x16c c:/st/stm32cubeide_1.2.0/stm32cubeide/plugins/com.st.stm32cube.ide.mcu.externaltools.gnu-tools-for-stm32.7-2018-q2-update.win32_1.0.0.201904181610/tools/bin/../lib/gcc/arm-none-eabi/7.3.1/../../../../arm-none-eabi/lib/thumb/v7e-m/fpv4-sp/hard\libc_nano.a(lib_a-locale.o)
                0x0000000020000070                __global_locale
                0x00000000200001dc                . = ALIGN (0x4)
                0x00000000200001dc                _edata = .

.igot.plt       0x00000000200001dc        0x0 load address 0x0000000008013284
 .igot.plt      0x00000000200001dc        0x0 c:/st/stm32cubeide_1.2.0/stm32cubeide/plugins/com.st.stm32cube.ide.mcu.externaltools.gnu-tools-for-stm32.7-2018-q2-update.win32_1.0.0.201904181610/tools/bin/../lib/gcc/arm-none-eabi/7.3.1/thumb/v7e-m/fpv4-sp/hard/crtbegin.o
                0x00000000200001dc                . = ALIGN (0x4)

.bss            0x00000000200001dc      0xd24 load address 0x0000000008013284
                0x00000000200001dc                _sbss = .
                0x00000000200001dc                __bss_start__ = _sbss
 *(.bss)
 .bss           0x00000000200001dc       0x1c c:/st/stm32cubeide_1.2.0/stm32cubeide/plugins/com.st.stm32cube.ide.mcu.externaltools.gnu-tools-for-stm32.7-2018-q2-update.win32_1.0.0.201904181610/tools/bin/../lib/gcc/arm-none-eabi/7.3.1/thumb/v7e-m/fpv4-sp/hard/crtbegin.o
 *(.bss*)
 .bss.DWT_CYCCNT
                0x00000000200001f8        0x4 Core/Src/CycleCounter.o
 .bss.DWT_CONTROL
                0x00000000200001fc        0x4 Core/Src/CycleCounter.o
 .bss.SCB_DEMCR
                0x0000000020000200        0x4 Core/Src/CycleCounter.o
 .bss.nnom_input_data
                0x0000000020000204      0xc00 Core/Src/main.o
 .bss.nnom_output_data
                0x0000000020000e04        0xa Core/Src/main.o
 *fill*         0x0000000020000e0e        0x2 
 .bss.model.13303
                0x0000000020000e10       0x88 Core/Src/main.o
 .bss.heap_end.6424
                0x0000000020000e98        0x4 Core/Src/sysmem.o
 .bss.nnom_memory_taken
                0x0000000020000e9c        0x4 Core/Src/nnom/nnom.o
                0x0000000020000e9c                nnom_memory_taken
 .bss.__malloc_free_list
                0x0000000020000ea0        0x4 c:/st/stm32cubeide_1.2.0/stm32cubeide/plugins/com.st.stm32cube.ide.mcu.externaltools.gnu-tools-for-stm32.7-2018-q2-update.win32_1.0.0.201904181610/tools/bin/../lib/gcc/arm-none-eabi/7.3.1/../../../../arm-none-eabi/lib/thumb/v7e-m/fpv4-sp/hard\libc_nano.a(lib_a-nano-mallocr.o)
                0x0000000020000ea0                __malloc_free_list
 .bss.__malloc_sbrk_start
                0x0000000020000ea4        0x4 c:/st/stm32cubeide_1.2.0/stm32cubeide/plugins/com.st.stm32cube.ide.mcu.externaltools.gnu-tools-for-stm32.7-2018-q2-update.win32_1.0.0.201904181610/tools/bin/../lib/gcc/arm-none-eabi/7.3.1/../../../../arm-none-eabi/lib/thumb/v7e-m/fpv4-sp/hard\libc_nano.a(lib_a-nano-mallocr.o)
                0x0000000020000ea4                __malloc_sbrk_start
 *(COMMON)
 COMMON         0x0000000020000ea8       0x50 Core/Src/main.o
                0x0000000020000ea8                husart1
 COMMON         0x0000000020000ef8        0x4 Drivers/STM32L4xx_HAL_Driver/Src/stm32l4xx_hal.o
                0x0000000020000ef8                uwTick
 COMMON         0x0000000020000efc        0x4 c:/st/stm32cubeide_1.2.0/stm32cubeide/plugins/com.st.stm32cube.ide.mcu.externaltools.gnu-tools-for-stm32.7-2018-q2-update.win32_1.0.0.201904181610/tools/bin/../lib/gcc/arm-none-eabi/7.3.1/../../../../arm-none-eabi/lib/thumb/v7e-m/fpv4-sp/hard\libc_nano.a(lib_a-reent.o)
                0x0000000020000efc                errno
                0x0000000020000f00                . = ALIGN (0x4)
                0x0000000020000f00                _ebss = .
                0x0000000020000f00                __bss_end__ = _ebss

._user_heap_stack
                0x0000000020000f00      0x600 load address 0x0000000008013284
                0x0000000020000f00                . = ALIGN (0x8)
                0x0000000020000f00                PROVIDE (end = .)
                [!provide]                        PROVIDE (_end = .)
                0x0000000020001100                . = (. + _Min_Heap_Size)
 *fill*         0x0000000020000f00      0x200 
                0x0000000020001500                . = (. + _Min_Stack_Size)
 *fill*         0x0000000020001100      0x400 
                0x0000000020001500                . = ALIGN (0x8)

/DISCARD/
 libc.a(*)
 libm.a(*)
 libgcc.a(*)

.ARM.attributes
                0x0000000000000000       0x2e
 *(.ARM.attributes)
 .ARM.attributes
                0x0000000000000000       0x22 c:/st/stm32cubeide_1.2.0/stm32cubeide/plugins/com.st.stm32cube.ide.mcu.externaltools.gnu-tools-for-stm32.7-2018-q2-update.win32_1.0.0.201904181610/tools/bin/../lib/gcc/arm-none-eabi/7.3.1/thumb/v7e-m/fpv4-sp/hard/crti.o
 .ARM.attributes
                0x0000000000000022       0x34 c:/st/stm32cubeide_1.2.0/stm32cubeide/plugins/com.st.stm32cube.ide.mcu.externaltools.gnu-tools-for-stm32.7-2018-q2-update.win32_1.0.0.201904181610/tools/bin/../lib/gcc/arm-none-eabi/7.3.1/thumb/v7e-m/fpv4-sp/hard/crtbegin.o
 .ARM.attributes
                0x0000000000000056       0x39 Core/Src/CycleCounter.o
 .ARM.attributes
                0x000000000000008f       0x39 Core/Src/main.o
 .ARM.attributes
                0x00000000000000c8       0x39 Core/Src/stm32l4xx_hal_msp.o
 .ARM.attributes
                0x0000000000000101       0x39 Core/Src/stm32l4xx_it.o
 .ARM.attributes
                0x000000000000013a       0x39 Core/Src/syscalls.o
 .ARM.attributes
                0x0000000000000173       0x39 Core/Src/sysmem.o
 .ARM.attributes
                0x00000000000001ac       0x39 Core/Src/system_stm32l4xx.o
 .ARM.attributes
                0x00000000000001e5       0x39 Core/Src/nnom/nnom.o
 .ARM.attributes
                0x000000000000021e       0x39 Core/Src/nnom/nnom_activation.o
 .ARM.attributes
                0x0000000000000257       0x39 Core/Src/nnom/nnom_baselayer.o
 .ARM.attributes
                0x0000000000000290       0x39 Core/Src/nnom/nnom_conv2d.o
 .ARM.attributes
                0x00000000000002c9       0x39 Core/Src/nnom/nnom_dense.o
 .ARM.attributes
                0x0000000000000302       0x39 Core/Src/nnom/nnom_input.o
 .ARM.attributes
                0x000000000000033b       0x39 Core/Src/nnom/nnom_layers.o
 .ARM.attributes
                0x0000000000000374       0x39 Core/Src/nnom/nnom_local.o
 .ARM.attributes
                0x00000000000003ad       0x39 Core/Src/nnom/nnom_maxpool.o
 .ARM.attributes
                0x00000000000003e6       0x39 Core/Src/nnom/nnom_output.o
 .ARM.attributes
                0x000000000000041f       0x39 Core/Src/nnom/nnom_softmax.o
 .ARM.attributes
                0x0000000000000458       0x39 Core/Src/nnom/nnom_tensor.o
 .ARM.attributes
                0x0000000000000491       0x39 Core/Src/nnom/nnom_utils.o
 .ARM.attributes
                0x00000000000004ca       0x21 Core/Startup/startup_stm32l475vgtx.o
 .ARM.attributes
                0x00000000000004eb       0x39 Drivers/STM32L4xx_HAL_Driver/Src/stm32l4xx_hal.o
 .ARM.attributes
                0x0000000000000524       0x39 Drivers/STM32L4xx_HAL_Driver/Src/stm32l4xx_hal_cortex.o
 .ARM.attributes
                0x000000000000055d       0x39 Drivers/STM32L4xx_HAL_Driver/Src/stm32l4xx_hal_gpio.o
 .ARM.attributes
                0x0000000000000596       0x39 Drivers/STM32L4xx_HAL_Driver/Src/stm32l4xx_hal_pwr_ex.o
 .ARM.attributes
                0x00000000000005cf       0x39 Drivers/STM32L4xx_HAL_Driver/Src/stm32l4xx_hal_rcc.o
 .ARM.attributes
                0x0000000000000608       0x39 Drivers/STM32L4xx_HAL_Driver/Src/stm32l4xx_hal_rcc_ex.o
 .ARM.attributes
                0x0000000000000641       0x39 Drivers/STM32L4xx_HAL_Driver/Src/stm32l4xx_hal_usart.o
 .ARM.attributes
                0x000000000000067a       0x37 .././Libs\libarm_cortexM4lf_nn.a(arm_relu_q7.o)
 .ARM.attributes
                0x00000000000006b1       0x37 .././Libs\libarm_cortexM4lf_nn.a(arm_convolve_1x1_HWC_q7_fast_nonsquare.o)
 .ARM.attributes
                0x00000000000006e8       0x37 .././Libs\libarm_cortexM4lf_nn.a(arm_convolve_HWC_q7_RGB.o)
 .ARM.attributes
                0x000000000000071f       0x37 .././Libs\libarm_cortexM4lf_nn.a(arm_convolve_HWC_q7_basic.o)
 .ARM.attributes
                0x0000000000000756       0x37 .././Libs\libarm_cortexM4lf_nn.a(arm_convolve_HWC_q7_basic_nonsquare.o)
 .ARM.attributes
                0x000000000000078d       0x37 .././Libs\libarm_cortexM4lf_nn.a(arm_convolve_HWC_q7_fast.o)
 .ARM.attributes
                0x00000000000007c4       0x37 .././Libs\libarm_cortexM4lf_nn.a(arm_convolve_HWC_q7_fast_nonsquare.o)
 .ARM.attributes
                0x00000000000007fb       0x37 .././Libs\libarm_cortexM4lf_nn.a(arm_nn_mat_mult_kernel_q7_q15.o)
 .ARM.attributes
                0x0000000000000832       0x37 .././Libs\libarm_cortexM4lf_nn.a(arm_nn_mat_mult_kernel_q7_q15_reordered.o)
 .ARM.attributes
                0x0000000000000869       0x37 .././Libs\libarm_cortexM4lf_nn.a(arm_fully_connected_q7_opt.o)
 .ARM.attributes
                0x00000000000008a0       0x37 .././Libs\libarm_cortexM4lf_nn.a(arm_q7_to_q15_no_shift.o)
 .ARM.attributes
                0x00000000000008d7       0x37 .././Libs\libarm_cortexM4lf_nn.a(arm_q7_to_q15_reordered_no_shift.o)
 .ARM.attributes
                0x000000000000090e       0x37 .././Libs\libarm_cortexM4lf_nn.a(arm_pool_q7_HWC.o)
 .ARM.attributes
                0x0000000000000945       0x37 .././Libs\libarm_cortexM4lf_nn.a(arm_softmax_q7.o)
 .ARM.attributes
                0x000000000000097c       0x34 c:/st/stm32cubeide_1.2.0/stm32cubeide/plugins/com.st.stm32cube.ide.mcu.externaltools.gnu-tools-for-stm32.7-2018-q2-update.win32_1.0.0.201904181610/tools/bin/../lib/gcc/arm-none-eabi/7.3.1/../../../../arm-none-eabi/lib/thumb/v7e-m/fpv4-sp/hard\libc_nano.a(lib_a-calloc.o)
 .ARM.attributes
                0x00000000000009b0       0x34 c:/st/stm32cubeide_1.2.0/stm32cubeide/plugins/com.st.stm32cube.ide.mcu.externaltools.gnu-tools-for-stm32.7-2018-q2-update.win32_1.0.0.201904181610/tools/bin/../lib/gcc/arm-none-eabi/7.3.1/../../../../arm-none-eabi/lib/thumb/v7e-m/fpv4-sp/hard\libc_nano.a(lib_a-errno.o)
 .ARM.attributes
                0x00000000000009e4       0x34 c:/st/stm32cubeide_1.2.0/stm32cubeide/plugins/com.st.stm32cube.ide.mcu.externaltools.gnu-tools-for-stm32.7-2018-q2-update.win32_1.0.0.201904181610/tools/bin/../lib/gcc/arm-none-eabi/7.3.1/../../../../arm-none-eabi/lib/thumb/v7e-m/fpv4-sp/hard\libc_nano.a(lib_a-impure.o)
 .ARM.attributes
                0x0000000000000a18       0x34 c:/st/stm32cubeide_1.2.0/stm32cubeide/plugins/com.st.stm32cube.ide.mcu.externaltools.gnu-tools-for-stm32.7-2018-q2-update.win32_1.0.0.201904181610/tools/bin/../lib/gcc/arm-none-eabi/7.3.1/../../../../arm-none-eabi/lib/thumb/v7e-m/fpv4-sp/hard\libc_nano.a(lib_a-init.o)
 .ARM.attributes
                0x0000000000000a4c       0x34 c:/st/stm32cubeide_1.2.0/stm32cubeide/plugins/com.st.stm32cube.ide.mcu.externaltools.gnu-tools-for-stm32.7-2018-q2-update.win32_1.0.0.201904181610/tools/bin/../lib/gcc/arm-none-eabi/7.3.1/../../../../arm-none-eabi/lib/thumb/v7e-m/fpv4-sp/hard\libc_nano.a(lib_a-malloc.o)
 .ARM.attributes
                0x0000000000000a80       0x34 c:/st/stm32cubeide_1.2.0/stm32cubeide/plugins/com.st.stm32cube.ide.mcu.externaltools.gnu-tools-for-stm32.7-2018-q2-update.win32_1.0.0.201904181610/tools/bin/../lib/gcc/arm-none-eabi/7.3.1/../../../../arm-none-eabi/lib/thumb/v7e-m/fpv4-sp/hard\libc_nano.a(lib_a-memcpy-stub.o)
 .ARM.attributes
                0x0000000000000ab4       0x34 c:/st/stm32cubeide_1.2.0/stm32cubeide/plugins/com.st.stm32cube.ide.mcu.externaltools.gnu-tools-for-stm32.7-2018-q2-update.win32_1.0.0.201904181610/tools/bin/../lib/gcc/arm-none-eabi/7.3.1/../../../../arm-none-eabi/lib/thumb/v7e-m/fpv4-sp/hard\libc_nano.a(lib_a-memmove.o)
 .ARM.attributes
                0x0000000000000ae8       0x34 c:/st/stm32cubeide_1.2.0/stm32cubeide/plugins/com.st.stm32cube.ide.mcu.externaltools.gnu-tools-for-stm32.7-2018-q2-update.win32_1.0.0.201904181610/tools/bin/../lib/gcc/arm-none-eabi/7.3.1/../../../../arm-none-eabi/lib/thumb/v7e-m/fpv4-sp/hard\libc_nano.a(lib_a-memset.o)
 .ARM.attributes
                0x0000000000000b1c       0x34 c:/st/stm32cubeide_1.2.0/stm32cubeide/plugins/com.st.stm32cube.ide.mcu.externaltools.gnu-tools-for-stm32.7-2018-q2-update.win32_1.0.0.201904181610/tools/bin/../lib/gcc/arm-none-eabi/7.3.1/../../../../arm-none-eabi/lib/thumb/v7e-m/fpv4-sp/hard\libc_nano.a(lib_a-nano-callocr.o)
 .ARM.attributes
                0x0000000000000b50       0x34 c:/st/stm32cubeide_1.2.0/stm32cubeide/plugins/com.st.stm32cube.ide.mcu.externaltools.gnu-tools-for-stm32.7-2018-q2-update.win32_1.0.0.201904181610/tools/bin/../lib/gcc/arm-none-eabi/7.3.1/../../../../arm-none-eabi/lib/thumb/v7e-m/fpv4-sp/hard\libc_nano.a(lib_a-nano-freer.o)
 .ARM.attributes
                0x0000000000000b84       0x34 c:/st/stm32cubeide_1.2.0/stm32cubeide/plugins/com.st.stm32cube.ide.mcu.externaltools.gnu-tools-for-stm32.7-2018-q2-update.win32_1.0.0.201904181610/tools/bin/../lib/gcc/arm-none-eabi/7.3.1/../../../../arm-none-eabi/lib/thumb/v7e-m/fpv4-sp/hard\libc_nano.a(lib_a-nano-mallocr.o)
 .ARM.attributes
                0x0000000000000bb8       0x34 c:/st/stm32cubeide_1.2.0/stm32cubeide/plugins/com.st.stm32cube.ide.mcu.externaltools.gnu-tools-for-stm32.7-2018-q2-update.win32_1.0.0.201904181610/tools/bin/../lib/gcc/arm-none-eabi/7.3.1/../../../../arm-none-eabi/lib/thumb/v7e-m/fpv4-sp/hard\libc_nano.a(lib_a-nano-vfprintf_float.o)
 .ARM.attributes
                0x0000000000000bec       0x34 c:/st/stm32cubeide_1.2.0/stm32cubeide/plugins/com.st.stm32cube.ide.mcu.externaltools.gnu-tools-for-stm32.7-2018-q2-update.win32_1.0.0.201904181610/tools/bin/../lib/gcc/arm-none-eabi/7.3.1/../../../../arm-none-eabi/lib/thumb/v7e-m/fpv4-sp/hard\libc_nano.a(lib_a-nano-vfprintf_i.o)
 .ARM.attributes
                0x0000000000000c20       0x34 c:/st/stm32cubeide_1.2.0/stm32cubeide/plugins/com.st.stm32cube.ide.mcu.externaltools.gnu-tools-for-stm32.7-2018-q2-update.win32_1.0.0.201904181610/tools/bin/../lib/gcc/arm-none-eabi/7.3.1/../../../../arm-none-eabi/lib/thumb/v7e-m/fpv4-sp/hard\libc_nano.a(lib_a-printf.o)
 .ARM.attributes
                0x0000000000000c54       0x34 c:/st/stm32cubeide_1.2.0/stm32cubeide/plugins/com.st.stm32cube.ide.mcu.externaltools.gnu-tools-for-stm32.7-2018-q2-update.win32_1.0.0.201904181610/tools/bin/../lib/gcc/arm-none-eabi/7.3.1/../../../../arm-none-eabi/lib/thumb/v7e-m/fpv4-sp/hard\libc_nano.a(lib_a-putchar.o)
 .ARM.attributes
                0x0000000000000c88       0x34 c:/st/stm32cubeide_1.2.0/stm32cubeide/plugins/com.st.stm32cube.ide.mcu.externaltools.gnu-tools-for-stm32.7-2018-q2-update.win32_1.0.0.201904181610/tools/bin/../lib/gcc/arm-none-eabi/7.3.1/../../../../arm-none-eabi/lib/thumb/v7e-m/fpv4-sp/hard\libc_nano.a(lib_a-puts.o)
 .ARM.attributes
                0x0000000000000cbc       0x34 c:/st/stm32cubeide_1.2.0/stm32cubeide/plugins/com.st.stm32cube.ide.mcu.externaltools.gnu-tools-for-stm32.7-2018-q2-update.win32_1.0.0.201904181610/tools/bin/../lib/gcc/arm-none-eabi/7.3.1/../../../../arm-none-eabi/lib/thumb/v7e-m/fpv4-sp/hard\libc_nano.a(lib_a-sbrkr.o)
 .ARM.attributes