Component: ARM Compiler 5.06 update 6 (build 750) Tool: armlink [4d35ed]

==============================================================================

Section Cross References

    main.o(i.MX_USART1_Init) refers to stm32l4xx_hal_usart.o(i.HAL_USART_Init) for HAL_USART_Init
    main.o(i.MX_USART1_Init) refers to main.o(i.Error_Handler) for Error_Handler
    main.o(i.MX_USART1_Init) refers to main.o(.bss) for husart1
    main.o(i.SystemClock_Config) refers to memseta.o(.text) for __aeabi_memclr4
    main.o(i.SystemClock_Config) refers to stm32l4xx_hal_rcc.o(i.HAL_RCC_OscConfig) for HAL_RCC_OscConfig
    main.o(i.SystemClock_Config) refers to main.o(i.Error_Handler) for Error_Handler
    main.o(i.SystemClock_Config) refers to stm32l4xx_hal_rcc.o(i.HAL_RCC_ClockConfig) for HAL_RCC_ClockConfig
    main.o(i.SystemClock_Config) refers to stm32l4xx_hal_rcc_ex.o(i.HAL_RCCEx_PeriphCLKConfig) for HAL_RCCEx_PeriphCLKConfig
    main.o(i.SystemClock_Config) refers to stm32l4xx_hal_pwr_ex.o(i.HAL_PWREx_ControlVoltageScaling) for HAL_PWREx_ControlVoltageScaling
    main.o(i.fgetc) refers to stm32l4xx_hal_usart.o(i.HAL_USART_Receive) for HAL_USART_Receive
    main.o(i.fgetc) refers to main.o(.bss) for husart1
    main.o(i.fputc) refers to stm32l4xx_hal_usart.o(i.HAL_USART_Transmit) for HAL_USART_Transmit
    main.o(i.fputc) refers to main.o(.bss) for husart1
    main.o(i.main) refers to stm32l4xx_hal.o(i.HAL_Init) for HAL_Init
    main.o(i.main) refers to main.o(i.SystemClock_Config) for SystemClock_Config
    main.o(i.main) refers to main.o(i.MX_GPIO_Init) for MX_GPIO_Init
    main.o(i.main) refers to main.o(i.MX_USART1_Init) for MX_USART1_Init
    main.o(i.main) refers to printfa.o(i.__0printf) for __2printf
    main.o(i.main) refers to main.o(i.nnom_model_create) for nnom_model_create
    main.o(i.main) refers to rand.o(.text) for rand
    main.o(i.main) refers to cyclecounter.o(i.ResetTimer) for ResetTimer
    main.o(i.main) refers to cyclecounter.o(i.StartTimer) for StartTimer
    main.o(i.main) refers to nnom_utils.o(i.nnom_predict) for nnom_predict
    main.o(i.main) refers to cyclecounter.o(i.StopTimer) for StopTimer
    main.o(i.main) refers to cyclecounter.o(i.getCycles) for getCycles
    main.o(i.main) refers to f2d.o(.text) for __aeabi_f2d
    main.o(i.main) refers to main.o(.bss) for nnom_input_data
    main.o(i.main) refers to main.o(.conststring) for .conststring
    main.o(i.nnom_model_create) refers to nnom.o(i.new_model) for new_model
    main.o(i.nnom_model_create) refers to nnom_layers.o(i.shape) for shape
    main.o(i.nnom_model_create) refers to nnom_input.o(i.Input) for Input
    main.o(i.nnom_model_create) refers to nnom_layers.o(i.stride) for stride
    main.o(i.nnom_model_create) refers to nnom_layers.o(i.kernel) for kernel
    main.o(i.nnom_model_create) refers to nnom_conv2d.o(i.Conv2D) for Conv2D
    main.o(i.nnom_model_create) refers to nnom_activation.o(i.act_relu) for act_relu
    main.o(i.nnom_model_create) refers to nnom_maxpool.o(i.MaxPool) for MaxPool
    main.o(i.nnom_model_create) refers to nnom_dense.o(i.Dense) for Dense
    main.o(i.nnom_model_create) refers to nnom_softmax.o(i.Softmax) for Softmax
    main.o(i.nnom_model_create) refers to nnom_output.o(i.Output) for Output
    main.o(i.nnom_model_create) refers to nnom.o(i.model_compile) for model_compile
    main.o(i.nnom_model_create) refers to main.o(.bss) for model
    main.o(i.nnom_model_create) refers to main.o(.constdata) for conv2d_b
    main.o(i.nnom_model_create) refers to main.o(.data) for nnom_output_data
    stm32l4xx_it.o(i.SysTick_Handler) refers to stm32l4xx_hal.o(i.HAL_IncTick) for HAL_IncTick
    stm32l4xx_hal_msp.o(i.HAL_USART_MspDeInit) refers to stm32l4xx_hal_gpio.o(i.HAL_GPIO_DeInit) for HAL_GPIO_DeInit
    stm32l4xx_hal_msp.o(i.HAL_USART_MspInit) refers to memseta.o(.text) for __aeabi_memclr4
    stm32l4xx_hal_msp.o(i.HAL_USART_MspInit) refers to stm32l4xx_hal_gpio.o(i.HAL_GPIO_Init) for HAL_GPIO_Init
    cyclecounter.o(i.ResetTimer) refers to cyclecounter.o(.data) for DWT_CYCCNT
    cyclecounter.o(i.StartTimer) refers to cyclecounter.o(.data) for DWT_CONTROL
    cyclecounter.o(i.StopTimer) refers to cyclecounter.o(.data) for DWT_CONTROL
    cyclecounter.o(i.getCycles) refers to cyclecounter.o(.data) for DWT_CYCCNT
    stm32l4xx_hal_usart.o(i.HAL_USART_Abort) refers to stm32l4xx_hal_dma.o(i.HAL_DMA_Abort) for HAL_DMA_Abort
    stm32l4xx_hal_usart.o(i.HAL_USART_Abort) refers to stm32l4xx_hal_dma.o(i.HAL_DMA_GetError) for HAL_DMA_GetError
    stm32l4xx_hal_usart.o(i.HAL_USART_Abort_IT) refers to stm32l4xx_hal_dma.o(i.HAL_DMA_Abort_IT) for HAL_DMA_Abort_IT
    stm32l4xx_hal_usart.o(i.HAL_USART_Abort_IT) refers to stm32l4xx_hal_usart.o(i.HAL_USART_AbortCpltCallback) for HAL_USART_AbortCpltCallback
    stm32l4xx_hal_usart.o(i.HAL_USART_Abort_IT) refers to stm32l4xx_hal_usart.o(i.USART_DMATxAbortCallback) for USART_DMATxAbortCallback
[...]
    C:\\Users\\davam\\AppData\\Local\\Arm\\Packs\\ARM\\CMSIS\\5.6.0\\CMSIS\\NN\\Source\\ConvolutionFunctions\\arm_nn_mat_mult_kernel_q7_q15_reordered.c 0x00000000   Number         0  arm_nn_mat_mult_kernel_q7_q15_reordered.o ABSOLUTE
    C:\\Users\\davam\\AppData\\Local\\Arm\\Packs\\ARM\\CMSIS\\5.6.0\\CMSIS\\NN\\Source\\FullyConnectedFunctions\\arm_fully_connected_mat_q7_vec_q15.c 0x00000000   Number         0  arm_fully_connected_mat_q7_vec_q15.o ABSOLUTE
    C:\\Users\\davam\\AppData\\Local\\Arm\\Packs\\ARM\\CMSIS\\5.6.0\\CMSIS\\NN\\Source\\FullyConnectedFunctions\\arm_fully_connected_mat_q7_vec_q15_opt.c 0x00000000   Number         0  arm_fully_connected_mat_q7_vec_q15_opt.o ABSOLUTE
    C:\\Users\\davam\\AppData\\Local\\Arm\\Packs\\ARM\\CMSIS\\5.6.0\\CMSIS\\NN\\Source\\FullyConnectedFunctions\\arm_fully_connected_q15.c 0x00000000   Number         0  arm_fully_connected_q15.o ABSOLUTE
    C:\\Users\\davam\\AppData\\Local\\Arm\\Packs\\ARM\\CMSIS\\5.6.0\\CMSIS\\NN\\Source\\FullyConnectedFunctions\\arm_fully_connected_q15_opt.c 0x00000000   Number         0  arm_fully_connected_q15_opt.o ABSOLUTE
    C:\\Users\\davam\\AppData\\Local\\Arm\\Packs\\ARM\\CMSIS\\5.6.0\\CMSIS\\NN\\Source\\FullyConnectedFunctions\\arm_fully_connected_q7.c 0x00000000   Number         0  arm_fully_connected_q7.o ABSOLUTE
    C:\\Users\\davam\\AppData\\Local\\Arm\\Packs\\ARM\\CMSIS\\5.6.0\\CMSIS\\NN\\Source\\FullyConnectedFunctions\\arm_fully_connected_q7_opt.c 0x00000000   Number         0  arm_fully_connected_q7_opt.o ABSOLUTE
    C:\\Users\\davam\\AppData\\Local\\Arm\\Packs\\ARM\\CMSIS\\5.6.0\\CMSIS\\NN\\Source\\NNSupportFunctions\\arm_nn_mult_q15.c 0x00000000   Number         0  arm_nn_mult_q15.o ABSOLUTE
    C:\\Users\\davam\\AppData\\Local\\Arm\\Packs\\ARM\\CMSIS\\5.6.0\\CMSIS\\NN\\Source\\NNSupportFunctions\\arm_nn_mult_q7.c 0x00000000   Number         0  arm_nn_mult_q7.o ABSOLUTE
    C:\\Users\\davam\\AppData\\Local\\Arm\\Packs\\ARM\\CMSIS\\5.6.0\\CMSIS\\NN\\Source\\NNSupportFunctions\\arm_nntables.c 0x00000000   Number         0  arm_nntables.o ABSOLUTE
    C:\\Users\\davam\\AppData\\Local\\Arm\\Packs\\ARM\\CMSIS\\5.6.0\\CMSIS\\NN\\Source\\NNSupportFunctions\\arm_q7_to_q15_no_shift.c 0x00000000   Number         0  arm_q7_to_q15_no_shift.o ABSOLUTE
    C:\\Users\\davam\\AppData\\Local\\Arm\\Packs\\ARM\\CMSIS\\5.6.0\\CMSIS\\NN\\Source\\NNSupportFunctions\\arm_q7_to_q15_reordered_no_shift.c 0x00000000   Number         0  arm_q7_to_q15_reordered_no_shift.o ABSOLUTE
    C:\\Users\\davam\\AppData\\Local\\Arm\\Packs\\ARM\\CMSIS\\5.6.0\\CMSIS\\NN\\Source\\PoolingFunctions\\arm_pool_q7_HWC.c 0x00000000   Number         0  arm_pool_q7_hwc.o ABSOLUTE
    C:\\Users\\davam\\AppData\\Local\\Arm\\Packs\\ARM\\CMSIS\\5.6.0\\CMSIS\\NN\\Source\\SoftmaxFunctions\\arm_softmax_q15.c 0x00000000   Number         0  arm_softmax_q15.o ABSOLUTE
    C:\\Users\\davam\\AppData\\Local\\Arm\\Packs\\ARM\\CMSIS\\5.6.0\\CMSIS\\NN\\Source\\SoftmaxFunctions\\arm_softmax_q7.c 0x00000000   Number         0  arm_softmax_q7.o ABSOLUTE
    RTE\Device\STM32L475VGTx\startup_stm32l475xx.s 0x00000000   Number         0  startup_stm32l475xx.o ABSOLUTE
    RTE\Device\STM32L475VGTx\system_stm32l4xx.c 0x00000000   Number         0  system_stm32l4xx.o ABSOLUTE
    RTE\\Device\\STM32L475VGTx\\system_stm32l4xx.c 0x00000000   Number         0  system_stm32l4xx.o ABSOLUTE
    arm_add_q7.c                             0x00000000   Number         0  arm_add_q7.o ABSOLUTE
    arm_mult_q7.c                            0x00000000   Number         0  arm_mult_q7.o ABSOLUTE
    arm_sub_q7.c                             0x00000000   Number         0  arm_sub_q7.o ABSOLUTE
    cdrcmple.s                               0x00000000   Number         0  cdrcmple.o ABSOLUTE
    dc.s                                     0x00000000   Number         0  dc.o ABSOLUTE
    handlers.s                               0x00000000   Number         0  handlers.o ABSOLUTE
    init.s                                   0x00000000   Number         0  init.o ABSOLUTE
    nnom-master\\src\\layers\\nnom_activation.c 0x00000000   Number         0  nnom_activation.o ABSOLUTE
    nnom-master\\src\\layers\\nnom_avgpool.c 0x00000000   Number         0  nnom_avgpool.o ABSOLUTE
    nnom-master\\src\\layers\\nnom_conv2d.c  0x00000000   Number         0  nnom_conv2d.o ABSOLUTE
    nnom-master\\src\\layers\\nnom_dense.c   0x00000000   Number         0  nnom_dense.o ABSOLUTE
    nnom-master\\src\\layers\\nnom_dw_conv2d.c 0x00000000   Number         0  nnom_dw_conv2d.o ABSOLUTE
    nnom-master\\src\\layers\\nnom_matrix.c  0x00000000   Number         0  nnom_matrix.o ABSOLUTE
    nnom-master\\src\\layers\\nnom_maxpool.c 0x00000000   Number         0  nnom_maxpool.o ABSOLUTE
    nnom-master\\src\\layers\\nnom_softmax.c 0x00000000   Number         0  nnom_softmax.o ABSOLUTE
    nnom-master\src\backends\nnom_local.c    0x00000000   Number         0  nnom_local.o ABSOLUTE
    nnom-master\src\core\nnom.c              0x00000000   Number         0  nnom.o ABSOLUTE
    nnom-master\src\core\nnom_layers.c       0x00000000   Number         0  nnom_layers.o ABSOLUTE
    nnom-master\src\core\nnom_tensor.c       0x00000000   Number         0  nnom_tensor.o ABSOLUTE
    nnom-master\src\core\nnom_utils.c        0x00000000   Number         0  nnom_utils.o ABSOLUTE
    nnom-master\src\layers\nnom_activation.c 0x00000000   Number         0  nnom_activation.o ABSOLUTE
    nnom-master\src\layers\nnom_avgpool.c    0x00000000   Number         0  nnom_avgpool.o ABSOLUTE
    nnom-master\src\layers\nnom_baselayer.c  0x00000000   Number         0  nnom_baselayer.o ABSOLUTE
    nnom-master\src\layers\nnom_concat.c     0x00000000   Number         0  nnom_concat.o ABSOLUTE
    nnom-master\src\layers\nnom_conv2d.c     0x00000000   Number         0  nnom_conv2d.o ABSOLUTE
    nnom-master\src\layers\nnom_cropping.c   0x00000000   Number         0  nnom_cropping.o ABSOLUTE
    nnom-master\src\layers\nnom_dense.c      0x00000000   Number         0  nnom_dense.o ABSOLUTE
    nnom-master\src\layers\nnom_dw_conv2d.c  0x00000000   Number         0  nnom_dw_conv2d.o ABSOLUTE
    nnom-master\src\layers\nnom_flatten.c    0x00000000   Number         0  nnom_flatten.o ABSOLUTE
    nnom-master\src\layers\nnom_global_pool.c 0x00000000   Number         0  nnom_global_pool.o ABSOLUTE
    nnom-master\src\layers\nnom_input.c      0x00000000   Number         0  nnom_input.o ABSOLUTE
    nnom-master\src\layers\nnom_lambda.c     0x00000000   Number         0  nnom_lambda.o ABSOLUTE
    nnom-master\src\layers\nnom_matrix.c     0x00000000   Number         0  nnom_matrix.o ABSOLUTE
    nnom-master\src\layers\nnom_maxpool.c    0x00000000   Number         0  nnom_maxpool.o ABSOLUTE
    nnom-master\src\layers\nnom_output.c     0x00000000   Number         0  nnom_output.o ABSOLUTE
    nnom-master\src\layers\nnom_rnn.c        0x00000000   Number         0  nnom_rnn.o ABSOLUTE
    nnom-master\src\layers\nnom_softmax.c    0x00000000   Number         0  nnom_softmax.o ABSOLUTE
    nnom-master\src\layers\nnom_sumpool.c    0x00000000   Number         0  nnom_sumpool.o ABSOLUTE
    nnom-master\src\layers\nnom_upsample.c   0x00000000   Number         0  nnom_upsample.o ABSOLUTE
    nnom-master\src\layers\nnom_zero_padding.c 0x00000000   Number         0  nnom_zero_padding.o ABSOLUTE
    RESET                                    0x08000000   Section      392  startup_stm32l475xx.o(RESET)
    .ARM.Collect$$$$00000000                 0x08000188   Section        0  entry.o(.ARM.Collect$$$$00000000)
    .ARM.Collect$$$$00000001                 0x08000188   Section        4  entry2.o(.ARM.Collect$$$$00000001)
    .ARM.Collect$$$$00000004                 0x0800018c   Section        4  entry5.o(.ARM.Collect$$$$00000004)
    .ARM.Collect$$$$00000008                 0x08000190   Section        0  entry7b.o(.ARM.Collect$$$$00000008)
    .ARM.Collect$$$$0000000A                 0x08000190   Section        0  entry8b.o(.ARM.Collect$$$$0000000A)
    .ARM.Collect$$$$0000000B                 0x08000190   Section        8  entry9a.o(.ARM.Collect$$$$0000000B)
    .ARM.Collect$$$$0000000D                 0x08000198   Section        0  entry10a.o(.ARM.Collect$$$$0000000D)
    .ARM.Collect$$$$0000000F                 0x08000198   Section        0  entry11a.o(.ARM.Collect$$$$0000000F)
    .ARM.Collect$$$$00002712                 0x08000198   Section        4  entry2.o(.ARM.Collect$$$$00002712)
    __lit__00000000                          0x08000198   Data           4  entry2.o(.ARM.Collect$$$$00002712)
    .text                                    0x0800019c   Section       36  startup_stm32l475xx.o(.text)
    $v0                                      0x0800019c   Number         0  startup_stm32l475xx.o(.text)
    .text                                    0x080001c0   Section        0  uldiv.o(.text)
    .text                                    0x08000228   Section        0  rand.o(.text)
    .text                                    0x0800024c   Section        0  memmovea.o(.text)
    .text                                    0x0800028c   Section        0  memseta.o(.text)
    .text                                    0x080002b0   Section        0  f2d.o(.text)
    .text                                    0x080002d6   Section        0  uidiv.o(.text)
    .text                                    0x08000302   Section        0  llshl.o(.text)
    .text                                    0x08000320   Section        0  llushr.o(.text)
    .text                                    0x08000340   Section        0  iusefp.o(.text)
    .text                                    0x08000340   Section        0  dadd.o(.text)
    .text                                    0x0800049e   Section        0  dmul.o(.text)
    .text                                    0x08000588   Section        0  ddiv.o(.text)
    .text                                    0x08000666   Section        0  dfixul.o(.text)
    .text                                    0x08000698   Section       48  cdrcmple.o(.text)
    .text                                    0x080006c8   Section       36  init.o(.text)
    .text                                    0x080006ec   Section        0  llsshr.o(.text)
    .text                                    0x08000710   Section        0  depilogue.o(.text)
    i.BusFault_Handler                       0x080007ca   Section        0  stm32l4xx_it.o(i.BusFault_Handler)
    i.Conv2D                                 0x080007d0   Section        0  nnom_conv2d.o(i.Conv2D)
    i.DebugMon_Handler                       0x080008b6   Section        0  stm32l4xx_it.o(i.DebugMon_Handler)
    i.Dense                                  0x080008b8   Section        0  nnom_dense.o(i.Dense)
    i.Error_Handler                          0x0800093e   Section        0  main.o(i.Error_Handler)
    i.HAL_GPIO_Init                          0x08000940   Section        0  stm32l4xx_hal_gpio.o(i.HAL_GPIO_Init)
    i.HAL_GetTick                            0x08000b44   Section        0  stm32l4xx_hal.o(i.HAL_GetTick)
    i.HAL_IncTick                            0x08000b50   Section        0  stm32l4xx_hal.o(i.HAL_IncTick)
    i.HAL_Init                               0x08000b60   Section        0  stm32l4xx_hal.o(i.HAL_Init)
    i.HAL_InitTick                           0x08000b80   Section        0  stm32l4xx_hal.o(i.HAL_InitTick)
    i.HAL_MspInit                            0x08000bb0   Section        0  stm32l4xx_hal_msp.o(i.HAL_MspInit)
    i.HAL_NVIC_SetPriority                   0x08000bf0   Section        0  stm32l4xx_hal_cortex.o(i.HAL_NVIC_SetPriority)
    i.HAL_NVIC_SetPriorityGrouping           0x08000c74   Section        0  stm32l4xx_hal_cortex.o(i.HAL_NVIC_SetPriorityGrouping)
    i.HAL_PWREx_ControlVoltageScaling        0x08000c9c   Section        0  stm32l4xx_hal_pwr_ex.o(i.HAL_PWREx_ControlVoltageScaling)
    i.HAL_PWREx_GetVoltageRange              0x08000d28   Section        0  stm32l4xx_hal_pwr_ex.o(i.HAL_PWREx_GetVoltageRange)
    i.HAL_RCCEx_PeriphCLKConfig              0x08000d38   Section        0  stm32l4xx_hal_rcc_ex.o(i.HAL_RCCEx_PeriphCLKConfig)
    i.HAL_RCC_ClockConfig                    0x0800120c   Section        0  stm32l4xx_hal_rcc.o(i.HAL_RCC_ClockConfig)
    i.HAL_RCC_GetHCLKFreq                    0x08001384   Section        0  stm32l4xx_hal_rcc.o(i.HAL_RCC_GetHCLKFreq)
    i.HAL_RCC_GetPCLK1Freq                   0x08001390   Section        0  stm32l4xx_hal_rcc.o(i.HAL_RCC_GetPCLK1Freq)
    i.HAL_RCC_GetPCLK2Freq                   0x080013b4   Section        0  stm32l4xx_hal_rcc.o(i.HAL_RCC_GetPCLK2Freq)
    i.HAL_RCC_GetSysClockFreq                0x080013d8   Section        0  stm32l4xx_hal_rcc.o(i.HAL_RCC_GetSysClockFreq)
    i.HAL_RCC_OscConfig                      0x080014f4   Section        0  stm32l4xx_hal_rcc.o(i.HAL_RCC_OscConfig)
    i.HAL_SYSTICK_Config                     0x08001b00   Section        0  stm32l4xx_hal_cortex.o(i.HAL_SYSTICK_Config)
    i.HAL_USART_Init                         0x08001b34   Section        0  stm32l4xx_hal_usart.o(i.HAL_USART_Init)
    i.HAL_USART_MspInit                      0x08001b9c   Section        0  stm32l4xx_hal_msp.o(i.HAL_USART_MspInit)
    i.HAL_USART_Transmit                     0x08001c14   Section        0  stm32l4xx_hal_usart.o(i.HAL_USART_Transmit)
    i.HardFault_Handler                      0x08001d0a   Section        0  stm32l4xx_it.o(i.HardFault_Handler)
    i.Input                                  0x08001d10   Section        0  nnom_input.o(i.Input)
    i.MX_GPIO_Init                           0x08001db4   Section        0  main.o(i.MX_GPIO_Init)
    MX_GPIO_Init                             0x08001db5   Thumb Code    32  main.o(i.MX_GPIO_Init)
    i.MX_USART1_Init                         0x08001dd8   Section        0  main.o(i.MX_USART1_Init)
    MX_USART1_Init                           0x08001dd9   Thumb Code    48  main.o(i.MX_USART1_Init)
    i.MaxPool                                0x08001e10   Section        0  nnom_maxpool.o(i.MaxPool)
    i.MemManage_Handler                      0x08001ec4   Section        0  stm32l4xx_it.o(i.MemManage_Handler)
    i.NMI_Handler                            0x08001ec8   Section        0  stm32l4xx_it.o(i.NMI_Handler)
    i.Output                                 0x08001ecc   Section        0  nnom_output.o(i.Output)
    i.PendSV_Handler                         0x08001ef8   Section        0  stm32l4xx_it.o(i.PendSV_Handler)
    i.RCCEx_PLLSAI1_Config                   0x08001efc   Section        0  stm32l4xx_hal_rcc_ex.o(i.RCCEx_PLLSAI1_Config)
    RCCEx_PLLSAI1_Config                     0x08001efd   Thumb Code   378  stm32l4xx_hal_rcc_ex.o(i.RCCEx_PLLSAI1_Config)
    i.RCCEx_PLLSAI2_Config                   0x08002088   Section        0  stm32l4xx_hal_rcc_ex.o(i.RCCEx_PLLSAI2_Config)
    RCCEx_PLLSAI2_Config                     0x08002089   Thumb Code   342  stm32l4xx_hal_rcc_ex.o(i.RCCEx_PLLSAI2_Config)
    i.RCC_SetFlashLatencyFromMSIRange        0x080021ec   Section        0  stm32l4xx_hal_rcc.o(i.RCC_SetFlashLatencyFromMSIRange)
    RCC_SetFlashLatencyFromMSIRange          0x080021ed   Thumb Code   148  stm32l4xx_hal_rcc.o(i.RCC_SetFlashLatencyFromMSIRange)
    i.ResetTimer                             0x08002288   Section        0  cyclecounter.o(i.ResetTimer)
    i.SVC_Handler                            0x080022cc   Section        0  stm32l4xx_it.o(i.SVC_Handler)
    i.Softmax                                0x080022d0   Section        0  nnom_softmax.o(i.Softmax)
    i.StartTimer                             0x08002320   Section        0  cyclecounter.o(i.StartTimer)
    i.StopTimer                              0x08002338   Section        0  cyclecounter.o(i.StopTimer)
    i.SysTick_Handler                        0x0800234c   Section        0  stm32l4xx_it.o(i.SysTick_Handler)
    i.SystemClock_Config                     0x08002354   Section        0  main.o(i.SystemClock_Config)
    i.SystemInit                             0x080023e8   Section        0  system_stm32l4xx.o(i.SystemInit)
    i.USART_CheckIdleState                   0x08002438   Section        0  stm32l4xx_hal_usart.o(i.USART_CheckIdleState)
    USART_CheckIdleState                     0x08002439   Thumb Code   110  stm32l4xx_hal_usart.o(i.USART_CheckIdleState)
    i.USART_SetConfig                        0x080024a8   Section        0  stm32l4xx_hal_usart.o(i.USART_SetConfig)
    USART_SetConfig                          0x080024a9   Thumb Code   406  stm32l4xx_hal_usart.o(i.USART_SetConfig)
    i.USART_WaitOnFlagUntilTimeout           0x08002658   Section        0  stm32l4xx_hal_usart.o(i.USART_WaitOnFlagUntilTimeout)
    USART_WaitOnFlagUntilTimeout             0x08002659   Thumb Code    80  stm32l4xx_hal_usart.o(i.USART_WaitOnFlagUntilTimeout)
    i.UsageFault_Handler                     0x080026a8   Section        0  stm32l4xx_it.o(i.UsageFault_Handler)
    i.__0printf                              0x080026ac   Section        0  printfa.o(i.__0printf)
    i.__NVIC_GetPriorityGrouping             0x080026cc   Section        0  stm32l4xx_hal_cortex.o(i.__NVIC_GetPriorityGrouping)
    __NVIC_GetPriorityGrouping               0x080026cd   Thumb Code    10  stm32l4xx_hal_cortex.o(i.__NVIC_GetPriorityGrouping)
    i.__NVIC_SetPriority                     0x080026dc   Section        0  stm32l4xx_hal_cortex.o(i.__NVIC_SetPriority)
    __NVIC_SetPriority                       0x080026dd   Thumb Code    32  stm32l4xx_hal_cortex.o(i.__NVIC_SetPriority)
    i.__scatterload_copy                     0x08002704   Section       14  handlers.o(i.__scatterload_copy)
    i.__scatterload_null                     0x08002712   Section        2  handlers.o(i.__scatterload_null)
    i.__scatterload_zeroinit                 0x08002714   Section       14  handlers.o(i.__scatterload_zeroinit)
    i._fp_digits                             0x08002724   Section        0  printfa.o(i._fp_digits)
    _fp_digits                               0x08002725   Thumb Code   366  printfa.o(i._fp_digits)
    i._printf_core                           0x080028b0   Section        0  printfa.o(i._printf_core)
    _printf_core                             0x080028b1   Thumb Code  1744  printfa.o(i._printf_core)
    i._printf_post_padding                   0x08002f92   Section        0  printfa.o(i._printf_post_padding)
    _printf_post_padding                     0x08002f93   Thumb Code    36  printfa.o(i._printf_post_padding)
    i._printf_pre_padding                    0x08002fb6   Section        0  printfa.o(i._printf_pre_padding)
    _printf_pre_padding                      0x08002fb7   Thumb Code    46  printfa.o(i._printf_pre_padding)
    i.act_relu                               0x08002fe4   Section        0  nnom_activation.o(i.act_relu)
    i.allocate_block                         0x08003000   Section        0  nnom.o(i.allocate_block)
    allocate_block                           0x08003001   Thumb Code    40  nnom.o(i.allocate_block)
    i.allocate_hook                          0x08003028   Section        0  nnom.o(i.allocate_hook)
    allocate_hook                            0x08003029   Thumb Code    50  nnom.o(i.allocate_hook)
    i.allocate_io                            0x0800305a   Section        0  nnom.o(i.allocate_io)
    allocate_io                              0x0800305b   Thumb Code    54  nnom.o(i.allocate_io)
    i.arm_convolve_1x1_HWC_q7_fast_nonsquare 0x08003090   Section        0  arm_convolve_1x1_hwc_q7_fast_nonsquare.o(i.arm_convolve_1x1_HWC_q7_fast_nonsquare)
    i.arm_convolve_HWC_q7_RGB                0x08003250   Section        0  arm_convolve_hwc_q7_rgb.o(i.arm_convolve_HWC_q7_RGB)
    i.arm_convolve_HWC_q7_basic              0x08003488   Section        0  arm_convolve_hwc_q7_basic.o(i.arm_convolve_HWC_q7_basic)
    i.arm_convolve_HWC_q7_basic_nonsquare    0x0800369e   Section        0  arm_convolve_hwc_q7_basic_nonsquare.o(i.arm_convolve_HWC_q7_basic_nonsquare)
    i.arm_convolve_HWC_q7_fast               0x080038c2   Section        0  arm_convolve_hwc_q7_fast.o(i.arm_convolve_HWC_q7_fast)
    i.arm_convolve_HWC_q7_fast_nonsquare     0x08003d9e   Section        0  arm_convolve_hwc_q7_fast_nonsquare.o(i.arm_convolve_HWC_q7_fast_nonsquare)
    i.arm_fully_connected_q7_opt             0x08004298   Section        0  arm_fully_connected_q7_opt.o(i.arm_fully_connected_q7_opt)
    i.arm_maxpool_q7_HWC                     0x080044dc   Section        0  arm_pool_q7_hwc.o(i.arm_maxpool_q7_HWC)
    i.arm_nn_mat_mult_kernel_q7_q15          0x08004628   Section        0  arm_nn_mat_mult_kernel_q7_q15.o(i.arm_nn_mat_mult_kernel_q7_q15)
    i.arm_nn_mat_mult_kernel_q7_q15_reordered 0x08004a88   Section        0  arm_nn_mat_mult_kernel_q7_q15_reordered.o(i.arm_nn_mat_mult_kernel_q7_q15_reordered)
    i.arm_q7_to_q15_no_shift                 0x08004cec   Section        0  arm_q7_to_q15_no_shift.o(i.arm_q7_to_q15_no_shift)
    i.arm_q7_to_q15_reordered_no_shift       0x08004d3c   Section        0  arm_q7_to_q15_reordered_no_shift.o(i.arm_q7_to_q15_reordered_no_shift)
    i.arm_relu_q7                            0x08004d78   Section        0  arm_relu_q7.o(i.arm_relu_q7)
    i.arm_softmax_q7                         0x08004dd6   Section        0  arm_softmax_q7.o(i.arm_softmax_q7)
    i.block_mem_set                          0x08004e7e   Section        0  nnom.o(i.block_mem_set)
    i.compare_and_replace_if_larger_q7       0x08004ec2   Section        0  arm_pool_q7_hwc.o(i.compare_and_replace_if_larger_q7)
    compare_and_replace_if_larger_q7         0x08004ec3   Thumb Code   156  arm_pool_q7_hwc.o(i.compare_and_replace_if_larger_q7)
    i.compile_layers                         0x08004f5e   Section        0  nnom.o(i.compile_layers)
    i.conv2d_build                           0x08005206   Section        0  nnom_conv2d.o(i.conv2d_build)
    i.conv2d_run                             0x08005314   Section        0  nnom_conv2d.o(i.conv2d_run)
    i.default_build                          0x0800578c   Section        0  nnom_baselayer.o(i.default_build)
    i.dense_build                            0x080057ba   Section        0  nnom_dense.o(i.dense_build)
    i.dense_run                              0x0800582c   Section        0  nnom_dense.o(i.dense_run)
    i.find_index                             0x08005886   Section        0  nnom.o(i.find_index)
    find_index                               0x08005887   Thumb Code    40  nnom.o(i.find_index)
    i.find_last                              0x080058ae   Section        0  nnom.o(i.find_last)
    find_last                                0x080058af   Thumb Code    28  nnom.o(i.find_last)
    i.fputc                                  0x080058cc   Section        0  main.o(i.fputc)
    i.free                                   0x080058ec   Section        0  malloc.o(i.free)
    i.getCycles                              0x0800593c   Section        0  cyclecounter.o(i.getCycles)
    i.input_build                            0x08005948   Section        0  nnom_input.o(i.input_build)
    i.input_run                              0x0800596c   Section        0  nnom_input.o(i.input_run)
    i.io_init                                0x0800598e   Section        0  nnom_layers.o(i.io_init)
    i.io_mem_size                            0x08005996   Section        0  nnom.o(i.io_mem_size)
    io_mem_size                              0x08005997   Thumb Code    28  nnom.o(i.io_mem_size)
    i.kernel                                 0x080059b2   Section        0  nnom_layers.o(i.kernel)
    i.layer_run                              0x080059c8   Section        0  nnom.o(i.layer_run)
    i.layer_shortcut_add                     0x08005a10   Section        0  nnom.o(i.layer_shortcut_add)
    layer_shortcut_add                       0x08005a11   Thumb Code    40  nnom.o(i.layer_shortcut_add)
    i.layer_shortcut_find_last               0x08005a38   Section        0  nnom.o(i.layer_shortcut_find_last)
    layer_shortcut_find_last                 0x08005a39   Thumb Code    24  nnom.o(i.layer_shortcut_find_last)
    i.local_maxpool_q7_HWC                   0x08005a50   Section        0  nnom_local.o(i.local_maxpool_q7_HWC)
    i.main                                   0x08005b50   Section        0  main.o(i.main)
    i.malloc                                 0x08005c38   Section        0  malloc.o(i.malloc)
    i.maxpool_run                            0x08005ca4   Section        0  nnom_maxpool.o(i.maxpool_run)
    i.maxpooling_build                       0x08005d70   Section        0  nnom_maxpool.o(i.maxpooling_build)
    i.mem_analysis_result                    0x08005e40   Section        0  nnom.o(i.mem_analysis_result)
    i.model_active                           0x08005ee8   Section        0  nnom.o(i.model_active)
    model_active                             0x08005ee9   Thumb Code     8  nnom.o(i.model_active)
    i.model_add                              0x08005ef0   Section        0  nnom.o(i.model_add)
    model_add                                0x08005ef1   Thumb Code    58  nnom.o(i.model_add)
    i.model_compile                          0x08005f30   Section        0  nnom.o(i.model_compile)
    i.model_hook                             0x080060a6   Section        0  nnom.o(i.model_hook)
    model_hook                               0x080060a7   Thumb Code    44  nnom.o(i.model_hook)
    i.model_merge                            0x080060d2   Section        0  nnom.o(i.model_merge)
    model_merge                              0x080060d3   Thumb Code    22  nnom.o(i.model_merge)
    i.model_mergex                           0x080060e8   Section        0  nnom.o(i.model_mergex)
    model_mergex                             0x080060e9   Thumb Code    76  nnom.o(i.model_mergex)
    i.model_run                              0x08006134   Section        0  nnom.o(i.model_run)
    i.model_run_to                           0x08006144   Section        0  nnom.o(i.model_run_to)
    i.model_set_ops                          0x08006258   Section        0  nnom.o(i.model_set_ops)
    model_set_ops                            0x08006259   Thumb Code    42  nnom.o(i.model_set_ops)
    i.new_model                              0x08006284   Section        0  nnom.o(i.new_model)
    i.new_tensor                             0x080062d8   Section        0  nnom_tensor.o(i.new_tensor)
    i.nnom_alignto                           0x08006304   Section        0  nnom.o(i.nnom_alignto)
    i.nnom_hook_length                       0x08006320   Section        0  nnom.o(i.nnom_hook_length)
    i.nnom_mem                               0x08006338   Section        0  nnom.o(i.nnom_mem)
    i.nnom_model_create                      0x0800636c   Section        0  main.o(i.nnom_model_create)
    nnom_model_create                        0x0800636d   Thumb Code   560  main.o(i.nnom_model_create)
    i.nnom_predict                           0x080065d8   Section        0  nnom_utils.o(i.nnom_predict)
    i.output_run                             0x080066aa   Section        0  nnom_output.o(i.output_run)
    i.print_layer_info                       0x080066cc   Section        0  nnom.o(i.print_layer_info)
    print_layer_info                         0x080066cd   Thumb Code   290  nnom.o(i.print_layer_info)
    i.print_memory_block_info                0x0800688c   Section        0  nnom.o(i.print_memory_block_info)
    print_memory_block_info                  0x0800688d   Thumb Code    84  nnom.o(i.print_memory_block_info)
    i.release_block                          0x080068f4   Section        0  nnom.o(i.release_block)
    release_block                            0x080068f5   Thumb Code    22  nnom.o(i.release_block)
    i.release_comp_mem                       0x0800690a   Section        0  nnom.o(i.release_comp_mem)
    release_comp_mem                         0x0800690b   Thumb Code    18  nnom.o(i.release_comp_mem)
    i.release_input_mem                      0x0800691c   Section        0  nnom.o(i.release_input_mem)
    release_input_mem                        0x0800691d   Thumb Code    22  nnom.o(i.release_input_mem)
    i.relu_run                               0x08006932   Section        0  nnom_activation.o(i.relu_run)
    relu_run                                 0x08006933   Thumb Code    18  nnom_activation.o(i.relu_run)
    i.set_tailed_activation                  0x08006944   Section        0  nnom.o(i.set_tailed_activation)
    i.shape                                  0x080069c8   Section        0  nnom_layers.o(i.shape)
    i.shape_size                             0x080069e8   Section        0  nnom_layers.o(i.shape_size)
    i.softmax_run                            0x080069fc   Section        0  nnom_softmax.o(i.softmax_run)
    i.stride                                 0x08006a20   Section        0  nnom_layers.o(i.stride)
    i.tensor_cpy_attributes                  0x08006a36   Section        0  nnom_tensor.o(i.tensor_cpy_attributes)
    i.tensor_mem_set                         0x08006a58   Section        0  nnom.o(i.tensor_mem_set)
    i.tensor_set_attribuites                 0x08006a90   Section        0  nnom_tensor.o(i.tensor_set_attribuites)
    i.tensor_size                            0x08006ab4   Section        0  nnom_tensor.o(i.tensor_size)
    .constdata                               0x08006ad8   Section    26688  main.o(.constdata)
    conv2d_weights                           0x08006ad8   Data         144  main.o(.constdata)
    conv2d_w                                 0x08006b68   Data           8  main.o(.constdata)
    conv2d_bias                              0x08006b70   Data           8  main.o(.constdata)
    conv2d_b                                 0x08006b78   Data           8  main.o(.constdata)
    conv2d_1_weights                         0x08006b80   Data         576  main.o(.constdata)
    conv2d_1_w                               0x08006dc0   Data           8  main.o(.constdata)
    conv2d_1_bias                            0x08006dc8   Data           8  main.o(.constdata)
    conv2d_1_b                               0x08006dd0   Data           8  main.o(.constdata)
    conv2d_2_weights                         0x08006dd8   Data         576  main.o(.constdata)
    conv2d_2_w                               0x08007018   Data           8  main.o(.constdata)
    conv2d_2_bias                            0x08007020   Data           8  main.o(.constdata)
    conv2d_2_b                               0x08007028   Data           8  main.o(.constdata)
    dense_weights                            0x08007030   Data       24576  main.o(.constdata)
    dense_w                                  0x0800d030   Data           8  main.o(.constdata)
    dense_bias                               0x0800d038   Data          32  main.o(.constdata)
    dense_b                                  0x0800d058   Data           8  main.o(.constdata)
    dense_1_weights                          0x0800d060   Data         512  main.o(.constdata)
    dense_1_w                                0x0800d260   Data           8  main.o(.constdata)
    dense_1_bias                             0x0800d268   Data          16  main.o(.constdata)
    dense_1_b                                0x0800d278   Data           8  main.o(.constdata)
    dense_2_weights                          0x0800d280   Data         128  main.o(.constdata)
    dense_2_w                                0x0800d300   Data           8  main.o(.constdata)
    dense_2_bias                             0x0800d308   Data           8  main.o(.constdata)
    dense_2_b                                0x0800d310   Data           8  main.o(.constdata)
    .constdata                               0x0800d318   Section      372  nnom.o(.constdata)
    .constdata                               0x0800d48c   Section       72  system_stm32l4xx.o(.constdata)
    .conststring                             0x0800d4d4   Section       70  main.o(.conststring)
    .conststring                             0x0800d51c   Section      363  nnom.o(.conststring)
    .data                                    0x10000000   Section       20  main.o(.data)
    DWT_CYCCNT                               0x10000000   Data           4  main.o(.data)
    DWT_CONTROL                              0x10000004   Data           4  main.o(.data)
    SCB_DEMCR                                0x10000008   Data           4  main.o(.data)
    nnom_output_data                         0x1000000c   Data           8  main.o(.data)
    .data                                    0x10000014   Section       12  cyclecounter.o(.data)
    DWT_CYCCNT                               0x10000014   Data           4  cyclecounter.o(.data)
    DWT_CONTROL                              0x10000018   Data           4  cyclecounter.o(.data)
    SCB_DEMCR                                0x1000001c   Data           4  cyclecounter.o(.data)
    .data                                    0x10000020   Section        4  stm32l4xx_hal.o(.data)
    .data                                    0x10000024   Section        4  nnom.o(.data)
    .data                                    0x10000028   Section        4  system_stm32l4xx.o(.data)
    .data                                    0x1000002c   Section        4  rand.o(.data)
    _rand_state                              0x1000002c   Data           4  rand.o(.data)
    .data                                    0x10000030   Section        4  stdout.o(.data)
    .data                                    0x10000034   Section        4  mvars.o(.data)
    .data                                    0x10000038   Section        4  mvars.o(.data)
    .bss                                     0x20000000   Section    12696  main.o(.bss)
    nnom_input_data                          0x20000000   Data       12480  main.o(.bss)
    model                                    0x20003110   Data         136  main.o(.bss)
    HEAP                                     0x20003198   Section    49152  startup_stm32l475xx.o(HEAP)
    STACK                                    0x2000f198   Section     8192  startup_stm32l475xx.o(STACK)

    Global Symbols

    Symbol Name                              Value     Ov Type        Size  Object(Section)

    BuildAttributes$$THM_ISAv4$E$P$D$K$B$S$7EM$VFPi3$EXTD16$VFPS$VFMA$PE$A:L22UL41UL21$X:L11$S22US41US21$IEEE1$IW$USESV6$~STKCKD$USESV7$~SHL$OSPACE$ROPI$EBA8$MICROLIB$REQ8$PRES8$EABIv2 0x00000000   Number         0  anon$$obj.o ABSOLUTE
    __ARM_use_no_argv                        0x00000000   Number         0  main.o ABSOLUTE
    _printf_a                                0x00000000   Number         0  stubs.o ABSOLUTE
    _printf_c                                0x00000000   Number         0  stubs.o ABSOLUTE
    _printf_charcount                        0x00000000   Number         0  stubs.o ABSOLUTE
    _printf_d                                0x00000000   Number         0  stubs.o ABSOLUTE
    _printf_e                                0x00000000   Number         0  stubs.o ABSOLUTE
    _printf_f                                0x00000000   Number         0  stubs.o ABSOLUTE
    _printf_flags                            0x00000000   Number         0  stubs.o ABSOLUTE
    _printf_fp_dec                           0x00000000   Number         0  stubs.o ABSOLUTE
    _printf_fp_hex                           0x00000000   Number         0  stubs.o ABSOLUTE
    _printf_g                                0x00000000   Number         0  stubs.o ABSOLUTE
    _printf_i                                0x00000000   Number         0  stubs.o ABSOLUTE
    _printf_int_dec                          0x00000000   Number         0  stubs.o ABSOLUTE
    _printf_l                                0x00000000   Number         0  stubs.o ABSOLUTE
    _printf_lc                               0x00000000   Number         0  stubs.o ABSOLUTE
    _printf_ll                               0x00000000   Number         0  stubs.o ABSOLUTE
    _printf_lld                              0x00000000   Number         0  stubs.o ABSOLUTE
    _printf_lli                              0x00000000   Number         0  stubs.o ABSOLUTE
    _printf_llo                              0x00000000   Number         0  stubs.o ABSOLUTE
    _printf_llu                              0x00000000   Number         0  stubs.o ABSOLUTE
    _printf_llx                              0x00000000   Number         0  stubs.o ABSOLUTE
    _printf_longlong_dec                     0x00000000   Number         0  stubs.o ABSOLUTE
    _printf_longlong_hex                     0x00000000   Number         0  stubs.o ABSOLUTE
    _printf_longlong_oct                     0x00000000   Number         0  stubs.o ABSOLUTE
    _printf_ls                               0x00000000   Number         0  stubs.o ABSOLUTE
    _printf_mbtowc                           0x00000000   Number         0  stubs.o ABSOLUTE
    _printf_n                                0x00000000   Number         0  stubs.o ABSOLUTE
    _printf_o                                0x00000000   Number         0  stubs.o ABSOLUTE
    _printf_p                                0x00000000   Number         0  stubs.o ABSOLUTE
    _printf_percent                          0x00000000   Number         0  stubs.o ABSOLUTE
    _printf_pre_padding                      0x00000000   Number         0  stubs.o ABSOLUTE
    _printf_return_value                     0x00000000   Number         0  stubs.o ABSOLUTE
    _printf_s                                0x00000000   Number         0  stubs.o ABSOLUTE
    _printf_sizespec                         0x00000000   Number         0  stubs.o ABSOLUTE
    _printf_str                              0x00000000   Number         0  stubs.o ABSOLUTE
    _printf_truncate_signed                  0x00000000   Number         0  stubs.o ABSOLUTE
    _printf_truncate_unsigned                0x00000000   Number         0  stubs.o ABSOLUTE
    _printf_u                                0x00000000   Number         0  stubs.o ABSOLUTE
    _printf_wc                               0x00000000   Number         0  stubs.o ABSOLUTE
    _printf_wctomb                           0x00000000   Number         0  stubs.o ABSOLUTE
    _printf_widthprec                        0x00000000   Number         0  stubs.o ABSOLUTE
    _printf_x                                0x00000000   Number         0  stubs.o ABSOLUTE
    __cpp_initialize__aeabi_                  - Undefined Weak Reference
    __cxa_finalize                            - Undefined Weak Reference
    __decompress                              - Undefined Weak Reference
    _clock_init                               - Undefined Weak Reference
    _microlib_exit                            - Undefined Weak Reference
    __Vectors_Size                           0x00000188   Number         0  startup_stm32l475xx.o ABSOLUTE
    __Vectors                                0x08000000   Data           4  startup_stm32l475xx.o(RESET)
    __Vectors_End                            0x08000188   Data           0  startup_stm32l475xx.o(RESET)
    __main                                   0x08000189   Thumb Code     0  entry.o(.ARM.Collect$$$$00000000)
    _main_stk                                0x08000189   Thumb Code     0  entry2.o(.ARM.Collect$$$$00000001)
    _main_scatterload                        0x0800018d   Thumb Code     0  entry5.o(.ARM.Collect$$$$00000004)
    __main_after_scatterload                 0x08000191   Thumb Code     0  entry5.o(.ARM.Collect$$$$00000004)
    _main_clock                              0x08000191   Thumb Code     0  entry7b.o(.ARM.Collect$$$$00000008)
    _main_cpp_init                           0x08000191   Thumb Code     0  entry8b.o(.ARM.Collect$$$$0000000A)
    _main_init                               0x08000191   Thumb Code     0  entry9a.o(.ARM.Collect$$$$0000000B)
    __rt_final_cpp                           0x08000199   Thumb Code     0  entry10a.o(.ARM.Collect$$$$0000000D)
    __rt_final_exit                          0x08000199   Thumb Code     0  entry11a.o(.ARM.Collect$$$$0000000F)
    Reset_Handler                            0x0800019d   Thumb Code     8  startup_stm32l475xx.o(.text)
    ADC1_2_IRQHandler                        0x080001b7   Thumb Code     0  startup_stm32l475xx.o(.text)
    ADC3_IRQHandler                          0x080001b7   Thumb Code     0  startup_stm32l475xx.o(.text)
    CAN1_RX0_IRQHandler                      0x080001b7   Thumb Code     0  startup_stm32l475xx.o(.text)
    CAN1_RX1_IRQHandler                      0x080001b7   Thumb Code     0  startup_stm32l475xx.o(.text)
    CAN1_SCE_IRQHandler                      0x080001b7   Thumb Code     0  startup_stm32l475xx.o(.text)
    CAN1_TX_IRQHandler                       0x080001b7   Thumb Code     0  startup_stm32l475xx.o(.text)
    COMP_IRQHandler                          0x080001b7   Thumb Code     0  startup_stm32l475xx.o(.text)
    DFSDM1_FLT0_IRQHandler                   0x080001b7   Thumb Code     0  startup_stm32l475xx.o(.text)
    DFSDM1_FLT1_IRQHandler                   0x080001b7   Thumb Code     0  startup_stm32l475xx.o(.text)
    DFSDM1_FLT2_IRQHandler                   0x080001b7   Thumb Code     0  startup_stm32l475xx.o(.text)
    DFSDM1_FLT3_IRQHandler                   0x080001b7   Thumb Code     0  startup_stm32l475xx.o(.text)
    DMA1_Channel1_IRQHandler                 0x080001b7   Thumb Code     0  startup_stm32l475xx.o(.text)
    DMA1_Channel2_IRQHandler                 0x080001b7   Thumb Code     0  startup_stm32l475xx.o(.text)
    DMA1_Channel3_IRQHandler                 0x080001b7   Thumb Code     0  startup_stm32l475xx.o(.text)
    DMA1_Channel4_IRQHandler                 0x080001b7   Thumb Code     0  startup_stm32l475xx.o(.text)
    DMA1_Channel5_IRQHandler                 0x080001b7   Thumb Code     0  startup_stm32l475xx.o(.text)
    DMA1_Channel6_IRQHandler                 0x080001b7   Thumb Code     0  startup_stm32l475xx.o(.text)
    DMA1_Channel7_IRQHandler                 0x080001b7   Thumb Code     0  startup_stm32l475xx.o(.text)
    DMA2_Channel1_IRQHandler                 0x080001b7   Thumb Code     0  startup_stm32l475xx.o(.text)
    DMA2_Channel2_IRQHandler                 0x080001b7   Thumb Code     0  startup_stm32l475xx.o(.text)
    DMA2_Channel3_IRQHandler                 0x080001b7   Thumb Code     0  startup_stm32l475xx.o(.text)
    DMA2_Channel4_IRQHandler                 0x080001b7   Thumb Code     0  startup_stm32l475xx.o(.text)
    DMA2_Channel5_IRQHandler                 0x080001b7   Thumb Code     0  startup_stm32l475xx.o(.text)
    DMA2_Channel6_IRQHandler                 0x080001b7   Thumb Code     0  startup_stm32l475xx.o(.text)
    DMA2_Channel7_IRQHandler                 0x080001b7   Thumb Code     0  startup_stm32l475xx.o(.text)
    EXTI0_IRQHandler                         0x080001b7   Thumb Code     0  startup_stm32l475xx.o(.text)
    EXTI15_10_IRQHandler                     0x080001b7   Thumb Code     0  startup_stm32l475xx.o(.text)
    EXTI1_IRQHandler                         0x080001b7   Thumb Code     0  startup_stm32l475xx.o(.text)
    EXTI2_IRQHandler                         0x080001b7   Thumb Code     0  startup_stm32l475xx.o(.text)
    EXTI3_IRQHandler                         0x080001b7   Thumb Code     0  startup_stm32l475xx.o(.text)
    EXTI4_IRQHandler                         0x080001b7   Thumb Code     0  startup_stm32l475xx.o(.text)
    EXTI9_5_IRQHandler                       0x080001b7   Thumb Code     0  startup_stm32l475xx.o(.text)
    FLASH_IRQHandler                         0x080001b7   Thumb Code     0  startup_stm32l475xx.o(.text)
    FMC_IRQHandler                           0x080001b7   Thumb Code     0  startup_stm32l475xx.o(.text)
    FPU_IRQHandler                           0x080001b7   Thumb Code     0  startup_stm32l475xx.o(.text)
    I2C1_ER_IRQHandler                       0x080001b7   Thumb Code     0  startup_stm32l475xx.o(.text)
    I2C1_EV_IRQHandler                       0x080001b7   Thumb Code     0  startup_stm32l475xx.o(.text)
    I2C2_ER_IRQHandler                       0x080001b7   Thumb Code     0  startup_stm32l475xx.o(.text)
    I2C2_EV_IRQHandler                       0x080001b7   Thumb Code     0  startup_stm32l475xx.o(.text)
    I2C3_ER_IRQHandler                       0x080001b7   Thumb Code     0  startup_stm32l475xx.o(.text)
    I2C3_EV_IRQHandler                       0x080001b7   Thumb Code     0  startup_stm32l475xx.o(.text)
    LPTIM1_IRQHandler                        0x080001b7   Thumb Code     0  startup_stm32l475xx.o(.text)
    LPTIM2_IRQHandler                        0x080001b7   Thumb Code     0  startup_stm32l475xx.o(.text)
    LPUART1_IRQHandler                       0x080001b7   Thumb Code     0  startup_stm32l475xx.o(.text)
    OTG_FS_IRQHandler                        0x080001b7   Thumb Code     0  startup_stm32l475xx.o(.text)
    PVD_PVM_IRQHandler                       0x080001b7   Thumb Code     0  startup_stm32l475xx.o(.text)
    QUADSPI_IRQHandler                       0x080001b7   Thumb Code     0  startup_stm32l475xx.o(.text)
    RCC_IRQHandler                           0x080001b7   Thumb Code     0  startup_stm32l475xx.o(.text)
    RNG_IRQHandler                           0x080001b7   Thumb Code     0  startup_stm32l475xx.o(.text)
    RTC_Alarm_IRQHandler                     0x080001b7   Thumb Code     0  startup_stm32l475xx.o(.text)
    RTC_WKUP_IRQHandler                      0x080001b7   Thumb Code     0  startup_stm32l475xx.o(.text)
    SAI1_IRQHandler                          0x080001b7   Thumb Code     0  startup_stm32l475xx.o(.text)
    SAI2_IRQHandler                          0x080001b7   Thumb Code     0  startup_stm32l475xx.o(.text)
    SDMMC1_IRQHandler                        0x080001b7   Thumb Code     0  startup_stm32l475xx.o(.text)
    SPI1_IRQHandler                          0x080001b7   Thumb Code     0  startup_stm32l475xx.o(.text)
    SPI2_IRQHandler                          0x080001b7   Thumb Code     0  startup_stm32l475xx.o(.text)
    SPI3_IRQHandler                          0x080001b7   Thumb Code     0  startup_stm32l475xx.o(.text)
    SWPMI1_IRQHandler                        0x080001b7   Thumb Code     0  startup_stm32l475xx.o(.text)
    TAMP_STAMP_IRQHandler                    0x080001b7   Thumb Code     0  startup_stm32l475xx.o(.text)
    TIM1_BRK_TIM15_IRQHandler                0x080001b7   Thumb Code     0  startup_stm32l475xx.o(.text)
    TIM1_CC_IRQHandler                       0x080001b7   Thumb Code     0  startup_stm32l475xx.o(.text)
    TIM1_TRG_COM_TIM17_IRQHandler            0x080001b7   Thumb Code     0  startup_stm32l475xx.o(.text)
    TIM1_UP_TIM16_IRQHandler                 0x080001b7   Thumb Code     0  startup_stm32l475xx.o(.text)
    TIM2_IRQHandler                          0x080001b7   Thumb Code     0  startup_stm32l475xx.o(.text)
    TIM3_IRQHandler                          0x080001b7   Thumb Code     0  startup_stm32l475xx.o(.text)
    TIM4_IRQHandler                          0x080001b7   Thumb Code     0  startup_stm32l475xx.o(.text)
    TIM5_IRQHandler                          0x080001b7   Thumb Code     0  startup_stm32l475xx.o(.text)
    TIM6_DAC_IRQHandler                      0x080001b7   Thumb Code     0  startup_stm32l475xx.o(.text)
    TIM7_IRQHandler                          0x080001b7   Thumb Code     0  startup_stm32l475xx.o(.text)
    TIM8_BRK_IRQHandler                      0x080001b7   Thumb Code     0  startup_stm32l475xx.o(.text)
    TIM8_CC_IRQHandler                       0x080001b7   Thumb Code     0  startup_stm32l475xx.o(.text)
    TIM8_TRG_COM_IRQHandler                  0x080001b7   Thumb Code     0  startup_stm32l475xx.o(.text)
    TIM8_UP_IRQHandler                       0x080001b7   Thumb Code     0  startup_stm32l475xx.o(.text)
    TSC_IRQHandler                           0x080001b7   Thumb Code     0  startup_stm32l475xx.o(.text)
    UART4_IRQHandler                         0x080001b7   Thumb Code     0  startup_stm32l475xx.o(.text)
    UART5_IRQHandler                         0x080001b7   Thumb Code     0  startup_stm32l475xx.o(.text)
    USART1_IRQHandler                        0x080001b7   Thumb Code     0  startup_stm32l475xx.o(.text)
    USART2_IRQHandler                        0x080001b7   Thumb Code     0  startup_stm32l475xx.o(.text)
    USART3_IRQHandler                        0x080001b7   Thumb Code     0  startup_stm32l475xx.o(.text)
    WWDG_IRQHandler                          0x080001b7   Thumb Code     0  startup_stm32l475xx.o(.text)
    __aeabi_uldivmod                         0x080001c1   Thumb Code    98  uldiv.o(.text)
    rand                                     0x08000229   Thumb Code    20  rand.o(.text)
    srand                                    0x0800023d   Thumb Code     6  rand.o(.text)
    ___aeabi_memcpy4$move                    0x0800024d   Thumb Code     0  memmovea.o(.text)
    ___aeabi_memcpy8$move                    0x0800024d   Thumb Code     0  memmovea.o(.text)
    __aeabi_memcpy                           0x0800024d   Thumb Code    64  memmovea.o(.text)
    __aeabi_memmove                          0x0800024d   Thumb Code     0  memmovea.o(.text)
    __aeabi_memmove4                         0x0800024d   Thumb Code     0  memmovea.o(.text)
    __aeabi_memmove8                         0x0800024d   Thumb Code     0  memmovea.o(.text)
    __aeabi_memset                           0x0800028d   Thumb Code    14  memseta.o(.text)
    __aeabi_memset4                          0x0800028d   Thumb Code     0  memseta.o(.text)
    __aeabi_memset8                          0x0800028d   Thumb Code     0  memseta.o(.text)
    __aeabi_memclr                           0x0800029b   Thumb Code     4  memseta.o(.text)
    __aeabi_memclr4                          0x0800029b   Thumb Code     0  memseta.o(.text)
    __aeabi_memclr8                          0x0800029b   Thumb Code     0  memseta.o(.text)
    _memset$wrapper                          0x0800029f   Thumb Code    18  memseta.o(.text)
    __aeabi_f2d                              0x080002b1   Thumb Code    38  f2d.o(.text)
    __aeabi_uidiv                            0x080002d7   Thumb Code     0  uidiv.o(.text)
    __aeabi_uidivmod                         0x080002d7   Thumb Code    44  uidiv.o(.text)
    __aeabi_llsl                             0x08000303   Thumb Code    30  llshl.o(.text)
    _ll_shift_l                              0x08000303   Thumb Code     0  llshl.o(.text)
    __aeabi_llsr                             0x08000321   Thumb Code    32  llushr.o(.text)
    _ll_ushift_r                             0x08000321   Thumb Code     0  llushr.o(.text)
    __I$use$fp                               0x08000341   Thumb Code     0  iusefp.o(.text)
    __aeabi_dadd                             0x08000341   Thumb Code   322  dadd.o(.text)
    __aeabi_dsub                             0x08000483   Thumb Code     6  dadd.o(.text)
    __aeabi_drsub                            0x08000489   Thumb Code     6  dadd.o(.text)
    __aeabi_dmul                             0x0800049f   Thumb Code   228  dmul.o(.text)
    __aeabi_ddiv                             0x08000589   Thumb Code   222  ddiv.o(.text)
    __aeabi_d2ulz                            0x08000667   Thumb Code    48  dfixul.o(.text)
    __aeabi_cdrcmple                         0x08000699   Thumb Code    48  cdrcmple.o(.text)
    __scatterload                            0x080006c9   Thumb Code    28  init.o(.text)
    __scatterload_rt2                        0x080006c9   Thumb Code     0  init.o(.text)
    __aeabi_lasr                             0x080006ed   Thumb Code    36  llsshr.o(.text)
    _ll_sshift_r                             0x080006ed   Thumb Code     0  llsshr.o(.text)
    _double_round                            0x08000711   Thumb Code    30  depilogue.o(.text)
    _double_epilogue                         0x0800072f   Thumb Code   156  depilogue.o(.text)
    BusFault_Handler                         0x080007cb   Thumb Code     4  stm32l4xx_it.o(i.BusFault_Handler)
    Conv2D                                   0x080007d1   Thumb Code   212  nnom_conv2d.o(i.Conv2D)
    DebugMon_Handler                         0x080008b7   Thumb Code     2  stm32l4xx_it.o(i.DebugMon_Handler)
    Dense                                    0x080008b9   Thumb Code   120  nnom_dense.o(i.Dense)
    Error_Handler                            0x0800093f   Thumb Code     2  main.o(i.Error_Handler)
    HAL_GPIO_Init                            0x08000941   Thumb Code   480  stm32l4xx_hal_gpio.o(i.HAL_GPIO_Init)
    HAL_GetTick                              0x08000b45   Thumb Code     6  stm32l4xx_hal.o(i.HAL_GetTick)
    HAL_IncTick                              0x08000b51   Thumb Code    12  stm32l4xx_hal.o(i.HAL_IncTick)
    HAL_Init                                 0x08000b61   Thumb Code    30  stm32l4xx_hal.o(i.HAL_Init)
    HAL_InitTick                             0x08000b81   Thumb Code    44  stm32l4xx_hal.o(i.HAL_InitTick)
    HAL_MspInit                              0x08000bb1   Thumb Code    58  stm32l4xx_hal_msp.o(i.HAL_MspInit)
    HAL_NVIC_SetPriority                     0x08000bf1   Thumb Code   124  stm32l4xx_hal_cortex.o(i.HAL_NVIC_SetPriority)
    HAL_NVIC_SetPriorityGrouping             0x08000c75   Thumb Code    32  stm32l4xx_hal_cortex.o(i.HAL_NVIC_SetPriorityGrouping)
    HAL_PWREx_ControlVoltageScaling          0x08000c9d   Thumb Code   128  stm32l4xx_hal_pwr_ex.o(i.HAL_PWREx_ControlVoltageScaling)
    HAL_PWREx_GetVoltageRange                0x08000d29   Thumb Code    10  stm32l4xx_hal_pwr_ex.o(i.HAL_PWREx_GetVoltageRange)
    HAL_RCCEx_PeriphCLKConfig                0x08000d39   Thumb Code  1230  stm32l4xx_hal_rcc_ex.o(i.HAL_RCCEx_PeriphCLKConfig)
    HAL_RCC_ClockConfig                      0x0800120d   Thumb Code   358  stm32l4xx_hal_rcc.o(i.HAL_RCC_ClockConfig)
    HAL_RCC_GetHCLKFreq                      0x08001385   Thumb Code     6  stm32l4xx_hal_rcc.o(i.HAL_RCC_GetHCLKFreq)
    HAL_RCC_GetPCLK1Freq                     0x08001391   Thumb Code    26  stm32l4xx_hal_rcc.o(i.HAL_RCC_GetPCLK1Freq)
    HAL_RCC_GetPCLK2Freq                     0x080013b5   Thumb Code    26  stm32l4xx_hal_rcc.o(i.HAL_RCC_GetPCLK2Freq)
    HAL_RCC_GetSysClockFreq                  0x080013d9   Thumb Code   266  stm32l4xx_hal_rcc.o(i.HAL_RCC_GetSysClockFreq)
    HAL_RCC_OscConfig                        0x080014f5   Thumb Code  1536  stm32l4xx_hal_rcc.o(i.HAL_RCC_OscConfig)
    HAL_SYSTICK_Config                       0x08001b01   Thumb Code    52  stm32l4xx_hal_cortex.o(i.HAL_SYSTICK_Config)
    HAL_USART_Init                           0x08001b35   Thumb Code   102  stm32l4xx_hal_usart.o(i.HAL_USART_Init)
    HAL_USART_MspInit                        0x08001b9d   Thumb Code   108  stm32l4xx_hal_msp.o(i.HAL_USART_MspInit)
    HAL_USART_Transmit                       0x08001c15   Thumb Code   240  stm32l4xx_hal_usart.o(i.HAL_USART_Transmit)
    HardFault_Handler                        0x08001d0b   Thumb Code     4  stm32l4xx_it.o(i.HardFault_Handler)
    Input                                    0x08001d11   Thumb Code   154  nnom_input.o(i.Input)
    MaxPool                                  0x08001e11   Thumb Code   170  nnom_maxpool.o(i.MaxPool)
    MemManage_Handler                        0x08001ec5   Thumb Code     4  stm32l4xx_it.o(i.MemManage_Handler)
    NMI_Handler                              0x08001ec9   Thumb Code     2  stm32l4xx_it.o(i.NMI_Handler)
    Output                                   0x08001ecd   Thumb Code    34  nnom_output.o(i.Output)
    PendSV_Handler                           0x08001ef9   Thumb Code     2  stm32l4xx_it.o(i.PendSV_Handler)
    ResetTimer                               0x08002289   Thumb Code    48  cyclecounter.o(i.ResetTimer)
    SVC_Handler                              0x080022cd   Thumb Code     2  stm32l4xx_it.o(i.SVC_Handler)
    Softmax                                  0x080022d1   Thumb Code    72  nnom_softmax.o(i.Softmax)
    StartTimer                               0x08002321   Thumb Code    18  cyclecounter.o(i.StartTimer)
    StopTimer                                0x08002339   Thumb Code    16  cyclecounter.o(i.StopTimer)
    SysTick_Handler                          0x0800234d   Thumb Code     8  stm32l4xx_it.o(i.SysTick_Handler)
    SystemClock_Config                       0x08002355   Thumb Code   148  main.o(i.SystemClock_Config)
    SystemInit                               0x080023e9   Thumb Code    68  system_stm32l4xx.o(i.SystemInit)
    UsageFault_Handler                       0x080026a9   Thumb Code     4  stm32l4xx_it.o(i.UsageFault_Handler)
    __0printf                                0x080026ad   Thumb Code    22  printfa.o(i.__0printf)
    __1printf                                0x080026ad   Thumb Code     0  printfa.o(i.__0printf)
    __2printf                                0x080026ad   Thumb Code     0  printfa.o(i.__0printf)
    __c89printf                              0x080026ad   Thumb Code     0  printfa.o(i.__0printf)
    printf                                   0x080026ad   Thumb Code     0  printfa.o(i.__0printf)
    __scatterload_copy                       0x08002705   Thumb Code    14  handlers.o(i.__scatterload_copy)
    __scatterload_null                       0x08002713   Thumb Code     2  handlers.o(i.__scatterload_null)
    __scatterload_zeroinit                   0x08002715   Thumb Code    14  handlers.o(i.__scatterload_zeroinit)
    act_relu                                 0x08002fe5   Thumb Code    22  nnom_activation.o(i.act_relu)
    arm_convolve_1x1_HWC_q7_fast_nonsquare   0x08003091   Thumb Code   442  arm_convolve_1x1_hwc_q7_fast_nonsquare.o(i.arm_convolve_1x1_HWC_q7_fast_nonsquare)
    arm_convolve_HWC_q7_RGB                  0x08003251   Thumb Code   562  arm_convolve_hwc_q7_rgb.o(i.arm_convolve_HWC_q7_RGB)
    arm_convolve_HWC_q7_basic                0x08003489   Thumb Code   528  arm_convolve_hwc_q7_basic.o(i.arm_convolve_HWC_q7_basic)
    arm_convolve_HWC_q7_basic_nonsquare      0x0800369f   Thumb Code   542  arm_convolve_hwc_q7_basic_nonsquare.o(i.arm_convolve_HWC_q7_basic_nonsquare)
    arm_convolve_HWC_q7_fast                 0x080038c3   Thumb Code  1238  arm_convolve_hwc_q7_fast.o(i.arm_convolve_HWC_q7_fast)
    arm_convolve_HWC_q7_fast_nonsquare       0x08003d9f   Thumb Code  1268  arm_convolve_hwc_q7_fast_nonsquare.o(i.arm_convolve_HWC_q7_fast_nonsquare)
    arm_fully_connected_q7_opt               0x08004299   Thumb Code   574  arm_fully_connected_q7_opt.o(i.arm_fully_connected_q7_opt)
    arm_maxpool_q7_HWC                       0x080044dd   Thumb Code   326  arm_pool_q7_hwc.o(i.arm_maxpool_q7_HWC)
    arm_nn_mat_mult_kernel_q7_q15            0x08004629   Thumb Code  1114  arm_nn_mat_mult_kernel_q7_q15.o(i.arm_nn_mat_mult_kernel_q7_q15)
    arm_nn_mat_mult_kernel_q7_q15_reordered  0x08004a89   Thumb Code   606  arm_nn_mat_mult_kernel_q7_q15_reordered.o(i.arm_nn_mat_mult_kernel_q7_q15_reordered)
    arm_q7_to_q15_no_shift                   0x08004ced   Thumb Code    80  arm_q7_to_q15_no_shift.o(i.arm_q7_to_q15_no_shift)
    arm_q7_to_q15_reordered_no_shift         0x08004d3d   Thumb Code    60  arm_q7_to_q15_reordered_no_shift.o(i.arm_q7_to_q15_reordered_no_shift)
    arm_relu_q7                              0x08004d79   Thumb Code    94  arm_relu_q7.o(i.arm_relu_q7)
    arm_softmax_q7                           0x08004dd7   Thumb Code   168  arm_softmax_q7.o(i.arm_softmax_q7)
    block_mem_set                            0x08004e7f   Thumb Code    68  nnom.o(i.block_mem_set)
    compile_layers                           0x08004f5f   Thumb Code   674  nnom.o(i.compile_layers)
    conv2d_build                             0x08005207   Thumb Code   270  nnom_conv2d.o(i.conv2d_build)
    conv2d_run                               0x08005315   Thumb Code  1144  nnom_conv2d.o(i.conv2d_run)
    default_build                            0x0800578d   Thumb Code    46  nnom_baselayer.o(i.default_build)
    dense_build                              0x080057bb   Thumb Code   114  nnom_dense.o(i.dense_build)
    dense_run                                0x0800582d   Thumb Code    90  nnom_dense.o(i.dense_run)
    fputc                                    0x080058cd   Thumb Code    28  main.o(i.fputc)
    free                                     0x080058ed   Thumb Code    76  malloc.o(i.free)
    getCycles                                0x0800593d   Thumb Code     8  cyclecounter.o(i.getCycles)
    input_build                              0x08005949   Thumb Code    36  nnom_input.o(i.input_build)
    input_run                                0x0800596d   Thumb Code    34  nnom_input.o(i.input_run)
    io_init                                  0x0800598f   Thumb Code     8  nnom_layers.o(i.io_init)
    kernel                                   0x080059b3   Thumb Code    22  nnom_layers.o(i.kernel)
    layer_run                                0x080059c9   Thumb Code    46  nnom.o(i.layer_run)
    local_maxpool_q7_HWC                     0x08005a51   Thumb Code   250  nnom_local.o(i.local_maxpool_q7_HWC)
    main                                     0x08005b51   Thumb Code   186  main.o(i.main)
    malloc                                   0x08005c39   Thumb Code    92  malloc.o(i.malloc)
    maxpool_run                              0x08005ca5   Thumb Code   204  nnom_maxpool.o(i.maxpool_run)
    maxpooling_build                         0x08005d71   Thumb Code   208  nnom_maxpool.o(i.maxpooling_build)
    mem_analysis_result                      0x08005e41   Thumb Code    72  nnom.o(i.mem_analysis_result)
    model_compile                            0x08005f31   Thumb Code   212  nnom.o(i.model_compile)
    model_run                                0x08006135   Thumb Code    14  nnom.o(i.model_run)
    model_run_to                             0x08006145   Thumb Code   146  nnom.o(i.model_run_to)
    new_model                                0x08006285   Thumb Code    62  nnom.o(i.new_model)
    new_tensor                               0x080062d9   Thumb Code    44  nnom_tensor.o(i.new_tensor)
    nnom_alignto                             0x08006305   Thumb Code    28  nnom.o(i.nnom_alignto)
    nnom_hook_length                         0x08006321   Thumb Code    24  nnom.o(i.nnom_hook_length)
    nnom_mem                                 0x08006339   Thumb Code    46  nnom.o(i.nnom_mem)
    nnom_predict                             0x080065d9   Thumb Code   196  nnom_utils.o(i.nnom_predict)
    output_run                               0x080066ab   Thumb Code    34  nnom_output.o(i.output_run)
    set_tailed_activation                    0x08006945   Thumb Code   106  nnom.o(i.set_tailed_activation)
    shape                                    0x080069c9   Thumb Code    32  nnom_layers.o(i.shape)
    shape_size                               0x080069e9   Thumb Code    20  nnom_layers.o(i.shape_size)
    softmax_run                              0x080069fd   Thumb Code    36  nnom_softmax.o(i.softmax_run)
    stride                                   0x08006a21   Thumb Code    22  nnom_layers.o(i.stride)
    tensor_cpy_attributes                    0x08006a37   Thumb Code    34  nnom_tensor.o(i.tensor_cpy_attributes)
    tensor_mem_set                           0x08006a59   Thumb Code    56  nnom.o(i.tensor_mem_set)
    tensor_set_attribuites                   0x08006a91   Thumb Code    36  nnom_tensor.o(i.tensor_set_attribuites)
    tensor_size                              0x08006ab5   Thumb Code    34  nnom_tensor.o(i.tensor_size)
    default_layer_names                      0x0800d318   Data         348  nnom.o(.constdata)
    default_activation_names                 0x0800d474   Data          24  nnom.o(.constdata)
    AHBPrescTable                            0x0800d48c   Data          16  system_stm32l4xx.o(.constdata)
    APBPrescTable                            0x0800d49c   Data           8  system_stm32l4xx.o(.constdata)
    MSIRangeTable                            0x0800d4a4   Data          48  system_stm32l4xx.o(.constdata)
    Region$$Table$$Base                      0x0800d688   Number         0  anon$$obj.o(Region$$Table)
    Region$$Table$$Limit                     0x0800d6a8   Number         0  anon$$obj.o(Region$$Table)
    uwTick                                   0x10000020   Data           4  stm32l4xx_hal.o(.data)
    nnom_memory_taken                        0x10000024   Data           4  nnom.o(.data)
    SystemCoreClock                          0x10000028   Data           4  system_stm32l4xx.o(.data)
    __stdout                                 0x10000030   Data           4  stdout.o(.data)
    __microlib_freelist                      0x10000034   Data           4  mvars.o(.data)
    __microlib_freelist_initialised          0x10000038   Data           4  mvars.o(.data)
    husart1                                  0x200030c0   Data          80  main.o(.bss)
    __heap_base                              0x20003198   Data           0  startup_stm32l475xx.o(HEAP)
    __heap_limit                             0x2000f198   Data           0  startup_stm32l475xx.o(HEAP)
    __initial_sp                             0x20011198   Data           0  startup_stm32l475xx.o(STACK)



==============================================================================

Memory Map of the image

  Image Entry point : 0x08000189

  Load Region LR_IROM1 (Base: 0x08000000, Size: 0x0000d6e4, Max: 0x00100000, ABSOLUTE)

    Execution Region ER_IROM1 (Exec base: 0x08000000, Load base: 0x08000000, Size: 0x0000d6a8, Max: 0x00100000, ABSOLUTE)

    Exec Addr    Load Addr    Size         Type   Attr      Idx    E Section Name        Object

    0x08000000   0x08000000   0x00000188   Data   RO         4878    RESET               startup_stm32l475xx.o
    0x08000188   0x08000188   0x00000000   Code   RO         4952  * .ARM.Collect$$$$00000000  mc_w.l(entry.o)
    0x08000188   0x08000188   0x00000004   Code   RO         5263    .ARM.Collect$$$$00000001  mc_w.l(entry2.o)
    0x0800018c   0x0800018c   0x00000004   Code   RO         5266    .ARM.Collect$$$$00000004  mc_w.l(entry5.o)
    0x08000190   0x08000190   0x00000000   Code   RO         5268    .ARM.Collect$$$$00000008  mc_w.l(entry7b.o)
    0x08000190   0x08000190   0x00000000   Code   RO         5270    .ARM.Collect$$$$0000000A  mc_w.l(entry8b.o)
    0x08000190   0x08000190   0x00000008   Code   RO         5271    .ARM.Collect$$$$0000000B  mc_w.l(entry9a.o)
    0x08000198   0x08000198   0x00000000   Code   RO         5273    .ARM.Collect$$$$0000000D  mc_w.l(entry10a.o)
    0x08000198   0x08000198   0x00000000   Code   RO         5275    .ARM.Collect$$$$0000000F  mc_w.l(entry11a.o)
    0x08000198   0x08000198   0x00000004   Code   RO         5264    .ARM.Collect$$$$00002712  mc_w.l(entry2.o)
    0x0800019c   0x0800019c   0x00000024   Code   RO         4879    .text               startup_stm32l475xx.o
    0x080001c0   0x080001c0   0x00000068   Code   RO         4955    .text               mc_w.l(uldiv.o)
    0x08000228   0x08000228   0x00000024   Code   RO         4959    .text               mc_w.l(rand.o)
    0x0800024c   0x0800024c   0x00000040   Code   RO         4964    .text               mc_w.l(memmovea.o)
    0x0800028c   0x0800028c   0x00000024   Code   RO         4966    .text               mc_w.l(memseta.o)
    0x080002b0   0x080002b0   0x00000026   Code   RO         5261    .text               mf_w.l(f2d.o)
    0x080002d6   0x080002d6   0x0000002c   Code   RO         5278    .text               mc_w.l(uidiv.o)
    0x08000302   0x08000302   0x0000001e   Code   RO         5280    .text               mc_w.l(llshl.o)
    0x08000320   0x08000320   0x00000020   Code   RO         5282    .text               mc_w.l(llushr.o)
    0x08000340   0x08000340   0x00000000   Code   RO         5286    .text               mc_w.l(iusefp.o)
    0x08000340   0x08000340   0x0000015e   Code   RO         5287    .text               mf_w.l(dadd.o)
    0x0800049e   0x0800049e   0x000000ea   Code   RO         5289    .text               mf_w.l(dmul.o)
    0x08000588   0x08000588   0x000000de   Code   RO         5291    .text               mf_w.l(ddiv.o)
    0x08000666   0x08000666   0x00000030   Code   RO         5293    .text               mf_w.l(dfixul.o)
    0x08000696   0x08000696   0x00000002   PAD
    0x08000698   0x08000698   0x00000030   Code   RO         5295    .text               mf_w.l(cdrcmple.o)
    0x080006c8   0x080006c8   0x00000024   Code   RO         5297    .text               mc_w.l(init.o)
    0x080006ec   0x080006ec   0x00000024   Code   RO         5299    .text               mc_w.l(llsshr.o)
    0x08000710   0x08000710   0x000000ba   Code   RO         5301    .text               mf_w.l(depilogue.o)
    0x080007ca   0x080007ca   0x00000004   Code   RO          223    i.BusFault_Handler  stm32l4xx_it.o
    0x080007ce   0x080007ce   0x00000002   PAD
    0x080007d0   0x080007d0   0x000000e6   Code   RO         3581    i.Conv2D            nnom_conv2d.o
    0x080008b6   0x080008b6   0x00000002   Code   RO          224    i.DebugMon_Handler  stm32l4xx_it.o
    0x080008b8   0x080008b8   0x00000086   Code   RO         3645    i.Dense             nnom_dense.o
    0x0800093e   0x0800093e   0x00000002   Code   RO            4    i.Error_Handler     main.o
    0x08000940   0x08000940   0x00000204   Code   RO         1967    i.HAL_GPIO_Init     stm32l4xx_hal_gpio.o
    0x08000b44   0x08000b44   0x0000000c   Code   RO          772    i.HAL_GetTick       stm32l4xx_hal.o
    0x08000b50   0x08000b50   0x00000010   Code   RO          776    i.HAL_IncTick       stm32l4xx_hal.o
    0x08000b60   0x08000b60   0x0000001e   Code   RO          777    i.HAL_Init          stm32l4xx_hal.o
    0x08000b7e   0x08000b7e   0x00000002   PAD
    0x08000b80   0x08000b80   0x00000030   Code   RO          778    i.HAL_InitTick      stm32l4xx_hal.o
    0x08000bb0   0x08000bb0   0x00000040   Code   RO          365    i.HAL_MspInit       stm32l4xx_hal_msp.o
    0x08000bf0   0x08000bf0   0x00000082   Code   RO         2514    i.HAL_NVIC_SetPriority  stm32l4xx_hal_cortex.o
    0x08000c72   0x08000c72   0x00000002   PAD
    0x08000c74   0x08000c74   0x00000028   Code   RO         2515    i.HAL_NVIC_SetPriorityGrouping  stm32l4xx_hal_cortex.o
    0x08000c9c   0x08000c9c   0x0000008c   Code   RO         2258    i.HAL_PWREx_ControlVoltageScaling  stm32l4xx_hal_pwr_ex.o
    0x08000d28   0x08000d28   0x00000010   Code   RO         2289    i.HAL_PWREx_GetVoltageRange  stm32l4xx_hal_pwr_ex.o
    0x08000d38   0x08000d38   0x000004d4   Code   RO         1604    i.HAL_RCCEx_PeriphCLKConfig  stm32l4xx_hal_rcc_ex.o
    0x0800120c   0x0800120c   0x00000178   Code   RO         1489    i.HAL_RCC_ClockConfig  stm32l4xx_hal_rcc.o
    0x08001384   0x08001384   0x0000000c   Code   RO         1493    i.HAL_RCC_GetHCLKFreq  stm32l4xx_hal_rcc.o
    0x08001390   0x08001390   0x00000024   Code   RO         1495    i.HAL_RCC_GetPCLK1Freq  stm32l4xx_hal_rcc.o
    0x080013b4   0x080013b4   0x00000024   Code   RO         1496    i.HAL_RCC_GetPCLK2Freq  stm32l4xx_hal_rcc.o
    0x080013d8   0x080013d8   0x0000011c   Code   RO         1497    i.HAL_RCC_GetSysClockFreq  stm32l4xx_hal_rcc.o
    0x080014f4   0x080014f4   0x0000060c   Code   RO         1500    i.HAL_RCC_OscConfig  stm32l4xx_hal_rcc.o
    0x08001b00   0x08001b00   0x00000034   Code   RO         2519    i.HAL_SYSTICK_Config  stm32l4xx_hal_cortex.o
    0x08001b34   0x08001b34   0x00000066   Code   RO          483    i.HAL_USART_Init    stm32l4xx_hal_usart.o
    0x08001b9a   0x08001b9a   0x00000002   PAD
    0x08001b9c   0x08001b9c   0x00000078   Code   RO          367    i.HAL_USART_MspInit  stm32l4xx_hal_msp.o
    0x08001c14   0x08001c14   0x000000f6   Code   RO          491    i.HAL_USART_Transmit  stm32l4xx_hal_usart.o
    0x08001d0a   0x08001d0a   0x00000004   Code   RO          225    i.HardFault_Handler  stm32l4xx_it.o
    0x08001d0e   0x08001d0e   0x00000002   PAD
    0x08001d10   0x08001d10   0x000000a4   Code   RO         3776    i.Input             nnom_input.o
    0x08001db4   0x08001db4   0x00000024   Code   RO            5    i.MX_GPIO_Init      main.o
    0x08001dd8   0x08001dd8   0x00000038   Code   RO            6    i.MX_USART1_Init    main.o
    0x08001e10   0x08001e10   0x000000b4   Code   RO         3881    i.MaxPool           nnom_maxpool.o
    0x08001ec4   0x08001ec4   0x00000004   Code   RO          226    i.MemManage_Handler  stm32l4xx_it.o
    0x08001ec8   0x08001ec8   0x00000002   Code   RO          227    i.NMI_Handler       stm32l4xx_it.o
    0x08001eca   0x08001eca   0x00000002   PAD
    0x08001ecc   0x08001ecc   0x0000002c   Code   RO         3916    i.Output            nnom_output.o
    0x08001ef8   0x08001ef8   0x00000002   Code   RO          228    i.PendSV_Handler    stm32l4xx_it.o
    0x08001efa   0x08001efa   0x00000002   PAD
    0x08001efc   0x08001efc   0x0000018c   Code   RO         1608    i.RCCEx_PLLSAI1_Config  stm32l4xx_hal_rcc_ex.o
    0x08002088   0x08002088   0x00000164   Code   RO         1609    i.RCCEx_PLLSAI2_Config  stm32l4xx_hal_rcc_ex.o
    0x080021ec   0x080021ec   0x0000009c   Code   RO         1501    i.RCC_SetFlashLatencyFromMSIRange  stm32l4xx_hal_rcc.o
    0x08002288   0x08002288   0x00000044   Code   RO          398    i.ResetTimer        cyclecounter.o
    0x080022cc   0x080022cc   0x00000002   Code   RO          229    i.SVC_Handler       stm32l4xx_it.o
    0x080022ce   0x080022ce   0x00000002   PAD
    0x080022d0   0x080022d0   0x00000050   Code   RO         3983    i.Softmax           nnom_softmax.o
    0x08002320   0x08002320   0x00000018   Code   RO          399    i.StartTimer        cyclecounter.o
    0x08002338   0x08002338   0x00000014   Code   RO          400    i.StopTimer         cyclecounter.o
    0x0800234c   0x0800234c   0x00000008   Code   RO          230    i.SysTick_Handler   stm32l4xx_it.o
    0x08002354   0x08002354   0x00000094   Code   RO            7    i.SystemClock_Config  main.o
    0x080023e8   0x080023e8   0x00000050   Code   RO         4887    i.SystemInit        system_stm32l4xx.o
    0x08002438   0x08002438   0x0000006e   Code   RO          500    i.USART_CheckIdleState  stm32l4xx_hal_usart.o
    0x080024a6   0x080024a6   0x00000002   PAD
    0x080024a8   0x080024a8   0x000001b0   Code   RO          513    i.USART_SetConfig   stm32l4xx_hal_usart.o
    0x08002658   0x08002658   0x00000050   Code   RO          516    i.USART_WaitOnFlagUntilTimeout  stm32l4xx_hal_usart.o
    0x080026a8   0x080026a8   0x00000004   Code   RO          231    i.UsageFault_Handler  stm32l4xx_it.o
    0x080026ac   0x080026ac   0x00000020   Code   RO         5205    i.__0printf         mc_w.l(printfa.o)
    0x080026cc   0x080026cc   0x00000010   Code   RO         2521    i.__NVIC_GetPriorityGrouping  stm32l4xx_hal_cortex.o
    0x080026dc   0x080026dc   0x00000028   Code   RO         2522    i.__NVIC_SetPriority  stm32l4xx_hal_cortex.o
    0x08002704   0x08002704   0x0000000e   Code   RO         5305    i.__scatterload_copy  mc_w.l(handlers.o)
    0x08002712   0x08002712   0x00000002   Code   RO         5306    i.__scatterload_null  mc_w.l(handlers.o)
    0x08002714   0x08002714   0x0000000e   Code   RO         5307    i.__scatterload_zeroinit  mc_w.l(handlers.o)
    0x08002722   0x08002722   0x00000002   PAD
    0x08002724   0x08002724   0x0000018a   Code   RO         5212    i._fp_digits        mc_w.l(printfa.o)
    0x080028ae   0x080028ae   0x00000002   PAD
    0x080028b0   0x080028b0   0x000006e2   Code   RO         5213    i._printf_core      mc_w.l(printfa.o)
    0x08002f92   0x08002f92   0x00000024   Code   RO         5214    i._printf_post_padding  mc_w.l(printfa.o)
    0x08002fb6   0x08002fb6   0x0000002e   Code   RO         5215    i._printf_pre_padding  mc_w.l(printfa.o)
    0x08002fe4   0x08002fe4   0x0000001c   Code   RO         3376    i.act_relu          nnom_activation.o
    0x08003000   0x08003000   0x00000028   Code   RO         2909    i.allocate_block    nnom.o
    0x08003028   0x08003028   0x00000032   Code   RO         2910    i.allocate_hook     nnom.o
    0x0800305a   0x0800305a   0x00000036   Code   RO         2911    i.allocate_io       nnom.o
    0x08003090   0x08003090   0x000001c0   Code   RO         4200    i.arm_convolve_1x1_HWC_q7_fast_nonsquare  arm_convolve_1x1_hwc_q7_fast_nonsquare.o
    0x08003250   0x08003250   0x00000238   Code   RO         4275    i.arm_convolve_HWC_q7_RGB  arm_convolve_hwc_q7_rgb.o
    0x08003488   0x08003488   0x00000216   Code   RO         4302    i.arm_convolve_HWC_q7_basic  arm_convolve_hwc_q7_basic.o
    0x0800369e   0x0800369e   0x00000224   Code   RO         4326    i.arm_convolve_HWC_q7_basic_nonsquare  arm_convolve_hwc_q7_basic_nonsquare.o
    0x080038c2   0x080038c2   0x000004dc   Code   RO         4350    i.arm_convolve_HWC_q7_fast  arm_convolve_hwc_q7_fast.o
    0x08003d9e   0x08003d9e   0x000004fa   Code   RO         4374    i.arm_convolve_HWC_q7_fast_nonsquare  arm_convolve_hwc_q7_fast_nonsquare.o
    0x08004298   0x08004298   0x00000244   Code   RO         4645    i.arm_fully_connected_q7_opt  arm_fully_connected_q7_opt.o
    0x080044dc   0x080044dc   0x0000014c   Code   RO         4788    i.arm_maxpool_q7_HWC  arm_pool_q7_hwc.o
    0x08004628   0x08004628   0x00000460   Code   RO         4477    i.arm_nn_mat_mult_kernel_q7_q15  arm_nn_mat_mult_kernel_q7_q15.o
    0x08004a88   0x08004a88   0x00000264   Code   RO         4501    i.arm_nn_mat_mult_kernel_q7_q15_reordered  arm_nn_mat_mult_kernel_q7_q15_reordered.o
    0x08004cec   0x08004cec   0x00000050   Code   RO         4738    i.arm_q7_to_q15_no_shift  arm_q7_to_q15_no_shift.o
    0x08004d3c   0x08004d3c   0x0000003c   Code   RO         4762    i.arm_q7_to_q15_reordered_no_shift  arm_q7_to_q15_reordered_no_shift.o
    0x08004d78   0x08004d78   0x0000005e   Code   RO         4176    i.arm_relu_q7       arm_relu_q7.o
    0x08004dd6   0x08004dd6   0x000000a8   Code   RO         4855    i.arm_softmax_q7    arm_softmax_q7.o
    0x08004e7e   0x08004e7e   0x00000044   Code   RO         2912    i.block_mem_set     nnom.o
    0x08004ec2   0x08004ec2   0x0000009c   Code   RO         4790    i.compare_and_replace_if_larger_q7  arm_pool_q7_hwc.o
    0x08004f5e   0x08004f5e   0x000002a8   Code   RO         2913    i.compile_layers    nnom.o
    0x08005206   0x08005206   0x0000010e   Code   RO         3582    i.conv2d_build      nnom_conv2d.o
    0x08005314   0x08005314   0x00000478   Code   RO         3583    i.conv2d_run        nnom_conv2d.o
    0x0800578c   0x0800578c   0x0000002e   Code   RO         3527    i.default_build     nnom_baselayer.o
    0x080057ba   0x080057ba   0x00000072   Code   RO         3646    i.dense_build       nnom_dense.o
    0x0800582c   0x0800582c   0x0000005a   Code   RO         3647    i.dense_run         nnom_dense.o
    0x08005886   0x08005886   0x00000028   Code   RO         2914    i.find_index        nnom.o
    0x080058ae   0x080058ae   0x0000001c   Code   RO         2915    i.find_last         nnom.o
    0x080058ca   0x080058ca   0x00000002   PAD
    0x080058cc   0x080058cc   0x00000020   Code   RO            9    i.fputc             main.o
    0x080058ec   0x080058ec   0x00000050   Code   RO         5233    i.free              mc_w.l(malloc.o)
    0x0800593c   0x0800593c   0x0000000c   Code   RO          401    i.getCycles         cyclecounter.o
    0x08005948   0x08005948   0x00000024   Code   RO         3777    i.input_build       nnom_input.o
    0x0800596c   0x0800596c   0x00000022   Code   RO         3778    i.input_run         nnom_input.o
    0x0800598e   0x0800598e   0x00000008   Code   RO         3162    i.io_init           nnom_layers.o
    0x08005996   0x08005996   0x0000001c   Code   RO         2917    i.io_mem_size       nnom.o
    0x080059b2   0x080059b2   0x00000016   Code   RO         3163    i.kernel            nnom_layers.o
    0x080059c8   0x080059c8   0x00000048   Code   RO         2920    i.layer_run         nnom.o
    0x08005a10   0x08005a10   0x00000028   Code   RO         2921    i.layer_shortcut_add  nnom.o
    0x08005a38   0x08005a38   0x00000018   Code   RO         2922    i.layer_shortcut_find_last  nnom.o
    0x08005a50   0x08005a50   0x00000100   Code   RO         2726    i.local_maxpool_q7_HWC  nnom_local.o
    0x08005b50   0x08005b50   0x000000e8   Code   RO           10    i.main              main.o
    0x08005c38   0x08005c38   0x0000006c   Code   RO         5234    i.malloc            mc_w.l(malloc.o)
    0x08005ca4   0x08005ca4   0x000000cc   Code   RO         3882    i.maxpool_run       nnom_maxpool.o
    0x08005d70   0x08005d70   0x000000d0   Code   RO         3883    i.maxpooling_build  nnom_maxpool.o
    0x08005e40   0x08005e40   0x000000a8   Code   RO         2923    i.mem_analysis_result  nnom.o
    0x08005ee8   0x08005ee8   0x00000008   Code   RO         2924    i.model_active      nnom.o
    0x08005ef0   0x08005ef0   0x00000040   Code   RO         2925    i.model_add         nnom.o
    0x08005f30   0x08005f30   0x00000176   Code   RO         2926    i.model_compile     nnom.o
    0x080060a6   0x080060a6   0x0000002c   Code   RO         2929    i.model_hook        nnom.o
    0x080060d2   0x080060d2   0x00000016   Code   RO         2930    i.model_merge       nnom.o
    0x080060e8   0x080060e8   0x0000004c   Code   RO         2931    i.model_mergex      nnom.o
    0x08006134   0x08006134   0x0000000e   Code   RO         2932    i.model_run         nnom.o
    0x08006142   0x08006142   0x00000002   PAD
    0x08006144   0x08006144   0x00000114   Code   RO         2933    i.model_run_to      nnom.o
    0x08006258   0x08006258   0x0000002a   Code   RO         2935    i.model_set_ops     nnom.o
    0x08006282   0x08006282   0x00000002   PAD
    0x08006284   0x08006284   0x00000054   Code   RO         2936    i.new_model         nnom.o
    0x080062d8   0x080062d8   0x0000002c   Code   RO         3221    i.new_tensor        nnom_tensor.o
    0x08006304   0x08006304   0x0000001c   Code   RO         2937    i.nnom_alignto      nnom.o
    0x08006320   0x08006320   0x00000018   Code   RO         2938    i.nnom_hook_length  nnom.o
    0x08006338   0x08006338   0x00000034   Code   RO         2940    i.nnom_mem          nnom.o
    0x0800636c   0x0800636c   0x0000026c   Code   RO           11    i.nnom_model_create  main.o
    0x080065d8   0x080065d8   0x000000d2   Code   RO         3277    i.nnom_predict      nnom_utils.o
    0x080066aa   0x080066aa   0x00000022   Code   RO         3917    i.output_run        nnom_output.o
    0x080066cc   0x080066cc   0x000001be   Code   RO         2942    i.print_layer_info  nnom.o
    0x0800688a   0x0800688a   0x00000002   PAD
    0x0800688c   0x0800688c   0x00000068   Code   RO         2943    i.print_memory_block_info  nnom.o
    0x080068f4   0x080068f4   0x00000016   Code   RO         2944    i.release_block     nnom.o
    0x0800690a   0x0800690a   0x00000012   Code   RO         2945    i.release_comp_mem  nnom.o
    0x0800691c   0x0800691c   0x00000016   Code   RO         2946    i.release_input_mem  nnom.o
    0x08006932   0x08006932   0x00000012   Code   RO         3382    i.relu_run          nnom_activation.o
    0x08006944   0x08006944   0x00000084   Code   RO         2948    i.set_tailed_activation  nnom.o
    0x080069c8   0x080069c8   0x00000020   Code   RO         3165    i.shape             nnom_layers.o
    0x080069e8   0x080069e8   0x00000014   Code   RO         3166    i.shape_size        nnom_layers.o
    0x080069fc   0x080069fc   0x00000024   Code   RO         3984    i.softmax_run       nnom_softmax.o
    0x08006a20   0x08006a20   0x00000016   Code   RO         3167    i.stride            nnom_layers.o
    0x08006a36   0x08006a36   0x00000022   Code   RO         3223    i.tensor_cpy_attributes  nnom_tensor.o
    0x08006a58   0x08006a58   0x00000038   Code   RO         2949    i.tensor_mem_set    nnom.o
    0x08006a90   0x08006a90   0x00000024   Code   RO         3225    i.tensor_set_attribuites  nnom_tensor.o
    0x08006ab4   0x08006ab4   0x00000022   Code   RO         3226    i.tensor_size       nnom_tensor.o
    0x08006ad6   0x08006ad6   0x00000002   PAD
    0x08006ad8   0x08006ad8   0x00006840   Data   RO           13    .constdata          main.o
    0x0800d318   0x0800d318   0x00000174   Data   RO         2950    .constdata          nnom.o
    0x0800d48c   0x0800d48c   0x00000048   Data   RO         4888    .constdata          system_stm32l4xx.o
    0x0800d4d4   0x0800d4d4   0x00000046   Data   RO           14    .conststring        main.o
    0x0800d51a   0x0800d51a   0x00000002   PAD
    0x0800d51c   0x0800d51c   0x0000016b   Data   RO         2951    .conststring        nnom.o
    0x0800d687   0x0800d687   0x00000001   PAD
    0x0800d688   0x0800d688   0x00000020   Data   RO         5303    Region$$Table       anon$$obj.o


    Execution Region RW_IRAM2 (Exec base: 0x10000000, Load base: 0x0800d6a8, Size: 0x0000003c, Max: 0x00008000, ABSOLUTE)

    Exec Addr    Load Addr    Size         Type   Attr      Idx    E Section Name        Object

    0x10000000   0x0800d6a8   0x00000014   Data   RW           15    .data               main.o
    0x10000014   0x0800d6bc   0x0000000c   Data   RW          402    .data               cyclecounter.o
    0x10000020   0x0800d6c8   0x00000004   Data   RW          793    .data               stm32l4xx_hal.o
    0x10000024   0x0800d6cc   0x00000004   Data   RW         2952    .data               nnom.o
    0x10000028   0x0800d6d0   0x00000004   Data   RW         4889    .data               system_stm32l4xx.o
    0x1000002c   0x0800d6d4   0x00000004   Data   RW         4960    .data               mc_w.l(rand.o)
    0x10000030   0x0800d6d8   0x00000004   Data   RW         5277    .data               mc_w.l(stdout.o)
    0x10000034   0x0800d6dc   0x00000004   Data   RW         5284    .data               mc_w.l(mvars.o)
    0x10000038   0x0800d6e0   0x00000004   Data   RW         5285    .data               mc_w.l(mvars.o)


    Execution Region RW_IRAM1 (Exec base: 0x20000000, Load base: 0x0800d6a8, Size: 0x00011198, Max: 0x00018000, ABSOLUTE)

    Exec Addr    Load Addr    Size         Type   Attr      Idx    E Section Name        Object

    0x20000000        -       0x00003198   Zero   RW           12    .bss                main.o
    0x20003198        -       0x0000c000   Zero   RW         4877    HEAP                startup_stm32l475xx.o
    0x2000f198        -       0x00002000   Zero   RW         4876    STACK               startup_stm32l475xx.o


==============================================================================

Image component sizes


      Code (inc. data)   RO Data    RW Data    ZI Data      Debug   Object Name

       448          0          0          0          0       4629   arm_convolve_1x1_hwc_q7_fast_nonsquare.o
       534          0          0          0          0       3032   arm_convolve_hwc_q7_basic.o
       548          0          0          0          0       3310   arm_convolve_hwc_q7_basic_nonsquare.o
      1244          0          0          0          0       3615   arm_convolve_hwc_q7_fast.o
      1274          0          0          0          0       3893   arm_convolve_hwc_q7_fast_nonsquare.o
       568          0          0          0          0       4622   arm_convolve_hwc_q7_rgb.o
       580          0          0          0          0       3257   arm_fully_connected_q7_opt.o
         0          0          0          0          0       1280   arm_nn_activations_q15.o
      1120          0          0          0          0       3908   arm_nn_mat_mult_kernel_q7_q15.o
       612          0          0          0          0       2990   arm_nn_mat_mult_kernel_q7_q15_reordered.o
       488          0          0          0          0       2997   arm_pool_q7_hwc.o
        80          0          0          0          0        949   arm_q7_to_q15_no_shift.o
        60          0          0          0          0        947   arm_q7_to_q15_reordered_no_shift.o
        94          0          0          0          0        846   arm_relu_q7.o
       168          0          0          0          0       1505   arm_softmax_q7.o
       124         34          0         12          0       2186   cyclecounter.o
      1126        122      26758         20      12696     914569   main.o
      3200        638        735          4          0      27617   nnom.o
        46          6          0          0          0       1139   nnom_activation.o
        46          0          0          0          0        616   nnom_baselayer.o
      1644          8          0          0          0       3201   nnom_conv2d.o
       338          8          0          0          0       2986   nnom_dense.o
       234         10          0          0          0       2598   nnom_input.o
       104          0          0          0          0       3705   nnom_layers.o
       256          0          0          0          0       8726   nnom_local.o
       592         10          0          0          0       2927   nnom_maxpool.o
        78         10          0          0          0       1726   nnom_output.o
       116          8          0          0          0       1368   nnom_softmax.o
       148          0          0          0          0       3200   nnom_tensor.o
       210          8          0          0          0       7534   nnom_utils.o
        36          8        392          0      57344        876   startup_stm32l475xx.o
       106         14          0          4          0       3659   stm32l4xx_hal.o
       278         22          0          0          0      34042   stm32l4xx_hal_cortex.o
       516         36          0          0          0       1704   stm32l4xx_hal_gpio.o
       184         18          0          0          0       1602   stm32l4xx_hal_msp.o
       156         18          0          0          0       1394   stm32l4xx_hal_pwr_ex.o
      2448         98          0          0          0       7408   stm32l4xx_hal_rcc.o
      1988         48          0          0          0       4020   stm32l4xx_hal_rcc_ex.o
       970         36          0          0          0       5130   stm32l4xx_hal_usart.o
        32          0          0          0          0     117078   stm32l4xx_it.o
        80         12         72          4          0       1429   system_stm32l4xx.o

    ----------------------------------------------------------------------
     22902       1172      27992         44      70040    1204220   Object Totals
         0          0         32          0          0          0   (incl. Generated)
        28          0          3          0          0          0   (incl. Padding)

    ----------------------------------------------------------------------

      Code (inc. data)   RO Data    RW Data    ZI Data      Debug   Library Member Name

         0          0          0          0          0          0   entry.o
         0          0          0          0          0          0   entry10a.o
         0          0          0          0          0          0   entry11a.o
         8          4          0          0          0          0   entry2.o
         4          0          0          0          0          0   entry5.o
         0          0          0          0          0          0   entry7b.o
         0          0          0          0          0          0   entry8b.o
         8          4          0          0          0          0   entry9a.o
        30          0          0          0          0          0   handlers.o
        36          8          0          0          0         68   init.o
         0          0          0          0          0          0   iusefp.o
        30          0          0          0          0         68   llshl.o
        36          0          0          0          0         68   llsshr.o
        32          0          0          0          0         68   llushr.o
       188         20          0          0          0        160   malloc.o
        64          0          0          0          0         76   memmovea.o
        36          0          0          0          0        108   memseta.o
         0          0          0          8          0          0   mvars.o
      2270         90          0          0          0        452   printfa.o
        36         10          0          4          0        136   rand.o
         0          0          0          4          0          0   stdout.o
        44          0          0          0          0         80   uidiv.o
       104          0          0          0          0         92   uldiv.o
        48          0          0          0          0         68   cdrcmple.o
       350          0          0          0          0        148   dadd.o
       222          0          0          0          0        100   ddiv.o
       186          0          0          0          0        176   depilogue.o
        48          0          0          0          0         68   dfixul.o
       234          0          0          0          0         96   dmul.o
        38          0          0          0          0         68   f2d.o

    ----------------------------------------------------------------------
      4058        136          0         16          0       2100   Library Totals
         6          0          0          0          0          0   (incl. Padding)

    ----------------------------------------------------------------------

      Code (inc. data)   RO Data    RW Data    ZI Data      Debug   Library Name

      2926        136          0         16          0       1376   mc_w.l
      1126          0          0          0          0        724   mf_w.l

    ----------------------------------------------------------------------
      4058        136          0         16          0       2100   Library Totals

    ----------------------------------------------------------------------

==============================================================================


      Code (inc. data)   RO Data    RW Data    ZI Data      Debug   

     26960       1308      27992         60      70040    1193484   Grand Totals
     26960       1308      27992         60      70040    1193484   ELF Image Totals
     26960       1308      27992         60          0          0   ROM Totals

==============================================================================

    Total RO  Size (Code + RO Data)                54952 (  53.66kB)
    Total RW  Size (RW Data + ZI Data)             70100 (  68.46kB)
    Total ROM Size (Code + RO Data + RW Data)      55012 (  53.72kB)

==============================================================================

