Component: ARM Compiler 5.06 update 6 (build 750) Tool: armlink [4d35ed]

==============================================================================

Section Cross References

    startup_stm32l475xx.o(RESET) refers to startup_stm32l475xx.o(STACK) for __initial_sp
    startup_stm32l475xx.o(RESET) refers to startup_stm32l475xx.o(.text) for Reset_Handler
    startup_stm32l475xx.o(RESET) refers to stm32l4xx_it.o(i.NMI_Handler) for NMI_Handler
    startup_stm32l475xx.o(RESET) refers to stm32l4xx_it.o(i.HardFault_Handler) for HardFault_Handler
    startup_stm32l475xx.o(RESET) refers to stm32l4xx_it.o(i.MemManage_Handler) for MemManage_Handler
    startup_stm32l475xx.o(RESET) refers to stm32l4xx_it.o(i.BusFault_Handler) for BusFault_Handler
    startup_stm32l475xx.o(RESET) refers to stm32l4xx_it.o(i.UsageFault_Handler) for UsageFault_Handler
    startup_stm32l475xx.o(RESET) refers to stm32l4xx_it.o(i.SVC_Handler) for SVC_Handler
    startup_stm32l475xx.o(RESET) refers to stm32l4xx_it.o(i.DebugMon_Handler) for DebugMon_Handler
    startup_stm32l475xx.o(RESET) refers to stm32l4xx_it.o(i.PendSV_Handler) for PendSV_Handler
    startup_stm32l475xx.o(RESET) refers to stm32l4xx_it.o(i.SysTick_Handler) for SysTick_Handler
    startup_stm32l475xx.o(RESET) refers to stm32l4xx_it.o(i.DMA1_Channel4_IRQHandler) for DMA1_Channel4_IRQHandler
    startup_stm32l475xx.o(RESET) refers to stm32l4xx_it.o(i.DMA1_Channel5_IRQHandler) for DMA1_Channel5_IRQHandler
    startup_stm32l475xx.o(RESET) refers to stm32l4xx_it.o(i.EXTI15_10_IRQHandler) for EXTI15_10_IRQHandler
    startup_stm32l475xx.o(RESET) refers to stm32l4xx_it.o(i.DFSDM1_FLT0_IRQHandler) for DFSDM1_FLT0_IRQHandler
    startup_stm32l475xx.o(RESET) refers to stm32l4xx_it.o(i.DFSDM1_FLT1_IRQHandler) for DFSDM1_FLT1_IRQHandler
    startup_stm32l475xx.o(RESET) refers to stm32l4xx_it.o(i.QUADSPI_IRQHandler) for QUADSPI_IRQHandler
    startup_stm32l475xx.o(.text) refers to system_stm32l4xx.o(i.SystemInit) for SystemInit
    startup_stm32l475xx.o(.text) refers to entry.o(.ARM.Collect$$$$00000000) for __main
    network.o(i.ai_network_create) refers to ai_platform_interface.o(i.ai_platform_network_create) for ai_platform_network_create
    network.o(i.ai_network_create) refers to network.o(.data) for .data
    network.o(i.ai_network_destroy) refers to ai_platform_interface.o(i.ai_platform_network_destroy) for ai_platform_network_destroy
    network.o(i.ai_network_forward) refers to ai_platform_interface.o(i.ai_platform_network_process) for ai_platform_network_process
    network.o(i.ai_network_get_error) refers to ai_platform_interface.o(i.ai_platform_network_get_error) for ai_platform_network_get_error
    network.o(i.ai_network_get_info) refers to ai_platform_interface.o(i.ai_platform_context_acquire) for ai_platform_context_acquire
    network.o(i.ai_network_get_info) refers to memcpya.o(.text) for __aeabi_memcpy4
    network.o(i.ai_network_get_info) refers to ai_platform_interface.o(i.ai_platform_runtime_get_revision) for ai_platform_runtime_get_revision
    network.o(i.ai_network_get_info) refers to ai_platform_interface.o(i.ai_platform_runtime_get_version) for ai_platform_runtime_get_version
    network.o(i.ai_network_get_info) refers to ai_platform_interface.o(i.ai_platform_api_get_version) for ai_platform_api_get_version
    network.o(i.ai_network_get_info) refers to ai_platform_interface.o(i.ai_platform_interface_api_get_version) for ai_platform_interface_api_get_version
    network.o(i.ai_network_get_info) refers to ai_platform_interface.o(i.ai_platform_api_get_network_report) for ai_platform_api_get_network_report
    network.o(i.ai_network_get_info) refers to network.o(.constdata) for .constdata
    network.o(i.ai_network_init) refers to ai_platform_interface.o(i.ai_platform_network_init) for ai_platform_network_init
    network.o(i.ai_network_init) refers to network.o(i.network_configure_weights) for network_configure_weights
    network.o(i.ai_network_init) refers to network.o(i.network_configure_activations) for network_configure_activations
    network.o(i.ai_network_run) refers to ai_platform_interface.o(i.ai_platform_network_process) for ai_platform_network_process
    network.o(i.network_configure_activations) refers to network.o(.data) for .data
    network.o(i.network_configure_weights) refers to network.o(.data) for .data
    network.o(.constdata) refers to network.o(.data) for <Data73>
    network.o(.constdata) refers to network.o(.data) for <Data80>
    network.o(.constdata) refers to network.o(.data) for <Data87>
    network.o(.constdata) refers to network.o(.data) for <Data94>
    network.o(.constdata) refers to network.o(.data) for <Data99>
    network.o(.constdata) refers to network.o(.data) for <Data104>
    network.o(.constdata) refers to network.o(.data) for <Data109>
    network.o(.constdata) refers to network.o(.data) for <Data114>
    network.o(.constdata) refers to network.o(.data) for <Data119>
[...]
    SPI2_IRQHandler                          0x080001b7   Thumb Code     0  startup_stm32l475xx.o(.text)
    SPI3_IRQHandler                          0x080001b7   Thumb Code     0  startup_stm32l475xx.o(.text)
    SWPMI1_IRQHandler                        0x080001b7   Thumb Code     0  startup_stm32l475xx.o(.text)
    TAMP_STAMP_IRQHandler                    0x080001b7   Thumb Code     0  startup_stm32l475xx.o(.text)
    TIM1_BRK_TIM15_IRQHandler                0x080001b7   Thumb Code     0  startup_stm32l475xx.o(.text)
    TIM1_CC_IRQHandler                       0x080001b7   Thumb Code     0  startup_stm32l475xx.o(.text)
    TIM1_TRG_COM_TIM17_IRQHandler            0x080001b7   Thumb Code     0  startup_stm32l475xx.o(.text)
    TIM1_UP_TIM16_IRQHandler                 0x080001b7   Thumb Code     0  startup_stm32l475xx.o(.text)
    TIM2_IRQHandler                          0x080001b7   Thumb Code     0  startup_stm32l475xx.o(.text)
    TIM3_IRQHandler                          0x080001b7   Thumb Code     0  startup_stm32l475xx.o(.text)
    TIM4_IRQHandler                          0x080001b7   Thumb Code     0  startup_stm32l475xx.o(.text)
    TIM5_IRQHandler                          0x080001b7   Thumb Code     0  startup_stm32l475xx.o(.text)
    TIM6_DAC_IRQHandler                      0x080001b7   Thumb Code     0  startup_stm32l475xx.o(.text)
    TIM7_IRQHandler                          0x080001b7   Thumb Code     0  startup_stm32l475xx.o(.text)
    TIM8_BRK_IRQHandler                      0x080001b7   Thumb Code     0  startup_stm32l475xx.o(.text)
    TIM8_CC_IRQHandler                       0x080001b7   Thumb Code     0  startup_stm32l475xx.o(.text)
    TIM8_TRG_COM_IRQHandler                  0x080001b7   Thumb Code     0  startup_stm32l475xx.o(.text)
    TIM8_UP_IRQHandler                       0x080001b7   Thumb Code     0  startup_stm32l475xx.o(.text)
    TSC_IRQHandler                           0x080001b7   Thumb Code     0  startup_stm32l475xx.o(.text)
    UART4_IRQHandler                         0x080001b7   Thumb Code     0  startup_stm32l475xx.o(.text)
    UART5_IRQHandler                         0x080001b7   Thumb Code     0  startup_stm32l475xx.o(.text)
    USART1_IRQHandler                        0x080001b7   Thumb Code     0  startup_stm32l475xx.o(.text)
    USART2_IRQHandler                        0x080001b7   Thumb Code     0  startup_stm32l475xx.o(.text)
    USART3_IRQHandler                        0x080001b7   Thumb Code     0  startup_stm32l475xx.o(.text)
    WWDG_IRQHandler                          0x080001b7   Thumb Code     0  startup_stm32l475xx.o(.text)
    __aeabi_uldivmod                         0x080001c1   Thumb Code    98  uldiv.o(.text)
    __aeabi_memcpy                           0x08000229   Thumb Code    36  memcpya.o(.text)
    __aeabi_memcpy4                          0x08000229   Thumb Code     0  memcpya.o(.text)
    __aeabi_memcpy8                          0x08000229   Thumb Code     0  memcpya.o(.text)
    __aeabi_memset                           0x0800024d   Thumb Code    14  memseta.o(.text)
    __aeabi_memset4                          0x0800024d   Thumb Code     0  memseta.o(.text)
    __aeabi_memset8                          0x0800024d   Thumb Code     0  memseta.o(.text)
    __aeabi_memclr                           0x0800025b   Thumb Code     4  memseta.o(.text)
    __aeabi_memclr4                          0x0800025b   Thumb Code     0  memseta.o(.text)
    __aeabi_memclr8                          0x0800025b   Thumb Code     0  memseta.o(.text)
    _memset$wrapper                          0x0800025f   Thumb Code    18  memseta.o(.text)
    memcmp                                   0x08000271   Thumb Code    26  memcmp.o(.text)
    calloc                                   0x0800028b   Thumb Code    28  calloc.o(.text)
    __aeabi_f2d                              0x080002a7   Thumb Code    38  f2d.o(.text)
    __aeabi_uidiv                            0x080002cd   Thumb Code     0  uidiv.o(.text)
    __aeabi_uidivmod                         0x080002cd   Thumb Code    44  uidiv.o(.text)
    __aeabi_llsl                             0x080002f9   Thumb Code    30  llshl.o(.text)
    _ll_shift_l                              0x080002f9   Thumb Code     0  llshl.o(.text)
    __aeabi_llsr                             0x08000317   Thumb Code    32  llushr.o(.text)
    _ll_ushift_r                             0x08000317   Thumb Code     0  llushr.o(.text)
    __I$use$fp                               0x08000337   Thumb Code     0  iusefp.o(.text)
    __aeabi_dadd                             0x08000337   Thumb Code   322  dadd.o(.text)
    __aeabi_dsub                             0x08000479   Thumb Code     6  dadd.o(.text)
    __aeabi_drsub                            0x0800047f   Thumb Code     6  dadd.o(.text)
    __aeabi_dmul                             0x08000495   Thumb Code   228  dmul.o(.text)
    __aeabi_ddiv                             0x0800057f   Thumb Code   222  ddiv.o(.text)
    __aeabi_d2ulz                            0x0800065d   Thumb Code    48  dfixul.o(.text)
    __aeabi_cdrcmple                         0x0800068d   Thumb Code    48  cdrcmple.o(.text)
    __scatterload                            0x080006bd   Thumb Code    28  init.o(.text)
    __scatterload_rt2                        0x080006bd   Thumb Code     0  init.o(.text)
    __aeabi_lasr                             0x080006e1   Thumb Code    36  llsshr.o(.text)
    _ll_sshift_r                             0x080006e1   Thumb Code     0  llsshr.o(.text)
    _double_round                            0x08000705   Thumb Code    30  depilogue.o(.text)
    _double_epilogue                         0x08000723   Thumb Code   156  depilogue.o(.text)
    __decompress                             0x080007bf   Thumb Code     0  __dczerorl2.o(.text)
    __decompress1                            0x080007bf   Thumb Code    86  __dczerorl2.o(.text)
    arm_bitreversal_f32                      0x08000815   Thumb Code   174  arm_bitreversal.o(.text.arm_bitreversal_f32)
    arm_cfft_radix2_f32                      0x080008c3   Thumb Code    60  arm_cfft_radix2_f32.o(.text.arm_cfft_radix2_f32)
    arm_cfft_radix2_init_f32                 0x08000901   Thumb Code   228  arm_cfft_radix2_init_f32.o(.text.arm_cfft_radix2_init_f32)
    arm_radix2_butterfly_f32                 0x080009e5   Thumb Code   372  arm_cfft_radix2_f32.o(.text.arm_radix2_butterfly_f32)
    arm_radix2_butterfly_inverse_f32         0x08000b61   Thumb Code   388  arm_cfft_radix2_f32.o(.text.arm_radix2_butterfly_inverse_f32)
    BusFault_Handler                         0x08000ceb   Thumb Code     2  stm32l4xx_it.o(i.BusFault_Handler)
    DFSDM1_FLT0_IRQHandler                   0x08000d25   Thumb Code     6  stm32l4xx_it.o(i.DFSDM1_FLT0_IRQHandler)
    DFSDM1_FLT1_IRQHandler                   0x08000d31   Thumb Code     6  stm32l4xx_it.o(i.DFSDM1_FLT1_IRQHandler)
    DMA1_Channel4_IRQHandler                 0x08000e85   Thumb Code     6  stm32l4xx_it.o(i.DMA1_Channel4_IRQHandler)
    DMA1_Channel5_IRQHandler                 0x08000e91   Thumb Code     6  stm32l4xx_it.o(i.DMA1_Channel5_IRQHandler)
    DebugMon_Handler                         0x08000ecb   Thumb Code     2  stm32l4xx_it.o(i.DebugMon_Handler)
    EXTI15_10_IRQHandler                     0x08000ecd   Thumb Code     8  stm32l4xx_it.o(i.EXTI15_10_IRQHandler)
    Error_Handler                            0x08000ed5   Thumb Code     6  main.o(i.Error_Handler)
    HAL_CRCEx_Polynomial_Set                 0x08000eed   Thumb Code    78  stm32l4xx_hal_crc_ex.o(i.HAL_CRCEx_Polynomial_Set)
    HAL_CRC_Init                             0x08000f3d   Thumb Code   112  stm32l4xx_hal_crc.o(i.HAL_CRC_Init)
    HAL_CRC_MspInit                          0x08000fb1   Thumb Code    30  stm32l4xx_hal_msp.o(i.HAL_CRC_MspInit)
    HAL_DFSDM_ChannelCkabCallback            0x08000fd9   Thumb Code     2  stm32l4xx_hal_dfsdm.o(i.HAL_DFSDM_ChannelCkabCallback)
    HAL_DFSDM_ChannelInit                    0x08000fdd   Thumb Code   236  stm32l4xx_hal_dfsdm.o(i.HAL_DFSDM_ChannelInit)
    HAL_DFSDM_ChannelMspInit                 0x080010d9   Thumb Code    96  stm32l4xx_hal_msp.o(i.HAL_DFSDM_ChannelMspInit)
    HAL_DFSDM_ChannelScdCallback             0x08001145   Thumb Code     2  stm32l4xx_hal_dfsdm.o(i.HAL_DFSDM_ChannelScdCallback)
    HAL_DFSDM_FilterAwdCallback              0x08001147   Thumb Code     2  stm32l4xx_hal_dfsdm.o(i.HAL_DFSDM_FilterAwdCallback)
    HAL_DFSDM_FilterConfigRegChannel         0x08001149   Thumb Code    66  stm32l4xx_hal_dfsdm.o(i.HAL_DFSDM_FilterConfigRegChannel)
    HAL_DFSDM_FilterErrorCallback            0x08001191   Thumb Code     2  stm32l4xx_hal_dfsdm.o(i.HAL_DFSDM_FilterErrorCallback)
    HAL_DFSDM_FilterInit                     0x08001195   Thumb Code   248  stm32l4xx_hal_dfsdm.o(i.HAL_DFSDM_FilterInit)
    HAL_DFSDM_FilterInjConvCpltCallback      0x08001299   Thumb Code     2  stm32l4xx_hal_dfsdm.o(i.HAL_DFSDM_FilterInjConvCpltCallback)
    HAL_DFSDM_FilterMspInit                  0x0800129d   Thumb Code   242  stm32l4xx_hal_msp.o(i.HAL_DFSDM_FilterMspInit)
    HAL_DFSDM_FilterRegConvCpltCallback      0x080013b5   Thumb Code    32  main.o(i.HAL_DFSDM_FilterRegConvCpltCallback)
    HAL_DFSDM_FilterRegConvHalfCpltCallback  0x080013dd   Thumb Code    20  main.o(i.HAL_DFSDM_FilterRegConvHalfCpltCallback)
    HAL_DFSDM_FilterRegularStart_DMA         0x080013f9   Thumb Code   124  stm32l4xx_hal_dfsdm.o(i.HAL_DFSDM_FilterRegularStart_DMA)
    HAL_DFSDM_FilterRegularStop_DMA          0x08001481   Thumb Code    38  stm32l4xx_hal_dfsdm.o(i.HAL_DFSDM_FilterRegularStop_DMA)
    HAL_DFSDM_IRQHandler                     0x080014a9   Thumb Code   376  stm32l4xx_hal_dfsdm.o(i.HAL_DFSDM_IRQHandler)
    HAL_DMA_Abort                            0x08001629   Thumb Code    74  stm32l4xx_hal_dma.o(i.HAL_DMA_Abort)
    HAL_DMA_Abort_IT                         0x08001673   Thumb Code    78  stm32l4xx_hal_dma.o(i.HAL_DMA_Abort_IT)
    HAL_DMA_IRQHandler                       0x080016c1   Thumb Code   186  stm32l4xx_hal_dma.o(i.HAL_DMA_IRQHandler)
    HAL_DMA_Init                             0x0800177d   Thumb Code   178  stm32l4xx_hal_dma.o(i.HAL_DMA_Init)
    HAL_DMA_PollForTransfer                  0x0800183d   Thumb Code   216  stm32l4xx_hal_dma.o(i.HAL_DMA_PollForTransfer)
    HAL_DMA_Start                            0x0800191b   Thumb Code    80  stm32l4xx_hal_dma.o(i.HAL_DMA_Start)
    HAL_DMA_Start_IT                         0x0800196b   Thumb Code   112  stm32l4xx_hal_dma.o(i.HAL_DMA_Start_IT)
    HAL_Delay                                0x080019dd   Thumb Code    32  stm32l4xx_hal.o(i.HAL_Delay)
    HAL_GPIO_EXTI_Callback                   0x08001a01   Thumb Code    60  main.o(i.HAL_GPIO_EXTI_Callback)
    HAL_GPIO_EXTI_IRQHandler                 0x08001a45   Thumb Code    18  stm32l4xx_hal_gpio.o(i.HAL_GPIO_EXTI_IRQHandler)
    HAL_GPIO_Init                            0x08001a5d   Thumb Code   570  stm32l4xx_hal_gpio.o(i.HAL_GPIO_Init)
    HAL_GPIO_WritePin                        0x08001cc3   Thumb Code    10  stm32l4xx_hal_gpio.o(i.HAL_GPIO_WritePin)
    HAL_GetTick                              0x08001ccd   Thumb Code     6  stm32l4xx_hal.o(i.HAL_GetTick)
    HAL_IncTick                              0x08001cd9   Thumb Code    12  stm32l4xx_hal.o(i.HAL_IncTick)
    HAL_Init                                 0x08001ce9   Thumb Code    30  stm32l4xx_hal.o(i.HAL_Init)
    HAL_InitTick                             0x08001d09   Thumb Code    58  stm32l4xx_hal.o(i.HAL_InitTick)
    HAL_MspInit                              0x08001d4d   Thumb Code    38  stm32l4xx_hal_msp.o(i.HAL_MspInit)
    HAL_NVIC_DisableIRQ                      0x08001d79   Thumb Code    34  stm32l4xx_hal_cortex.o(i.HAL_NVIC_DisableIRQ)
    HAL_NVIC_EnableIRQ                       0x08001d9b   Thumb Code    26  stm32l4xx_hal_cortex.o(i.HAL_NVIC_EnableIRQ)
    HAL_NVIC_SetPriority                     0x08001db5   Thumb Code    60  stm32l4xx_hal_cortex.o(i.HAL_NVIC_SetPriority)
    HAL_NVIC_SetPriorityGrouping             0x08001df5   Thumb Code    26  stm32l4xx_hal_cortex.o(i.HAL_NVIC_SetPriorityGrouping)
    HAL_PWREx_ControlVoltageScaling          0x08001e19   Thumb Code    90  stm32l4xx_hal_pwr_ex.o(i.HAL_PWREx_ControlVoltageScaling)
    HAL_PWREx_GetVoltageRange                0x08001e81   Thumb Code    10  stm32l4xx_hal_pwr_ex.o(i.HAL_PWREx_GetVoltageRange)
    HAL_QSPI_Abort                           0x08001e91   Thumb Code   134  stm32l4xx_hal_qspi.o(i.HAL_QSPI_Abort)
    HAL_QSPI_AbortCpltCallback               0x08001f17   Thumb Code     2  stm32l4xx_hal_qspi.o(i.HAL_QSPI_AbortCpltCallback)
    HAL_QSPI_Abort_IT                        0x08001f19   Thumb Code   108  stm32l4xx_hal_qspi.o(i.HAL_QSPI_Abort_IT)
    HAL_QSPI_AutoPolling                     0x08001f89   Thumb Code   172  stm32l4xx_hal_qspi.o(i.HAL_QSPI_AutoPolling)
    HAL_QSPI_AutoPolling_IT                  0x0800203b   Thumb Code   160  stm32l4xx_hal_qspi.o(i.HAL_QSPI_AutoPolling_IT)
    HAL_QSPI_CmdCpltCallback                 0x080020db   Thumb Code     2  stm32l4xx_hal_qspi.o(i.HAL_QSPI_CmdCpltCallback)
    HAL_QSPI_Command                         0x080020dd   Thumb Code   134  stm32l4xx_hal_qspi.o(i.HAL_QSPI_Command)
    HAL_QSPI_ErrorCallback                   0x08002169   Thumb Code     2  stm32l4xx_hal_qspi.o(i.HAL_QSPI_ErrorCallback)
    HAL_QSPI_FifoThresholdCallback           0x0800216b   Thumb Code     2  stm32l4xx_hal_qspi.o(i.HAL_QSPI_FifoThresholdCallback)
    HAL_QSPI_IRQHandler                      0x0800216d   Thumb Code   496  stm32l4xx_hal_qspi.o(i.HAL_QSPI_IRQHandler)
    HAL_QSPI_Init                            0x08002361   Thumb Code   166  stm32l4xx_hal_qspi.o(i.HAL_QSPI_Init)
    HAL_QSPI_MspInit                         0x08002411   Thumb Code   106  stm32l4xx_hal_msp.o(i.HAL_QSPI_MspInit)
    HAL_QSPI_Receive                         0x08002489   Thumb Code   196  stm32l4xx_hal_qspi.o(i.HAL_QSPI_Receive)
    HAL_QSPI_RxCpltCallback                  0x08002553   Thumb Code     2  stm32l4xx_hal_qspi.o(i.HAL_QSPI_RxCpltCallback)
    HAL_QSPI_StatusMatchCallback             0x08002555   Thumb Code     8  main.o(i.HAL_QSPI_StatusMatchCallback)
    HAL_QSPI_TimeOutCallback                 0x08002561   Thumb Code     2  stm32l4xx_hal_qspi.o(i.HAL_QSPI_TimeOutCallback)
    HAL_QSPI_Transmit                        0x08002565   Thumb Code   188  stm32l4xx_hal_qspi.o(i.HAL_QSPI_Transmit)
    HAL_QSPI_TxCpltCallback                  0x08002627   Thumb Code     2  stm32l4xx_hal_qspi.o(i.HAL_QSPI_TxCpltCallback)
    HAL_RCCEx_PeriphCLKConfig                0x08002629   Thumb Code   928  stm32l4xx_hal_rcc_ex.o(i.HAL_RCCEx_PeriphCLKConfig)
    HAL_RCC_ClockConfig                      0x080029d9   Thumb Code   266  stm32l4xx_hal_rcc.o(i.HAL_RCC_ClockConfig)
    HAL_RCC_GetPCLK1Freq                     0x08002af9   Thumb Code    24  stm32l4xx_hal_rcc.o(i.HAL_RCC_GetPCLK1Freq)
    HAL_RCC_GetPCLK2Freq                     0x08002b1d   Thumb Code    24  stm32l4xx_hal_rcc.o(i.HAL_RCC_GetPCLK2Freq)
    HAL_RCC_GetSysClockFreq                  0x08002b41   Thumb Code   150  stm32l4xx_hal_rcc.o(i.HAL_RCC_GetSysClockFreq)
    HAL_RCC_OscConfig                        0x08002be5   Thumb Code  1310  stm32l4xx_hal_rcc.o(i.HAL_RCC_OscConfig)
    HAL_SYSTICK_Config                       0x0800310d   Thumb Code    40  stm32l4xx_hal_cortex.o(i.HAL_SYSTICK_Config)
    HAL_TIMEx_MasterConfigSynchronization    0x08003135   Thumb Code   130  stm32l4xx_hal_tim_ex.o(i.HAL_TIMEx_MasterConfigSynchronization)
    HAL_TIM_Base_Init                        0x080031d1   Thumb Code    54  stm32l4xx_hal_tim.o(i.HAL_TIM_Base_Init)
    HAL_TIM_Base_MspInit                     0x08003209   Thumb Code    30  stm32l4xx_hal_msp.o(i.HAL_TIM_Base_MspInit)
    HAL_TIM_ConfigClockSource                0x08003231   Thumb Code   214  stm32l4xx_hal_tim.o(i.HAL_TIM_ConfigClockSource)
    HAL_UART_Init                            0x0800330d   Thumb Code   102  stm32l4xx_hal_uart.o(i.HAL_UART_Init)
    HAL_UART_MspInit                         0x08003375   Thumb Code    88  stm32l4xx_hal_msp.o(i.HAL_UART_MspInit)
    HAL_UART_Transmit                        0x080033d9   Thumb Code   182  stm32l4xx_hal_uart.o(i.HAL_UART_Transmit)
    HardFault_Handler                        0x0800348f   Thumb Code     2  stm32l4xx_it.o(i.HardFault_Handler)
    MX_X_CUBE_AI_Init                        0x0800377d   Thumb Code     6  app_x-cube-ai.o(i.MX_X_CUBE_AI_Init)
    MX_X_CUBE_AI_Process                     0x08003789   Thumb Code   186  app_x-cube-ai.o(i.MX_X_CUBE_AI_Process)
    MemManage_Handler                        0x080038cd   Thumb Code     2  stm32l4xx_it.o(i.MemManage_Handler)
    NMI_Handler                              0x080038cf   Thumb Code     2  stm32l4xx_it.o(i.NMI_Handler)
    PendSV_Handler                           0x080038d1   Thumb Code     2  stm32l4xx_it.o(i.PendSV_Handler)
    QUADSPI_IRQHandler                       0x08003da9   Thumb Code     6  stm32l4xx_it.o(i.QUADSPI_IRQHandler)
    SVC_Handler                              0x08004065   Thumb Code     2  stm32l4xx_it.o(i.SVC_Handler)
    SysTick_Handler                          0x08004067   Thumb Code     4  stm32l4xx_it.o(i.SysTick_Handler)
    SystemClock_Config                       0x0800406d   Thumb Code   170  main.o(i.SystemClock_Config)
    SystemInit                               0x08004121   Thumb Code    56  system_stm32l4xx.o(i.SystemInit)
    TIM_Base_SetConfig                       0x08004165   Thumb Code   160  stm32l4xx_hal_tim.o(i.TIM_Base_SetConfig)
    TIM_ETR_SetConfig                        0x08004225   Thumb Code    20  stm32l4xx_hal_tim.o(i.TIM_ETR_SetConfig)
    UART_AdvFeatureConfig                    0x0800428f   Thumb Code   200  stm32l4xx_hal_uart.o(i.UART_AdvFeatureConfig)
    UART_CheckIdleState                      0x08004357   Thumb Code    88  stm32l4xx_hal_uart.o(i.UART_CheckIdleState)
    UART_SetConfig                           0x080043b1   Thumb Code   612  stm32l4xx_hal_uart.o(i.UART_SetConfig)
    UART_WaitOnFlagUntilTimeout              0x08004645   Thumb Code   164  stm32l4xx_hal_uart.o(i.UART_WaitOnFlagUntilTimeout)
    UsageFault_Handler                       0x080046e9   Thumb Code     2  stm32l4xx_it.o(i.UsageFault_Handler)
    __0printf                                0x080046ed   Thumb Code    22  printfa.o(i.__0printf)
    __1printf                                0x080046ed   Thumb Code     0  printfa.o(i.__0printf)
    __2printf                                0x080046ed   Thumb Code     0  printfa.o(i.__0printf)
    __c89printf                              0x080046ed   Thumb Code     0  printfa.o(i.__0printf)
    printf                                   0x080046ed   Thumb Code     0  printfa.o(i.__0printf)
    __ARM_fpclassifyf                        0x0800470d   Thumb Code    38  fpclassifyf.o(i.__ARM_fpclassifyf)
    free                                     0x080047bd   Thumb Code    88  mallocr.o(i.__free$realloc)
    __hardfp_expf                            0x08004819   Thumb Code   426  expf.o(i.__hardfp_expf)
    __mathlib_expf                           0x08004819   Thumb Code     0  expf.o(i.__hardfp_expf)
    __hardfp_tanhf                           0x08004a01   Thumb Code   208  tanhf.o(i.__hardfp_tanhf)
    malloc                                   0x08004ae5   Thumb Code    64  mallocr.o(i.__malloc$realloc)
    __mathlib_flt_infnan                     0x08004b35   Thumb Code     6  funder.o(i.__mathlib_flt_infnan)
    __mathlib_flt_overflow                   0x08004b3d   Thumb Code    10  funder.o(i.__mathlib_flt_overflow)
    __mathlib_flt_underflow                  0x08004b4d   Thumb Code    10  funder.o(i.__mathlib_flt_underflow)
    __scatterload_copy                       0x08004b5d   Thumb Code    14  handlers.o(i.__scatterload_copy)
    __scatterload_null                       0x08004b6b   Thumb Code     2  handlers.o(i.__scatterload_null)
    __scatterload_zeroinit                   0x08004b6d   Thumb Code    14  handlers.o(i.__scatterload_zeroinit)
    __set_errno                              0x08004b7d   Thumb Code     6  errno.o(i.__set_errno)
    _forward_gru_after                       0x08004b89   Thumb Code   440  layers_rnn_generic_float.o(i._forward_gru_after)
    aiInit                                   0x08005b15   Thumb Code    82  app_x-cube-ai.o(i.aiInit)
    aiRun                                    0x08005b71   Thumb Code    62  app_x-cube-ai.o(i.aiRun)
    ai_array_get_byte_size                   0x08005bb5   Thumb Code    62  ai_datatypes_format.o(i.ai_array_get_byte_size)
    ai_array_to_buffer_fmt                   0x08005bf5   Thumb Code   198  ai_datatypes_format.o(i.ai_array_to_buffer_fmt)
    ai_check_custom_types                    0x08005cdd   Thumb Code    38  layers.o(i.ai_check_custom_types)
    ai_dict4_dot_array_f32                   0x080061e9   Thumb Code   294  layers_conv2d_generic_float.o(i.ai_dict4_dot_array_f32)
    ai_dict8_dot_array_f32                   0x08006315   Thumb Code   228  layers_conv2d_generic_float.o(i.ai_dict8_dot_array_f32)
    ai_dict_decompress_f32                   0x080063fd   Thumb Code   122  layers_conv2d_generic_float.o(i.ai_dict_decompress_f32)
    ai_layers_forward_all                    0x08006489   Thumb Code    24  layers.o(i.ai_layers_forward_all)
    ai_math_sigmoid                          0x080064a1   Thumb Code    24  ai_math_helpers.o(i.ai_math_sigmoid)
    ai_math_tanh                             0x080064b9   Thumb Code     4  ai_math_helpers.o(i.ai_math_tanh)
    ai_mul                                   0x080064bd   Thumb Code     6  ai_math_helpers.o(i.ai_mul)
    ai_network_create                        0x080064c5   Thumb Code    20  network.o(i.ai_network_create)
    ai_network_data_weights_get              0x080064dd   Thumb Code     4  network_data.o(i.ai_network_data_weights_get)
    ai_network_destroy                       0x080064e5   Thumb Code     4  network.o(i.ai_network_destroy)
    ai_network_get_error                     0x080064e9   Thumb Code     4  network.o(i.ai_network_get_error)
    ai_network_init                          0x080064ed   Thumb Code    34  network.o(i.ai_network_init)
    ai_network_run                           0x0800650f   Thumb Code     4  network.o(i.ai_network_run)
    ai_platform_context_acquire              0x08006515   Thumb Code    24  ai_platform_interface.o(i.ai_platform_context_acquire)
    ai_platform_network_create               0x08006531   Thumb Code    96  ai_platform_interface.o(i.ai_platform_network_create)
    ai_platform_network_destroy              0x080065a1   Thumb Code    18  ai_platform_interface.o(i.ai_platform_network_destroy)
    ai_platform_network_get_error            0x080065b5   Thumb Code    24  ai_platform_interface.o(i.ai_platform_network_get_error)
    ai_platform_network_init                 0x080065d1   Thumb Code   126  ai_platform_interface.o(i.ai_platform_network_init)
    ai_platform_network_process              0x0800664f   Thumb Code    86  ai_platform_interface.o(i.ai_platform_network_process)
    ai_platform_network_set_error            0x080066a5   Thumb Code    12  ai_platform_interface.o(i.ai_platform_network_set_error)
    core_compute_offsets                     0x080066cd   Thumb Code   184  core_utils.o(i.core_compute_offsets)
    core_get_broadcasted_shape               0x0800678d   Thumb Code    50  core_utils.o(i.core_get_broadcasted_shape)
    core_get_error                           0x080067bf   Thumb Code    12  core_common.o(i.core_get_error)
    core_init                                0x080067cb   Thumb Code     4  core_common.o(i.core_init)
    core_mem_alloc                           0x080067cf   Thumb Code    22  core_mem_manager.o(i.core_mem_alloc)
    core_mem_free                            0x080067e5   Thumb Code    10  core_mem_manager.o(i.core_mem_free)
    core_set_error                           0x08006845   Thumb Code    26  core_common.o(i.core_set_error)
    featureClean                             0x08006861   Thumb Code   124  main.o(i.featureClean)
    featureInit                              0x080068e9   Thumb Code    60  main.o(i.featureInit)
    featureUpdate                            0x08006931   Thumb Code   236  main.o(i.featureUpdate)
    forward_conv2d_nl_pool                   0x08006a29   Thumb Code  1106  layers_conv2d_generic_float.o(i.forward_conv2d_nl_pool)
    forward_dense                            0x08006e89   Thumb Code   460  layers_conv2d_generic_float.o(i.forward_dense)
    forward_eltwise                          0x08007061   Thumb Code   370  layers_generic_float.o(i.forward_eltwise)
    forward_gru                              0x080071df   Thumb Code    14  layers_rnn_generic_float.o(i.forward_gru)
    forward_sm                               0x080071ed   Thumb Code   108  layers_nl_generic_float.o(i.forward_sm)
    fputc                                    0x08007259   Thumb Code    26  main.o(i.fputc)
    gru_cell_after                           0x0800727d   Thumb Code   334  layers_rnn_generic_float.o(i.gru_cell_after)
    gru_cell_before                          0x080073d7   Thumb Code   344  layers_rnn_generic_float.o(i.gru_cell_before)
    main                                     0x08007585   Thumb Code  2256  main.o(i.main)
    nl_func_relu_array_f32                   0x080080e9   Thumb Code    58  layers_nl_generic_float.o(i.nl_func_relu_array_f32)
    nl_func_sm_array_f32                     0x08008129   Thumb Code    76  layers_nl_generic_float.o(i.nl_func_sm_array_f32)
    nl_func_sm_channel_f32                   0x08008175   Thumb Code   138  layers_nl_generic_float.o(i.nl_func_sm_channel_f32)
    pool_func_mp_array_f32                   0x08008205   Thumb Code   424  layers_pool_generic_float.o(i.pool_func_mp_array_f32)
    AHBPrescTable                            0x0800d9f8   Data          16  system_stm32l4xx.o(.constdata)
    MSIRangeTable                            0x0800da08   Data          48  system_stm32l4xx.o(.constdata)
    APBPrescTable                            0x0800da38   Data           8  system_stm32l4xx.o(.constdata)
    armBitRevTable                           0x0800db88   Data        2048  arm_common_tables.o(.rodata.armBitRevTable)
    twiddleCoef_4096                         0x0800e388   Data       32768  arm_common_tables.o(.rodata.twiddleCoef_4096)
    Region$$Table$$Base                      0x08016388   Number         0  anon$$obj.o(Region$$Table)
    Region$$Table$$Limit                     0x080163c8   Number         0  anon$$obj.o(Region$$Table)
    SystemCoreClock                          0x100004f8   Data           4  system_stm32l4xx.o(.data)
    __microlib_freelist                      0x100004fc   Data           4  mvars.o(.data)
    outputclassified                         0x10000554   Data          32  main.o(.bss)
    __heap_base                              0x10000598   Data           0  startup_stm32l475xx.o(HEAP)
    __heap_limit                             0x10002598   Data           0  startup_stm32l475xx.o(HEAP)
    __initial_sp                             0x10006598   Data           0  startup_stm32l475xx.o(STACK)
    bufferFull                               0x20000a60   Data           1  main.o(.data)
    bufferHalfFull                           0x20000a61   Data           1  main.o(.data)
    recording                                0x20000a62   Data           1  main.o(.data)
    qspiSendReady                            0x20000a63   Data           1  main.o(.data)
    state                                    0x20000a64   Data           1  main.o(.data)
    Micn                                     0x20000a65   Data           1  main.o(.data)
    numFull                                  0x20000a66   Data           2  main.o(.data)
    numDetected                              0x20000a68   Data           2  main.o(.data)
    amplitude0                               0x20000a6a   Data           2  main.o(.data)
    amplitude1                               0x20000a6c   Data           2  main.o(.data)
    Fftt                                     0x20000a6e   Data           2  main.o(.data)
    Fftn                                     0x20000a70   Data           2  main.o(.data)
    mem0Addr                                 0x20000a74   Data           4  main.o(.data)
    mem1Addr                                 0x20000a78   Data           4  main.o(.data)
    recBuffer                                0x20000a7c   Data           4  main.o(.data)
    fftBuffer                                0x20000a80   Data           4  main.o(.data)
    mag_max0                                 0x20000a84   Data           4  main.o(.data)
    mag_max1                                 0x20000a88   Data           4  main.o(.data)
    uwTickPrio                               0x20000ac8   Data           4  stm32l4xx_hal.o(.data)
    uwTickFreq                               0x20000acc   Data           4  stm32l4xx_hal.o(.data)
    uwTick                                   0x20000ad0   Data           4  stm32l4xx_hal.o(.data)
    __stdout                                 0x20000ad8   Data           4  stdout.o(.data)
    __microlib_freelist_initialised          0x20000adc   Data           4  mvars.o(.data)
    hcrc                                     0x20000b10   Data          36  main.o(.bss)
    hdfsdm1_filter0                          0x20000b34   Data          84  main.o(.bss)
    hdfsdm1_filter1                          0x20000b88   Data          84  main.o(.bss)
    hdfsdm1_channel1                         0x20000bdc   Data          56  main.o(.bss)
    hdfsdm1_channel2                         0x20000c14   Data          56  main.o(.bss)
    hqspi                                    0x20000c4c   Data          68  main.o(.bss)
    htim1                                    0x20000c90   Data          64  main.o(.bss)
    huart1                                   0x20000cd0   Data         128  main.o(.bss)
    hdma_memtomem_dma2_channel1              0x20000d50   Data          72  main.o(.bss)
    QSPI_Cmd                                 0x20000d98   Data          56  main.o(.bss)
    recMem1                                  0x20000dd0   Data         256  main.o(.bss)
    recMem0                                  0x20000ed0   Data         256  main.o(.bss)
    sendMem1                                 0x20000fd0   Data         256  main.o(.bss)
    sendMem0                                 0x200010d0   Data         256  main.o(.bss)
    recBuff1                                 0x200011d0   Data        2048  main.o(.bss)
    recBuff0                                 0x200019d0   Data        2048  main.o(.bss)
    fft_struct                               0x200021d0   Data          20  main.o(.bss)
    featureBuffer                            0x200021e4   Data       49920  main.o(.bss)
    hdma_dfsdm1_flt0                         0x2000e4e4   Data          72  main.o(.bss)
    hdma_dfsdm1_flt1                         0x2000e52c   Data          72  main.o(.bss)



==============================================================================

Memory Map of the image

  Image Entry point : 0x08000189

  Load Region LR_IROM1 (Base: 0x08000000, Size: 0x000173ac, Max: 0x00100000, ABSOLUTE, COMPRESSED[0x000168c4])

    Execution Region ER_IROM1 (Exec base: 0x08000000, Load base: 0x08000000, Size: 0x000163c8, Max: 0x00100000, ABSOLUTE)

    Exec Addr    Load Addr    Size         Type   Attr      Idx    E Section Name        Object

    0x08000000   0x08000000   0x00000188   Data   RO            3    RESET               startup_stm32l475xx.o
    0x08000188   0x08000188   0x00000000   Code   RO         5900  * .ARM.Collect$$$$00000000  mc_w.l(entry.o)
    0x08000188   0x08000188   0x00000004   Code   RO         6238    .ARM.Collect$$$$00000001  mc_w.l(entry2.o)
    0x0800018c   0x0800018c   0x00000004   Code   RO         6241    .ARM.Collect$$$$00000004  mc_w.l(entry5.o)
    0x08000190   0x08000190   0x00000000   Code   RO         6243    .ARM.Collect$$$$00000008  mc_w.l(entry7b.o)
    0x08000190   0x08000190   0x00000000   Code   RO         6245    .ARM.Collect$$$$0000000A  mc_w.l(entry8b.o)
    0x08000190   0x08000190   0x00000008   Code   RO         6246    .ARM.Collect$$$$0000000B  mc_w.l(entry9a.o)
    0x08000198   0x08000198   0x00000000   Code   RO         6248    .ARM.Collect$$$$0000000D  mc_w.l(entry10a.o)
    0x08000198   0x08000198   0x00000000   Code   RO         6250    .ARM.Collect$$$$0000000F  mc_w.l(entry11a.o)
    0x08000198   0x08000198   0x00000004   Code   RO         6239    .ARM.Collect$$$$00002712  mc_w.l(entry2.o)
    0x0800019c   0x0800019c   0x00000024   Code   RO            4    .text               startup_stm32l475xx.o
    0x080001c0   0x080001c0   0x00000068   Code   RO         5903    .text               mc_w.l(uldiv.o)
    0x08000228   0x08000228   0x00000024   Code   RO         5905    .text               mc_w.l(memcpya.o)
    0x0800024c   0x0800024c   0x00000024   Code   RO         5907    .text               mc_w.l(memseta.o)
    0x08000270   0x08000270   0x0000001a   Code   RO         5909    .text               mc_w.l(memcmp.o)
    0x0800028a   0x0800028a   0x0000001c   Code   RO         6202    .text               mc_w.l(calloc.o)
    0x080002a6   0x080002a6   0x00000026   Code   RO         6204    .text               mf_w.l(f2d.o)
    0x080002cc   0x080002cc   0x0000002c   Code   RO         6253    .text               mc_w.l(uidiv.o)
    0x080002f8   0x080002f8   0x0000001e   Code   RO         6255    .text               mc_w.l(llshl.o)
    0x08000316   0x08000316   0x00000020   Code   RO         6257    .text               mc_w.l(llushr.o)
    0x08000336   0x08000336   0x00000000   Code   RO         6268    .text               mc_w.l(iusefp.o)
    0x08000336   0x08000336   0x0000015e   Code   RO         6273    .text               mf_w.l(dadd.o)
    0x08000494   0x08000494   0x000000ea   Code   RO         6275    .text               mf_w.l(dmul.o)
    0x0800057e   0x0800057e   0x000000de   Code   RO         6277    .text               mf_w.l(ddiv.o)
    0x0800065c   0x0800065c   0x00000030   Code   RO         6279    .text               mf_w.l(dfixul.o)
    0x0800068c   0x0800068c   0x00000030   Code   RO         6281    .text               mf_w.l(cdrcmple.o)
    0x080006bc   0x080006bc   0x00000024   Code   RO         6285    .text               mc_w.l(init.o)
    0x080006e0   0x080006e0   0x00000024   Code   RO         6287    .text               mc_w.l(llsshr.o)
    0x08000704   0x08000704   0x000000ba   Code   RO         6291    .text               mf_w.l(depilogue.o)
    0x080007be   0x080007be   0x00000056   Code   RO         6301    .text               mc_w.l(__dczerorl2.o)
    0x08000814   0x08000814   0x000000ae   Code   RO         5485    .text.arm_bitreversal_f32  arm_cortexM4lf_math.lib(arm_bitreversal.o)
    0x080008c2   0x080008c2   0x0000003c   Code   RO         5109    .text.arm_cfft_radix2_f32  arm_cortexM4lf_math.lib(arm_cfft_radix2_f32.o)
    0x080008fe   0x080008fe   0x00000002   PAD
    0x08000900   0x08000900   0x000000e4   Code   RO         5124    .text.arm_cfft_radix2_init_f32  arm_cortexM4lf_math.lib(arm_cfft_radix2_init_f32.o)
    0x080009e4   0x080009e4   0x0000017a   Code   RO         5113    .text.arm_radix2_butterfly_f32  arm_cortexM4lf_math.lib(arm_cfft_radix2_f32.o)
    0x08000b5e   0x08000b5e   0x00000002   PAD
    0x08000b60   0x08000b60   0x0000018a   Code   RO         5111    .text.arm_radix2_butterfly_inverse_f32  arm_cortexM4lf_math.lib(arm_cfft_radix2_f32.o)
    0x08000cea   0x08000cea   0x00000002   Code   RO          717    i.BusFault_Handler  stm32l4xx_it.o
    0x08000cec   0x08000cec   0x00000038   Code   RO         5133    i.CRC_Lock          NetworkRuntime500_CM4_Keil.lib(ai_platform_interface.o)
    0x08000d24   0x08000d24   0x0000000c   Code   RO          718    i.DFSDM1_FLT0_IRQHandler  stm32l4xx_it.o
    0x08000d30   0x08000d30   0x0000000c   Code   RO          719    i.DFSDM1_FLT1_IRQHandler  stm32l4xx_it.o
    0x08000d3c   0x08000d3c   0x0000000e   Code   RO         2996    i.DFSDM_DMAError    stm32l4xx_hal_dfsdm.o
    0x08000d4a   0x08000d4a   0x0000000a   Code   RO         2999    i.DFSDM_DMARegularConvCplt  stm32l4xx_hal_dfsdm.o
    0x08000d54   0x08000d54   0x0000000a   Code   RO         3000    i.DFSDM_DMARegularHalfConvCplt  stm32l4xx_hal_dfsdm.o
    0x08000d5e   0x08000d5e   0x00000002   PAD
    0x08000d60   0x08000d60   0x0000005c   Code   RO         3001    i.DFSDM_GetChannelFromInstance  stm32l4xx_hal_dfsdm.o
    0x08000dbc   0x08000dbc   0x0000006a   Code   RO         3004    i.DFSDM_RegConvStart  stm32l4xx_hal_dfsdm.o
    0x08000e26   0x08000e26   0x0000005e   Code   RO         3005    i.DFSDM_RegConvStop  stm32l4xx_hal_dfsdm.o
    0x08000e84   0x08000e84   0x0000000c   Code   RO          720    i.DMA1_Channel4_IRQHandler  stm32l4xx_it.o
    0x08000e90   0x08000e90   0x0000000c   Code   RO          721    i.DMA1_Channel5_IRQHandler  stm32l4xx_it.o
    0x08000e9c   0x08000e9c   0x0000002e   Code   RO         2310    i.DMA_SetConfig     stm32l4xx_hal_dma.o
    0x08000eca   0x08000eca   0x00000002   Code   RO          722    i.DebugMon_Handler  stm32l4xx_it.o
    0x08000ecc   0x08000ecc   0x00000008   Code   RO          723    i.EXTI15_10_IRQHandler  stm32l4xx_it.o
    0x08000ed4   0x08000ed4   0x00000018   Code   RO          381    i.Error_Handler     main.o
    0x08000eec   0x08000eec   0x0000004e   Code   RO         1000    i.HAL_CRCEx_Polynomial_Set  stm32l4xx_hal_crc_ex.o
    0x08000f3a   0x08000f3a   0x00000002   PAD
    0x08000f3c   0x08000f3c   0x00000074   Code   RO          934    i.HAL_CRC_Init      stm32l4xx_hal_crc.o
    0x08000fb0   0x08000fb0   0x00000028   Code   RO          830    i.HAL_CRC_MspInit   stm32l4xx_hal_msp.o
    0x08000fd8   0x08000fd8   0x00000002   Code   RO         3006    i.HAL_DFSDM_ChannelCkabCallback  stm32l4xx_hal_dfsdm.o
    0x08000fda   0x08000fda   0x00000002   PAD
    0x08000fdc   0x08000fdc   0x000000fc   Code   RO         3014    i.HAL_DFSDM_ChannelInit  stm32l4xx_hal_dfsdm.o
    0x080010d8   0x080010d8   0x0000006c   Code   RO          832    i.HAL_DFSDM_ChannelMspInit  stm32l4xx_hal_msp.o
    0x08001144   0x08001144   0x00000002   Code   RO         3020    i.HAL_DFSDM_ChannelScdCallback  stm32l4xx_hal_dfsdm.o
    0x08001146   0x08001146   0x00000002   Code   RO         3025    i.HAL_DFSDM_FilterAwdCallback  stm32l4xx_hal_dfsdm.o
    0x08001148   0x08001148   0x00000048   Code   RO         3029    i.HAL_DFSDM_FilterConfigRegChannel  stm32l4xx_hal_dfsdm.o
    0x08001190   0x08001190   0x00000002   Code   RO         3031    i.HAL_DFSDM_FilterErrorCallback  stm32l4xx_hal_dfsdm.o
    0x08001192   0x08001192   0x00000002   PAD
    0x08001194   0x08001194   0x00000104   Code   RO         3041    i.HAL_DFSDM_FilterInit  stm32l4xx_hal_dfsdm.o
    0x08001298   0x08001298   0x00000002   Code   RO         3042    i.HAL_DFSDM_FilterInjConvCpltCallback  stm32l4xx_hal_dfsdm.o
    0x0800129a   0x0800129a   0x00000002   PAD
    0x0800129c   0x0800129c   0x00000116   Code   RO          834    i.HAL_DFSDM_FilterMspInit  stm32l4xx_hal_msp.o
    0x080013b2   0x080013b2   0x00000002   PAD
    0x080013b4   0x080013b4   0x00000028   Code   RO          382    i.HAL_DFSDM_FilterRegConvCpltCallback  main.o
    0x080013dc   0x080013dc   0x0000001c   Code   RO          383    i.HAL_DFSDM_FilterRegConvHalfCpltCallback  main.o
    0x080013f8   0x080013f8   0x00000088   Code   RO         3059    i.HAL_DFSDM_FilterRegularStart_DMA  stm32l4xx_hal_dfsdm.o
    0x08001480   0x08001480   0x00000026   Code   RO         3062    i.HAL_DFSDM_FilterRegularStop_DMA  stm32l4xx_hal_dfsdm.o
    0x080014a6   0x080014a6   0x00000002   PAD
    0x080014a8   0x080014a8   0x00000180   Code   RO         3064    i.HAL_DFSDM_IRQHandler  stm32l4xx_hal_dfsdm.o
    0x08001628   0x08001628   0x0000004a   Code   RO         2311    i.HAL_DMA_Abort     stm32l4xx_hal_dma.o
    0x08001672   0x08001672   0x0000004e   Code   RO         2312    i.HAL_DMA_Abort_IT  stm32l4xx_hal_dma.o
    0x080016c0   0x080016c0   0x000000ba   Code   RO         2316    i.HAL_DMA_IRQHandler  stm32l4xx_hal_dma.o
    0x0800177a   0x0800177a   0x00000002   PAD
    0x0800177c   0x0800177c   0x000000c0   Code   RO         2317    i.HAL_DMA_Init      stm32l4xx_hal_dma.o
    0x0800183c   0x0800183c   0x000000de   Code   RO         2318    i.HAL_DMA_PollForTransfer  stm32l4xx_hal_dma.o
    0x0800191a   0x0800191a   0x00000050   Code   RO         2320    i.HAL_DMA_Start     stm32l4xx_hal_dma.o
    0x0800196a   0x0800196a   0x00000070   Code   RO         2321    i.HAL_DMA_Start_IT  stm32l4xx_hal_dma.o
    0x080019da   0x080019da   0x00000002   PAD
    0x080019dc   0x080019dc   0x00000024   Code   RO         1041    i.HAL_Delay         stm32l4xx_hal.o
    0x08001a00   0x08001a00   0x00000044   Code   RO          384    i.HAL_GPIO_EXTI_Callback  main.o
    0x08001a44   0x08001a44   0x00000018   Code   RO         2246    i.HAL_GPIO_EXTI_IRQHandler  stm32l4xx_hal_gpio.o
    0x08001a5c   0x08001a5c   0x00000266   Code   RO         2247    i.HAL_GPIO_Init     stm32l4xx_hal_gpio.o
    0x08001cc2   0x08001cc2   0x0000000a   Code   RO         2251    i.HAL_GPIO_WritePin  stm32l4xx_hal_gpio.o
    0x08001ccc   0x08001ccc   0x0000000c   Code   RO         1045    i.HAL_GetTick       stm32l4xx_hal.o
    0x08001cd8   0x08001cd8   0x00000010   Code   RO         1051    i.HAL_IncTick       stm32l4xx_hal.o
    0x08001ce8   0x08001ce8   0x0000001e   Code   RO         1052    i.HAL_Init          stm32l4xx_hal.o
    0x08001d06   0x08001d06   0x00000002   PAD
    0x08001d08   0x08001d08   0x00000044   Code   RO         1053    i.HAL_InitTick      stm32l4xx_hal.o
    0x08001d4c   0x08001d4c   0x0000002c   Code   RO          835    i.HAL_MspInit       stm32l4xx_hal_msp.o
    0x08001d78   0x08001d78   0x00000022   Code   RO         2793    i.HAL_NVIC_DisableIRQ  stm32l4xx_hal_cortex.o
    0x08001d9a   0x08001d9a   0x0000001a   Code   RO         2794    i.HAL_NVIC_EnableIRQ  stm32l4xx_hal_cortex.o
    0x08001db4   0x08001db4   0x00000040   Code   RO         2800    i.HAL_NVIC_SetPriority  stm32l4xx_hal_cortex.o
    0x08001df4   0x08001df4   0x00000024   Code   RO         2801    i.HAL_NVIC_SetPriorityGrouping  stm32l4xx_hal_cortex.o
    0x08001e18   0x08001e18   0x00000068   Code   RO         2538    i.HAL_PWREx_ControlVoltageScaling  stm32l4xx_hal_pwr_ex.o
    0x08001e80   0x08001e80   0x00000010   Code   RO         2569    i.HAL_PWREx_GetVoltageRange  stm32l4xx_hal_pwr_ex.o
    0x08001e90   0x08001e90   0x00000086   Code   RO         3421    i.HAL_QSPI_Abort    stm32l4xx_hal_qspi.o
    0x08001f16   0x08001f16   0x00000002   Code   RO         3422    i.HAL_QSPI_AbortCpltCallback  stm32l4xx_hal_qspi.o
    0x08001f18   0x08001f18   0x00000070   Code   RO         3423    i.HAL_QSPI_Abort_IT  stm32l4xx_hal_qspi.o
    0x08001f88   0x08001f88   0x000000b2   Code   RO         3424    i.HAL_QSPI_AutoPolling  stm32l4xx_hal_qspi.o
    0x0800203a   0x0800203a   0x000000a0   Code   RO         3425    i.HAL_QSPI_AutoPolling_IT  stm32l4xx_hal_qspi.o
    0x080020da   0x080020da   0x00000002   Code   RO         3426    i.HAL_QSPI_CmdCpltCallback  stm32l4xx_hal_qspi.o
    0x080020dc   0x080020dc   0x0000008c   Code   RO         3427    i.HAL_QSPI_Command  stm32l4xx_hal_qspi.o
    0x08002168   0x08002168   0x00000002   Code   RO         3430    i.HAL_QSPI_ErrorCallback  stm32l4xx_hal_qspi.o
    0x0800216a   0x0800216a   0x00000002   Code   RO         3431    i.HAL_QSPI_FifoThresholdCallback  stm32l4xx_hal_qspi.o
    0x0800216c   0x0800216c   0x000001f4   Code   RO         3435    i.HAL_QSPI_IRQHandler  stm32l4xx_hal_qspi.o
    0x08002360   0x08002360   0x000000b0   Code   RO         3436    i.HAL_QSPI_Init     stm32l4xx_hal_qspi.o
    0x08002410   0x08002410   0x00000078   Code   RO          837    i.HAL_QSPI_MspInit  stm32l4xx_hal_msp.o
    0x08002488   0x08002488   0x000000ca   Code   RO         3440    i.HAL_QSPI_Receive  stm32l4xx_hal_qspi.o
    0x08002552   0x08002552   0x00000002   Code   RO         3443    i.HAL_QSPI_RxCpltCallback  stm32l4xx_hal_qspi.o
    0x08002554   0x08002554   0x0000000c   Code   RO          385    i.HAL_QSPI_StatusMatchCallback  main.o
    0x08002560   0x08002560   0x00000002   Code   RO         3448    i.HAL_QSPI_TimeOutCallback  stm32l4xx_hal_qspi.o
    0x08002562   0x08002562   0x00000002   PAD
    0x08002564   0x08002564   0x000000c2   Code   RO         3449    i.HAL_QSPI_Transmit  stm32l4xx_hal_qspi.o
    0x08002626   0x08002626   0x00000002   Code   RO         3452    i.HAL_QSPI_TxCpltCallback  stm32l4xx_hal_qspi.o
    0x08002628   0x08002628   0x000003ae   Code   RO         1900    i.HAL_RCCEx_PeriphCLKConfig  stm32l4xx_hal_rcc_ex.o
    0x080029d6   0x080029d6   0x00000002   PAD
    0x080029d8   0x080029d8   0x00000120   Code   RO         1785    i.HAL_RCC_ClockConfig  stm32l4xx_hal_rcc.o
    0x08002af8   0x08002af8   0x00000024   Code   RO         1791    i.HAL_RCC_GetPCLK1Freq  stm32l4xx_hal_rcc.o
    0x08002b1c   0x08002b1c   0x00000024   Code   RO         1792    i.HAL_RCC_GetPCLK2Freq  stm32l4xx_hal_rcc.o
    0x08002b40   0x08002b40   0x000000a4   Code   RO         1793    i.HAL_RCC_GetSysClockFreq  stm32l4xx_hal_rcc.o
    0x08002be4   0x08002be4   0x00000528   Code   RO         1796    i.HAL_RCC_OscConfig  stm32l4xx_hal_rcc.o
    0x0800310c   0x0800310c   0x00000028   Code   RO         2805    i.HAL_SYSTICK_Config  stm32l4xx_hal_cortex.o
    0x08003134   0x08003134   0x0000009c   Code   RO         4385    i.HAL_TIMEx_MasterConfigSynchronization  stm32l4xx_hal_tim_ex.o
    0x080031d0   0x080031d0   0x00000036   Code   RO         3679    i.HAL_TIM_Base_Init  stm32l4xx_hal_tim.o
    0x08003206   0x08003206   0x00000002   PAD
    0x08003208   0x08003208   0x00000028   Code   RO          839    i.HAL_TIM_Base_MspInit  stm32l4xx_hal_msp.o
    0x08003230   0x08003230   0x000000dc   Code   RO         3688    i.HAL_TIM_ConfigClockSource  stm32l4xx_hal_tim.o
    0x0800330c   0x0800330c   0x00000066   Code   RO         4661    i.HAL_UART_Init     stm32l4xx_hal_uart.o
    0x08003372   0x08003372   0x00000002   PAD
    0x08003374   0x08003374   0x00000064   Code   RO          841    i.HAL_UART_MspInit  stm32l4xx_hal_msp.o
    0x080033d8   0x080033d8   0x000000b6   Code   RO         4670    i.HAL_UART_Transmit  stm32l4xx_hal_uart.o
    0x0800348e   0x0800348e   0x00000002   Code   RO          724    i.HardFault_Handler  stm32l4xx_it.o
    0x08003490   0x08003490   0x00000104   Code   RO          386    i.MX_DFSDM1_Init    main.o
    0x08003594   0x08003594   0x00000088   Code   RO          387    i.MX_DMA_Init       main.o
    0x0800361c   0x0800361c   0x000000a8   Code   RO          388    i.MX_GPIO_Init      main.o
    0x080036c4   0x080036c4   0x00000074   Code   RO          389    i.MX_TIM1_Init      main.o
    0x08003738   0x08003738   0x00000044   Code   RO          390    i.MX_USART1_UART_Init  main.o
    0x0800377c   0x0800377c   0x0000000c   Code   RO          658    i.MX_X_CUBE_AI_Init  app_x-cube-ai.o
    0x08003788   0x08003788   0x00000144   Code   RO          659    i.MX_X_CUBE_AI_Process  app_x-cube-ai.o
    0x080038cc   0x080038cc   0x00000002   Code   RO          725    i.MemManage_Handler  stm32l4xx_it.o
    0x080038ce   0x080038ce   0x00000002   Code   RO          726    i.NMI_Handler       stm32l4xx_it.o
    0x080038d0   0x080038d0   0x00000002   Code   RO          727    i.PendSV_Handler    stm32l4xx_it.o
    0x080038d2   0x080038d2   0x00000002   PAD
    0x080038d4   0x080038d4   0x00000050   Code   RO          391    i.QSPI_AutoPollingMemReady  main.o
    0x08003924   0x08003924   0x0000004c   Code   RO          392    i.QSPI_AutoPollingMemReadyIT  main.o
    0x08003970   0x08003970   0x0000015e   Code   RO         3454    i.QSPI_Config       stm32l4xx_hal_qspi.o
    0x08003ace   0x08003ace   0x0000003a   Code   RO         3455    i.QSPI_DMAAbortCplt  stm32l4xx_hal_qspi.o
    0x08003b08   0x08003b08   0x000000fe   Code   RO          393    i.QSPI_Initilize    main.o
    0x08003c06   0x08003c06   0x00000002   PAD
    0x08003c08   0x08003c08   0x00000060   Code   RO          394    i.QSPI_Receive      main.o
    0x08003c68   0x08003c68   0x0000006c   Code   RO          395    i.QSPI_Send         main.o
    0x08003cd4   0x08003cd4   0x00000048   Code   RO         3461    i.QSPI_WaitFlagStateUntilTimeout  stm32l4xx_hal_qspi.o
    0x08003d1c   0x08003d1c   0x0000008c   Code   RO          396    i.QSPI_WriteEnable  main.o
    0x08003da8   0x08003da8   0x0000000c   Code   RO          728    i.QUADSPI_IRQHandler  stm32l4xx_it.o
    0x08003db4   0x08003db4   0x0000012c   Code   RO         1904    i.RCCEx_PLLSAI1_Config  stm32l4xx_hal_rcc_ex.o
    0x08003ee0   0x08003ee0   0x00000108   Code   RO         1905    i.RCCEx_PLLSAI2_Config  stm32l4xx_hal_rcc_ex.o
    0x08003fe8   0x08003fe8   0x0000007c   Code   RO         1797    i.RCC_SetFlashLatencyFromMSIRange  stm32l4xx_hal_rcc.o
    0x08004064   0x08004064   0x00000002   Code   RO          729    i.SVC_Handler       stm32l4xx_it.o
    0x08004066   0x08004066   0x00000004   Code   RO          730    i.SysTick_Handler   stm32l4xx_it.o
    0x0800406a   0x0800406a   0x00000002   PAD
    0x0800406c   0x0800406c   0x000000b4   Code   RO          397    i.SystemClock_Config  main.o
    0x08004120   0x08004120   0x00000044   Code   RO         5074    i.SystemInit        system_stm32l4xx.o
    0x08004164   0x08004164   0x000000c0   Code   RO         3767    i.TIM_Base_SetConfig  stm32l4xx_hal_tim.o
    0x08004224   0x08004224   0x00000014   Code   RO         3778    i.TIM_ETR_SetConfig  stm32l4xx_hal_tim.o
    0x08004238   0x08004238   0x00000010   Code   RO         3779    i.TIM_ITRx_SetConfig  stm32l4xx_hal_tim.o
    0x08004248   0x08004248   0x00000022   Code   RO         3787    i.TIM_TI1_ConfigInputStage  stm32l4xx_hal_tim.o
    0x0800426a   0x0800426a   0x00000024   Code   RO         3789    i.TIM_TI2_ConfigInputStage  stm32l4xx_hal_tim.o
    0x0800428e   0x0800428e   0x000000c8   Code   RO         4675    i.UART_AdvFeatureConfig  stm32l4xx_hal_uart.o
    0x08004356   0x08004356   0x00000058   Code   RO         4676    i.UART_CheckIdleState  stm32l4xx_hal_uart.o
    0x080043ae   0x080043ae   0x00000002   PAD
    0x080043b0   0x080043b0   0x00000294   Code   RO         4691    i.UART_SetConfig    stm32l4xx_hal_uart.o
    0x08004644   0x08004644   0x000000a4   Code   RO         4694    i.UART_WaitOnFlagUntilTimeout  stm32l4xx_hal_uart.o
    0x080046e8   0x080046e8   0x00000002   Code   RO          731    i.UsageFault_Handler  stm32l4xx_it.o
    0x080046ea   0x080046ea   0x00000002   PAD
    0x080046ec   0x080046ec   0x00000020   Code   RO         6146    i.__0printf         mc_w.l(printfa.o)
    0x0800470c   0x0800470c   0x00000026   Code   RO         6212    i.__ARM_fpclassifyf  m_wm.l(fpclassifyf.o)
    0x08004732   0x08004732   0x00000020   Code   RO         2807    i.__NVIC_SetPriority  stm32l4xx_hal_cortex.o
    0x08004752   0x08004752   0x00000002   PAD
    0x08004754   0x08004754   0x00000068   Code   RO         5457    i.__ai_math_dot_array  NetworkRuntime500_CM4_Keil.lib(layers_rnn_generic_float.o)
    0x080047bc   0x080047bc   0x0000005c   Code   RO         6178    i.__free$realloc    mc_w.l(mallocr.o)
    0x08004818   0x08004818   0x000001e8   Code   RO         5776    i.__hardfp_expf     m_wm.l(expf.o)
    0x08004a00   0x08004a00   0x000000e4   Code   RO         5884    i.__hardfp_tanhf    m_wm.l(tanhf.o)
    0x08004ae4   0x08004ae4   0x00000050   Code   RO         6179    i.__malloc$realloc  mc_w.l(mallocr.o)
    0x08004b34   0x08004b34   0x00000006   Code   RO         6215    i.__mathlib_flt_infnan  m_wm.l(funder.o)
    0x08004b3a   0x08004b3a   0x00000002   PAD
    0x08004b3c   0x08004b3c   0x00000010   Code   RO         6218    i.__mathlib_flt_overflow  m_wm.l(funder.o)
    0x08004b4c   0x08004b4c   0x00000010   Code   RO         6220    i.__mathlib_flt_underflow  m_wm.l(funder.o)
    0x08004b5c   0x08004b5c   0x0000000e   Code   RO         6295    i.__scatterload_copy  mc_w.l(handlers.o)
    0x08004b6a   0x08004b6a   0x00000002   Code   RO         6296    i.__scatterload_null  mc_w.l(handlers.o)
    0x08004b6c   0x08004b6c   0x0000000e   Code   RO         6297    i.__scatterload_zeroinit  mc_w.l(handlers.o)
    0x08004b7a   0x08004b7a   0x00000002   PAD
    0x08004b7c   0x08004b7c   0x0000000c   Code   RO         6263    i.__set_errno       mc_w.l(errno.o)
    0x08004b88   0x08004b88   0x000001c2   Code   RO         5458    i._forward_gru_after  NetworkRuntime500_CM4_Keil.lib(layers_rnn_generic_float.o)
    0x08004d4a   0x08004d4a   0x00000002   PAD
    0x08004d4c   0x08004d4c   0x000001d2   Code   RO         5459    i._forward_gru_before  NetworkRuntime500_CM4_Keil.lib(layers_rnn_generic_float.o)
    0x08004f1e   0x08004f1e   0x00000002   PAD
    0x08004f20   0x08004f20   0x0000018a   Code   RO         6153    i._fp_digits        mc_w.l(printfa.o)
    0x080050aa   0x080050aa   0x00000214   Code   RO         5135    i._platform_network_io_bind  NetworkRuntime500_CM4_Keil.lib(ai_platform_interface.o)
    0x080052be   0x080052be   0x00000038   Code   RO         5136    i._platform_network_state_setup  NetworkRuntime500_CM4_Keil.lib(ai_platform_interface.o)
    0x080052f6   0x080052f6   0x00000068   Code   RO         5137    i._platform_network_state_update_input  NetworkRuntime500_CM4_Keil.lib(ai_platform_interface.o)
    0x0800535e   0x0800535e   0x00000080   Code   RO         5138    i._platform_network_state_update_output  NetworkRuntime500_CM4_Keil.lib(ai_platform_interface.o)
    0x080053de   0x080053de   0x00000002   PAD
    0x080053e0   0x080053e0   0x000006e2   Code   RO         6154    i._printf_core      mc_w.l(printfa.o)
    0x08005ac2   0x08005ac2   0x00000024   Code   RO         6155    i._printf_post_padding  mc_w.l(printfa.o)
    0x08005ae6   0x08005ae6   0x0000002e   Code   RO         6156    i._printf_pre_padding  mc_w.l(printfa.o)
    0x08005b14   0x08005b14   0x0000005c   Code   RO          660    i.aiInit            app_x-cube-ai.o
    0x08005b70   0x08005b70   0x00000044   Code   RO          661    i.aiRun             app_x-cube-ai.o
    0x08005bb4   0x08005bb4   0x0000003e   Code   RO         5598    i.ai_array_get_byte_size  NetworkRuntime500_CM4_Keil.lib(ai_datatypes_format.o)
    0x08005bf2   0x08005bf2   0x00000002   PAD
    0x08005bf4   0x08005bf4   0x000000e8   Code   RO         5601    i.ai_array_to_buffer_fmt  NetworkRuntime500_CM4_Keil.lib(ai_datatypes_format.o)
    0x08005cdc   0x08005cdc   0x0000002c   Code   RO         5619    i.ai_check_custom_types  NetworkRuntime500_CM4_Keil.lib(layers.o)
    0x08005d08   0x08005d08   0x00000126   Code   RO         5217    i.ai_conv2d_kernel_depthwise_f32  NetworkRuntime500_CM4_Keil.lib(layers_conv2d_generic_float.o)
    0x08005e2e   0x08005e2e   0x000000b8   Code   RO         5218    i.ai_conv2d_kernel_f32  NetworkRuntime500_CM4_Keil.lib(layers_conv2d_generic_float.o)
    0x08005ee6   0x08005ee6   0x00000002   PAD
    0x08005ee8   0x08005ee8   0x0000016a   Code   RO         5219    i.ai_conv2d_kernel_group_f32  NetworkRuntime500_CM4_Keil.lib(layers_conv2d_generic_float.o)
    0x08006052   0x08006052   0x00000002   PAD
    0x08006054   0x08006054   0x00000102   Code   RO         5220    i.ai_conv2d_kernel_simple_f32  NetworkRuntime500_CM4_Keil.lib(layers_conv2d_generic_float.o)
    0x08006156   0x08006156   0x00000092   Code   RO         5221    i.ai_conv2d_stripe_f32  NetworkRuntime500_CM4_Keil.lib(layers_conv2d_generic_float.o)
    0x080061e8   0x080061e8   0x0000012c   Code   RO         5222    i.ai_dict4_dot_array_f32  NetworkRuntime500_CM4_Keil.lib(layers_conv2d_generic_float.o)
    0x08006314   0x08006314   0x000000e8   Code   RO         5223    i.ai_dict8_dot_array_f32  NetworkRuntime500_CM4_Keil.lib(layers_conv2d_generic_float.o)
    0x080063fc   0x080063fc   0x0000007a   Code   RO         5224    i.ai_dict_decompress_f32  NetworkRuntime500_CM4_Keil.lib(layers_conv2d_generic_float.o)
    0x08006476   0x08006476   0x00000012   Code   RO         5620    i.ai_forward_layer  NetworkRuntime500_CM4_Keil.lib(layers.o)
    0x08006488   0x08006488   0x00000018   Code   RO         5623    i.ai_layers_forward_all  NetworkRuntime500_CM4_Keil.lib(layers.o)
    0x080064a0   0x080064a0   0x00000018   Code   RO         5184    i.ai_math_sigmoid   NetworkRuntime500_CM4_Keil.lib(ai_math_helpers.o)
    0x080064b8   0x080064b8   0x00000004   Code   RO         5187    i.ai_math_tanh      NetworkRuntime500_CM4_Keil.lib(ai_math_helpers.o)
    0x080064bc   0x080064bc   0x00000006   Code   RO         5190    i.ai_mul            NetworkRuntime500_CM4_Keil.lib(ai_math_helpers.o)
    0x080064c2   0x080064c2   0x00000002   PAD
    0x080064c4   0x080064c4   0x00000018   Code   RO           10    i.ai_network_create  network.o
    0x080064dc   0x080064dc   0x00000008   Code   RO          359    i.ai_network_data_weights_get  network_data.o
    0x080064e4   0x080064e4   0x00000004   Code   RO           11    i.ai_network_destroy  network.o
    0x080064e8   0x080064e8   0x00000004   Code   RO           13    i.ai_network_get_error  network.o
    0x080064ec   0x080064ec   0x00000022   Code   RO           15    i.ai_network_init   network.o
    0x0800650e   0x0800650e   0x00000004   Code   RO           16    i.ai_network_run    network.o
    0x08006512   0x08006512   0x00000002   PAD
    0x08006514   0x08006514   0x0000001c   Code   RO         5141    i.ai_platform_context_acquire  NetworkRuntime500_CM4_Keil.lib(ai_platform_interface.o)
    0x08006530   0x08006530   0x00000070   Code   RO         5144    i.ai_platform_network_create  NetworkRuntime500_CM4_Keil.lib(ai_platform_interface.o)
    0x080065a0   0x080065a0   0x00000012   Code   RO         5145    i.ai_platform_network_destroy  NetworkRuntime500_CM4_Keil.lib(ai_platform_interface.o)
    0x080065b2   0x080065b2   0x00000002   PAD
    0x080065b4   0x080065b4   0x0000001c   Code   RO         5146    i.ai_platform_network_get_error  NetworkRuntime500_CM4_Keil.lib(ai_platform_interface.o)
    0x080065d0   0x080065d0   0x0000007e   Code   RO         5147    i.ai_platform_network_init  NetworkRuntime500_CM4_Keil.lib(ai_platform_interface.o)
    0x0800664e   0x0800664e   0x00000056   Code   RO         5148    i.ai_platform_network_process  NetworkRuntime500_CM4_Keil.lib(ai_platform_interface.o)
    0x080066a4   0x080066a4   0x0000000c   Code   RO         5149    i.ai_platform_network_set_error  NetworkRuntime500_CM4_Keil.lib(ai_platform_interface.o)
    0x080066b0   0x080066b0   0x0000001a   Code   RO         5295    i.ai_shape_get_size  NetworkRuntime500_CM4_Keil.lib(layers_nl_generic_float.o)
    0x080066ca   0x080066ca   0x00000002   PAD
    0x080066cc   0x080066cc   0x000000c0   Code   RO         5648    i.core_compute_offsets  NetworkRuntime500_CM4_Keil.lib(core_utils.o)
    0x0800678c   0x0800678c   0x00000032   Code   RO         5649    i.core_get_broadcasted_shape  NetworkRuntime500_CM4_Keil.lib(core_utils.o)
    0x080067be   0x080067be   0x0000000c   Code   RO         5631    i.core_get_error    NetworkRuntime500_CM4_Keil.lib(core_common.o)
    0x080067ca   0x080067ca   0x00000004   Code   RO         5632    i.core_init         NetworkRuntime500_CM4_Keil.lib(core_common.o)
    0x080067ce   0x080067ce   0x00000016   Code   RO         5637    i.core_mem_alloc    NetworkRuntime500_CM4_Keil.lib(core_mem_manager.o)
    0x080067e4   0x080067e4   0x0000000a   Code   RO         5638    i.core_mem_free     NetworkRuntime500_CM4_Keil.lib(core_mem_manager.o)
    0x080067ee   0x080067ee   0x0000001a   Code   RO         5639    i.core_mem_free_    NetworkRuntime500_CM4_Keil.lib(core_mem_manager.o)
    0x08006808   0x08006808   0x00000012   Code   RO         5641    i.core_mem_unmarshal_  NetworkRuntime500_CM4_Keil.lib(core_mem_manager.o)
    0x0800681a   0x0800681a   0x0000000e   Code   RO         5226    i.core_nl_get_params_byte_size  NetworkRuntime500_CM4_Keil.lib(layers_conv2d_generic_float.o)
    0x08006828   0x08006828   0x00000012   Code   RO         5227    i.core_nl_get_params_ptr  NetworkRuntime500_CM4_Keil.lib(layers_conv2d_generic_float.o)
    0x0800683a   0x0800683a   0x0000000a   Code   RO         5228    i.core_nl_get_params_stride  NetworkRuntime500_CM4_Keil.lib(layers_conv2d_generic_float.o)
    0x08006844   0x08006844   0x0000001a   Code   RO         5633    i.core_set_error    NetworkRuntime500_CM4_Keil.lib(core_common.o)
    0x0800685e   0x0800685e   0x00000002   PAD
    0x08006860   0x08006860   0x00000088   Code   RO          398    i.featureClean      main.o
    0x080068e8   0x080068e8   0x00000048   Code   RO          399    i.featureInit       main.o
    0x08006930   0x08006930   0x000000f8   Code   RO          400    i.featureUpdate     main.o
    0x08006a28   0x08006a28   0x0000045e   Code   RO         5230    i.forward_conv2d_nl_pool  NetworkRuntime500_CM4_Keil.lib(layers_conv2d_generic_float.o)
    0x08006e86   0x08006e86   0x00000002   PAD
    0x08006e88   0x08006e88   0x000001d6   Code   RO         5231    i.forward_dense     NetworkRuntime500_CM4_Keil.lib(layers_conv2d_generic_float.o)
    0x0800705e   0x0800705e   0x00000002   PAD
    0x08007060   0x08007060   0x0000017e   Code   RO         5260    i.forward_eltwise   NetworkRuntime500_CM4_Keil.lib(layers_generic_float.o)
    0x080071de   0x080071de   0x0000000e   Code   RO         5460    i.forward_gru       NetworkRuntime500_CM4_Keil.lib(layers_rnn_generic_float.o)
    0x080071ec   0x080071ec   0x0000006c   Code   RO         5326    i.forward_sm        NetworkRuntime500_CM4_Keil.lib(layers_nl_generic_float.o)
    0x08007258   0x08007258   0x00000020   Code   RO          402    i.fputc             main.o
    0x08007278   0x08007278   0x00000002   Code   RO         5234    i.func_dummy        NetworkRuntime500_CM4_Keil.lib(layers_conv2d_generic_float.o)
    0x0800727a   0x0800727a   0x00000002   Code   RO         5462    i.func_dummy        NetworkRuntime500_CM4_Keil.lib(layers_rnn_generic_float.o)
    0x0800727c   0x0800727c   0x0000015a   Code   RO         5463    i.gru_cell_after    NetworkRuntime500_CM4_Keil.lib(layers_rnn_generic_float.o)
    0x080073d6   0x080073d6   0x0000015e   Code   RO         5464    i.gru_cell_before   NetworkRuntime500_CM4_Keil.lib(layers_rnn_generic_float.o)
    0x08007534   0x08007534   0x00000050   Code   RO         6180    i.internal_alloc    mc_w.l(mallocr.o)
    0x08007584   0x08007584   0x00000958   Code   RO          403    i.main              main.o
    0x08007edc   0x08007edc   0x00000094   Code   RO           17    i.network_configure_activations  network.o
    0x08007f70   0x08007f70   0x00000178   Code   RO           18    i.network_configure_weights  network.o
    0x080080e8   0x080080e8   0x00000040   Code   RO         5353    i.nl_func_relu_array_f32  NetworkRuntime500_CM4_Keil.lib(layers_nl_generic_float.o)
    0x08008128   0x08008128   0x0000004c   Code   RO         5363    i.nl_func_sm_array_f32  NetworkRuntime500_CM4_Keil.lib(layers_nl_generic_float.o)
    0x08008174   0x08008174   0x00000090   Code   RO         5364    i.nl_func_sm_channel_f32  NetworkRuntime500_CM4_Keil.lib(layers_nl_generic_float.o)
    0x08008204   0x08008204   0x000001b2   Code   RO         5449    i.pool_func_mp_array_f32  NetworkRuntime500_CM4_Keil.lib(layers_pool_generic_float.o)
    0x080083b6   0x080083b6   0x00000002   PAD
    0x080083b8   0x080083b8   0x00000008   Data   RO           26    .constdata          network.o
    0x080083c0   0x080083c0   0x00000008   Data   RO           27    .constdata          network.o
    0x080083c8   0x080083c8   0x00000008   Data   RO           28    .constdata          network.o
    0x080083d0   0x080083d0   0x00000008   Data   RO           29    .constdata          network.o
    0x080083d8   0x080083d8   0x00000008   Data   RO           30    .constdata          network.o
    0x080083e0   0x080083e0   0x00000008   Data   RO           31    .constdata          network.o
    0x080083e8   0x080083e8   0x00000008   Data   RO           32    .constdata          network.o
    0x080083f0   0x080083f0   0x00000008   Data   RO           33    .constdata          network.o
    0x080083f8   0x080083f8   0x00000008   Data   RO           34    .constdata          network.o
    0x08008400   0x08008400   0x00000008   Data   RO           35    .constdata          network.o
    0x08008408   0x08008408   0x000055c0   Data   RO          360    .constdata          network_data.o
    0x0800d9c8   0x0800d9c8   0x00000030   Data   RO          663    .constdata          app_x-cube-ai.o
    0x0800d9f8   0x0800d9f8   0x00000040   Data   RO         5075    .constdata          system_stm32l4xx.o
    0x0800da38   0x0800da38   0x00000008   Data   RO         5076    .constdata          system_stm32l4xx.o
    0x0800da40   0x0800da40   0x00000020   Data   RO         5152    .constdata          NetworkRuntime500_CM4_Keil.lib(ai_platform_interface.o)
    0x0800da60   0x0800da60   0x000000e0   Data   RO         5275    .constdata          NetworkRuntime500_CM4_Keil.lib(layers_generic_float.o)
    0x0800db40   0x0800db40   0x00000018   Data   RO         5654    .constdata          NetworkRuntime500_CM4_Keil.lib(core_utils.o)
    0x0800db58   0x0800db58   0x00000030   Data   RO         5779    .constdata          m_wm.l(expf.o)
    0x0800db88   0x0800db88   0x00000800   Data   RO         5500    .rodata.armBitRevTable  arm_cortexM4lf_math.lib(arm_common_tables.o)
    0x0800e388   0x0800e388   0x00008000   Data   RO         5509    .rodata.twiddleCoef_4096  arm_cortexM4lf_math.lib(arm_common_tables.o)
    0x08016388   0x08016388   0x00000040   Data   RO         6293    Region$$Table       anon$$obj.o


    Execution Region RW_IRAM2 (Exec base: 0x10000000, Load base: 0x080166fc, Size: 0x00006598, Max: 0x00008000, ABSOLUTE, COMPRESSED[0x000001c8])

    Exec Addr    Load Addr    Size         Type   Attr      Idx    E Section Name        Object

    0x10000000   COMPRESSED   0x00000010   Data   RW           39    .data               network.o
    0x10000010   COMPRESSED   0x00000010   Data   RW           41    .data               network.o
    0x10000020   COMPRESSED   0x00000010   Data   RW           43    .data               network.o
    0x10000030   COMPRESSED   0x00000010   Data   RW           45    .data               network.o
    0x10000040   COMPRESSED   0x00000010   Data   RW           47    .data               network.o
    0x10000050   COMPRESSED   0x00000010   Data   RW           49    .data               network.o
    0x10000060   COMPRESSED   0x00000010   Data   RW           51    .data               network.o
    0x10000070   COMPRESSED   0x00000010   Data   RW           53    .data               network.o
    0x10000080   COMPRESSED   0x00000010   Data   RW           55    .data               network.o
    0x10000090   COMPRESSED   0x00000010   Data   RW           57    .data               network.o
    0x100000a0   COMPRESSED   0x00000010   Data   RW           59    .data               network.o
    0x100000b0   COMPRESSED   0x00000010   Data   RW           61    .data               network.o
    0x100000c0   COMPRESSED   0x00000010   Data   RW           63    .data               network.o
    0x100000d0   COMPRESSED   0x00000010   Data   RW           65    .data               network.o
    0x100000e0   COMPRESSED   0x00000010   Data   RW           67    .data               network.o
    0x100000f0   COMPRESSED   0x00000010   Data   RW           69    .data               network.o
    0x10000100   COMPRESSED   0x00000010   Data   RW           71    .data               network.o
    0x10000110   COMPRESSED   0x00000010   Data   RW           73    .data               network.o
    0x10000120   COMPRESSED   0x00000010   Data   RW           75    .data               network.o
    0x10000130   COMPRESSED   0x00000010   Data   RW           77    .data               network.o
    0x10000140   COMPRESSED   0x00000010   Data   RW           79    .data               network.o
    0x10000150   COMPRESSED   0x00000010   Data   RW           81    .data               network.o
    0x10000160   COMPRESSED   0x00000010   Data   RW           83    .data               network.o
    0x10000170   COMPRESSED   0x00000010   Data   RW           85    .data               network.o
    0x10000180   COMPRESSED   0x00000010   Data   RW           87    .data               network.o
    0x10000190   COMPRESSED   0x00000010   Data   RW           89    .data               network.o
    0x100001a0   COMPRESSED   0x00000010   Data   RW           91    .data               network.o
    0x100001b0   COMPRESSED   0x00000010   Data   RW           93    .data               network.o
    0x100001c0   COMPRESSED   0x00000010   Data   RW           95    .data               network.o
    0x100001d0   COMPRESSED   0x00000010   Data   RW           97    .data               network.o
    0x100001e0   COMPRESSED   0x00000010   Data   RW           99    .data               network.o
    0x100001f0   COMPRESSED   0x00000010   Data   RW          101    .data               network.o
    0x10000200   COMPRESSED   0x00000010   Data   RW          103    .data               network.o
    0x10000210   COMPRESSED   0x00000010   Data   RW          105    .data               network.o
    0x10000220   COMPRESSED   0x00000004   Data   RW          106    .data               network.o
    0x10000224   COMPRESSED   0x0000000c   Data   RW          108    .data               network.o
    0x10000230   COMPRESSED   0x00000004   Data   RW          109    .data               network.o
    0x10000234   COMPRESSED   0x00000004   Data   RW          113    .data               network.o
    0x10000238   COMPRESSED   0x00000010   Data   RW          117    .data               network.o
    0x10000248   COMPRESSED   0x00000004   Data   RW          118    .data               network.o
    0x1000024c   COMPRESSED   0x0000000c   Data   RW          120    .data               network.o
    0x10000258   COMPRESSED   0x00000004   Data   RW          121    .data               network.o
    0x1000025c   COMPRESSED   0x00000004   Data   RW          125    .data               network.o
    0x10000260   COMPRESSED   0x00000004   Data   RW          129    .data               network.o
    0x10000264   COMPRESSED   0x0000000c   Data   RW          131    .data               network.o
    0x10000270   COMPRESSED   0x00000004   Data   RW          132    .data               network.o
    0x10000274   COMPRESSED   0x00000008   Data   RW          134    .data               network.o
    0x1000027c   COMPRESSED   0x00000004   Data   RW          136    .data               network.o
    0x10000280   COMPRESSED   0x00000004   Data   RW          139    .data               network.o
    0x10000284   COMPRESSED   0x00000008   Data   RW          141    .data               network.o
    0x1000028c   COMPRESSED   0x00000004   Data   RW          142    .data               network.o
    0x10000290   COMPRESSED   0x00000004   Data   RW          145    .data               network.o
    0x10000294   COMPRESSED   0x00000004   Data   RW          149    .data               network.o
    0x10000298   COMPRESSED   0x00000008   Data   RW          151    .data               network.o
    0x100002a0   COMPRESSED   0x00000004   Data   RW          152    .data               network.o
    0x100002a4   COMPRESSED   0x00000004   Data   RW          155    .data               network.o
    0x100002a8   COMPRESSED   0x00000004   Data   RW          157    .data               network.o
    0x100002ac   COMPRESSED   0x00000004   Data   RW          162    .data               network.o
    0x100002b0   COMPRESSED   0x00000008   Data   RW          163    .data               network.o
    0x100002b8   COMPRESSED   0x0000000c   Data   RW          164    .data               network.o
    0x100002c4   COMPRESSED   0x0000001c   Data   RW          169    .data               network.o
    0x100002e0   COMPRESSED   0x0000001c   Data   RW          171    .data               network.o
    0x100002fc   COMPRESSED   0x0000001c   Data   RW          173    .data               network.o
    0x10000318   COMPRESSED   0x0000001c   Data   RW          175    .data               network.o
    0x10000334   COMPRESSED   0x0000001c   Data   RW          177    .data               network.o
    0x10000350   COMPRESSED   0x0000001c   Data   RW          179    .data               network.o
    0x1000036c   COMPRESSED   0x0000001c   Data   RW          181    .data               network.o
    0x10000388   COMPRESSED   0x0000001c   Data   RW          183    .data               network.o
    0x100003a4   COMPRESSED   0x0000001c   Data   RW          185    .data               network.o
    0x100003c0   COMPRESSED   0x0000001c   Data   RW          187    .data               network.o
    0x100003dc   COMPRESSED   0x0000001c   Data   RW          189    .data               network.o
    0x100003f8   COMPRESSED   0x0000001c   Data   RW          191    .data               network.o
    0x10000414   COMPRESSED   0x0000001c   Data   RW          193    .data               network.o
    0x10000430   COMPRESSED   0x0000001c   Data   RW          195    .data               network.o
    0x1000044c   COMPRESSED   0x0000001c   Data   RW          197    .data               network.o
    0x10000468   COMPRESSED   0x0000001c   Data   RW          199    .data               network.o
    0x10000484   COMPRESSED   0x00000028   Data   RW          204    .data               network.o
    0x100004ac   COMPRESSED   0x0000001c   Data   RW          206    .data               network.o
    0x100004c8   COMPRESSED   0x00000018   Data   RW          207    .data               network.o
    0x100004e0   COMPRESSED   0x00000018   Data   RW          209    .data               network.o
    0x100004f8   COMPRESSED   0x00000004   Data   RW         5077    .data               system_stm32l4xx.o
    0x100004fc   COMPRESSED   0x00000004   Data   RW         6259    .data               mc_w.l(mvars.o)
    0x10000500   COMPRESSED   0x00000004   Data   RW         6264    .data               mc_w.l(errno.o)
    0x10000504        -       0x00000010   Zero   RW           21    .bss                network.o
    0x10000514        -       0x00000018   Zero   RW           22    .bss                network.o
    0x1000052c        -       0x00000018   Zero   RW           24    .bss                network.o
    0x10000544        -       0x00000010   Zero   RW           25    .bss                network.o
    0x10000554        -       0x00000020   Zero   RW          407    .bss                main.o
    0x10000574        -       0x00000020   Zero   RW         3065    .bss                stm32l4xx_hal_dfsdm.o
    0x10000594   COMPRESSED   0x00000004   PAD
    0x10000598        -       0x00002000   Zero   RW            2    HEAP                startup_stm32l475xx.o
    0x10002598        -       0x00004000   Zero   RW            1    STACK               startup_stm32l475xx.o


    Execution Region RW_IRAM1 (Exec base: 0x20000000, Load base: 0x080163c8, Size: 0x00016594, Max: 0x00018000, ABSOLUTE, COMPRESSED[0x00000334])

    Exec Addr    Load Addr    Size         Type   Attr      Idx    E Section Name        Object

    0x20000000   COMPRESSED   0x00000010   Data   RW           38    .data               network.o
    0x20000010   COMPRESSED   0x00000010   Data   RW           40    .data               network.o
    0x20000020   COMPRESSED   0x00000010   Data   RW           42    .data               network.o
    0x20000030   COMPRESSED   0x00000010   Data   RW           44    .data               network.o
    0x20000040   COMPRESSED   0x00000010   Data   RW           46    .data               network.o
    0x20000050   COMPRESSED   0x00000010   Data   RW           48    .data               network.o
    0x20000060   COMPRESSED   0x00000010   Data   RW           50    .data               network.o
    0x20000070   COMPRESSED   0x00000010   Data   RW           52    .data               network.o
    0x20000080   COMPRESSED   0x00000010   Data   RW           54    .data               network.o
    0x20000090   COMPRESSED   0x00000010   Data   RW           56    .data               network.o
    0x200000a0   COMPRESSED   0x00000010   Data   RW           58    .data               network.o
    0x200000b0   COMPRESSED   0x00000010   Data   RW           60    .data               network.o
    0x200000c0   COMPRESSED   0x00000010   Data   RW           62    .data               network.o
    0x200000d0   COMPRESSED   0x00000010   Data   RW           64    .data               network.o
    0x200000e0   COMPRESSED   0x00000010   Data   RW           66    .data               network.o
    0x200000f0   COMPRESSED   0x00000010   Data   RW           68    .data               network.o
    0x20000100   COMPRESSED   0x00000010   Data   RW           70    .data               network.o
    0x20000110   COMPRESSED   0x00000010   Data   RW           72    .data               network.o
    0x20000120   COMPRESSED   0x00000010   Data   RW           74    .data               network.o
    0x20000130   COMPRESSED   0x00000010   Data   RW           76    .data               network.o
    0x20000140   COMPRESSED   0x00000010   Data   RW           78    .data               network.o
    0x20000150   COMPRESSED   0x00000010   Data   RW           80    .data               network.o
    0x20000160   COMPRESSED   0x00000010   Data   RW           82    .data               network.o
    0x20000170   COMPRESSED   0x00000010   Data   RW           84    .data               network.o
    0x20000180   COMPRESSED   0x00000010   Data   RW           86    .data               network.o
    0x20000190   COMPRESSED   0x00000010   Data   RW           88    .data               network.o
    0x200001a0   COMPRESSED   0x00000010   Data   RW           90    .data               network.o
    0x200001b0   COMPRESSED   0x00000010   Data   RW           92    .data               network.o
    0x200001c0   COMPRESSED   0x00000010   Data   RW           94    .data               network.o
    0x200001d0   COMPRESSED   0x00000010   Data   RW           96    .data               network.o
    0x200001e0   COMPRESSED   0x00000010   Data   RW           98    .data               network.o
    0x200001f0   COMPRESSED   0x00000010   Data   RW          100    .data               network.o
    0x20000200   COMPRESSED   0x00000010   Data   RW          102    .data               network.o
    0x20000210   COMPRESSED   0x00000010   Data   RW          104    .data               network.o
    0x20000220   COMPRESSED   0x00000004   Data   RW          107    .data               network.o
    0x20000224   COMPRESSED   0x00000030   Data   RW          110    .data               network.o
    0x20000254   COMPRESSED   0x00000010   Data   RW          111    .data               network.o
    0x20000264   COMPRESSED   0x00000004   Data   RW          112    .data               network.o
    0x20000268   COMPRESSED   0x0000000c   Data   RW          114    .data               network.o
    0x20000274   COMPRESSED   0x00000004   Data   RW          115    .data               network.o
    0x20000278   COMPRESSED   0x00000030   Data   RW          116    .data               network.o
    0x200002a8   COMPRESSED   0x00000004   Data   RW          119    .data               network.o
    0x200002ac   COMPRESSED   0x00000030   Data   RW          122    .data               network.o
    0x200002dc   COMPRESSED   0x00000010   Data   RW          123    .data               network.o
    0x200002ec   COMPRESSED   0x00000004   Data   RW          124    .data               network.o
    0x200002f0   COMPRESSED   0x0000000c   Data   RW          126    .data               network.o
    0x200002fc   COMPRESSED   0x00000004   Data   RW          127    .data               network.o
    0x20000300   COMPRESSED   0x00000030   Data   RW          128    .data               network.o
    0x20000330   COMPRESSED   0x00000004   Data   RW          130    .data               network.o
    0x20000334   COMPRESSED   0x00000030   Data   RW          133    .data               network.o
    0x20000364   COMPRESSED   0x00000004   Data   RW          135    .data               network.o
    0x20000368   COMPRESSED   0x00000004   Data   RW          137    .data               network.o
    0x2000036c   COMPRESSED   0x00000030   Data   RW          138    .data               network.o
    0x2000039c   COMPRESSED   0x00000004   Data   RW          140    .data               network.o
    0x200003a0   COMPRESSED   0x00000030   Data   RW          143    .data               network.o
    0x200003d0   COMPRESSED   0x00000004   Data   RW          144    .data               network.o
    0x200003d4   COMPRESSED   0x00000008   Data   RW          146    .data               network.o
    0x200003dc   COMPRESSED   0x00000004   Data   RW          147    .data               network.o
    0x200003e0   COMPRESSED   0x00000030   Data   RW          148    .data               network.o
    0x20000410   COMPRESSED   0x00000004   Data   RW          150    .data               network.o
    0x20000414   COMPRESSED   0x00000030   Data   RW          153    .data               network.o
    0x20000444   COMPRESSED   0x00000004   Data   RW          154    .data               network.o
    0x20000448   COMPRESSED   0x00000004   Data   RW          156    .data               network.o
    0x2000044c   COMPRESSED   0x00000030   Data   RW          158    .data               network.o
    0x2000047c   COMPRESSED   0x00000004   Data   RW          159    .data               network.o
    0x20000480   COMPRESSED   0x00000008   Data   RW          160    .data               network.o
    0x20000488   COMPRESSED   0x0000000c   Data   RW          161    .data               network.o
    0x20000494   COMPRESSED   0x00000018   Data   RW          165    .data               network.o
    0x200004ac   COMPRESSED   0x00000258   Data   RW          166    .data               network.o
    0x20000704   COMPRESSED   0x0000001c   Data   RW          167    .data               network.o
    0x20000720   COMPRESSED   0x0000001c   Data   RW          168    .data               network.o
    0x2000073c   COMPRESSED   0x0000001c   Data   RW          170    .data               network.o
    0x20000758   COMPRESSED   0x0000001c   Data   RW          172    .data               network.o
    0x20000774   COMPRESSED   0x0000001c   Data   RW          174    .data               network.o
    0x20000790   COMPRESSED   0x0000001c   Data   RW          176    .data               network.o
    0x200007ac   COMPRESSED   0x0000001c   Data   RW          178    .data               network.o
    0x200007c8   COMPRESSED   0x0000001c   Data   RW          180    .data               network.o
    0x200007e4   COMPRESSED   0x0000001c   Data   RW          182    .data               network.o
    0x20000800   COMPRESSED   0x0000001c   Data   RW          184    .data               network.o
    0x2000081c   COMPRESSED   0x0000001c   Data   RW          186    .data               network.o
    0x20000838   COMPRESSED   0x0000001c   Data   RW          188    .data               network.o
    0x20000854   COMPRESSED   0x0000001c   Data   RW          190    .data               network.o
    0x20000870   COMPRESSED   0x0000001c   Data   RW          192    .data               network.o
    0x2000088c   COMPRESSED   0x0000001c   Data   RW          194    .data               network.o
    0x200008a8   COMPRESSED   0x0000001c   Data   RW          196    .data               network.o
    0x200008c4   COMPRESSED   0x0000001c   Data   RW          198    .data               network.o
    0x200008e0   COMPRESSED   0x0000001c   Data   RW          200    .data               network.o
    0x200008fc   COMPRESSED   0x00000058   Data   RW          201    .data               network.o
    0x20000954   COMPRESSED   0x00000058   Data   RW          202    .data               network.o
    0x200009ac   COMPRESSED   0x00000058   Data   RW          203    .data               network.o
    0x20000a04   COMPRESSED   0x00000028   Data   RW          205    .data               network.o
    0x20000a2c   COMPRESSED   0x00000018   Data   RW          208    .data               network.o
    0x20000a44   COMPRESSED   0x0000001c   Data   RW          210    .data               network.o
    0x20000a60   COMPRESSED   0x0000002c   Data   RW          408    .data               main.o
    0x20000a8c   COMPRESSED   0x00000034   Data   RW          664    .data               app_x-cube-ai.o
    0x20000ac0   COMPRESSED   0x00000008   Data   RW          842    .data               stm32l4xx_hal_msp.o
    0x20000ac8   COMPRESSED   0x0000000c   Data   RW         1069    .data               stm32l4xx_hal.o
    0x20000ad4   COMPRESSED   0x00000004   Data   RW         3066    .data               stm32l4xx_hal_dfsdm.o
    0x20000ad8   COMPRESSED   0x00000004   Data   RW         6252    .data               mc_w.l(stdout.o)
    0x20000adc   COMPRESSED   0x00000004   Data   RW         6260    .data               mc_w.l(mvars.o)
    0x20000ae0        -       0x00000010   Zero   RW           19    .bss                network.o
    0x20000af0        -       0x00000010   Zero   RW           20    .bss                network.o
    0x20000b00        -       0x00000010   Zero   RW           23    .bss                network.o
    0x20000b10        -       0x0000d9d4   Zero   RW          404    .bss                main.o
    0x2000e4e4        -       0x00000048   Zero   RW          405    .bss                main.o
    0x2000e52c        -       0x00000048   Zero   RW          406    .bss                main.o
    0x2000e574        -       0x00008020   Zero   RW          662    .bss                app_x-cube-ai.o


==============================================================================

Image component sizes


      Code (inc. data)   RO Data    RW Data    ZI Data      Debug   Object Name

       496        160         48         52      32800      11621   app_x-cube-ai.o
      4734        700          0         44      55940     874207   main.o
       594         20         80       3928        128      59467   network.o
         8          4      21952          0          0       8858   network_data.o
        36          8        392          0      24576        856   startup_stm32l475xx.o
       162         24          0         12          0       4413   stm32l4xx_hal.o
       232         14          0          0          0      34773   stm32l4xx_hal_cortex.o
       116          4          0          0          0       1195   stm32l4xx_hal_crc.o
        78          0          0          0          0       1303   stm32l4xx_hal_crc_ex.o
      1478         60          0          4         32      13945   stm32l4xx_hal_dfsdm.o
       990         14          0          0          0       7388   stm32l4xx_hal_dma.o
       648         44          0          0          0       3383   stm32l4xx_hal_gpio.o
       730         94          0          8          0       5582   stm32l4xx_hal_msp.o
       120         20          0          0          0       1402   stm32l4xx_hal_pwr_ex.o
      2290         18          0          0          0      16785   stm32l4xx_hal_qspi.o
      1968         98          0          0          0       7048   stm32l4xx_hal_rcc.o
      1506         44          0          0          0       4132   stm32l4xx_hal_rcc_ex.o
       572         38          0          0          0       6363   stm32l4xx_hal_tim.o
       156         26          0          0          0       1440   stm32l4xx_hal_tim_ex.o
      1396         68          0          0          0       6697   stm32l4xx_hal_uart.o
        88         30          0          0          0       7186   stm32l4xx_it.o
        68         12         72          4          0       1265   system_stm32l4xx.o

    ----------------------------------------------------------------------
     18508       1500      22608       4052     113480    1079309   Object Totals
         0          0         64          0          0          0   (incl. Generated)
        42          0          0          0          4          0   (incl. Padding)

    ----------------------------------------------------------------------

      Code (inc. data)   RO Data    RW Data    ZI Data      Debug   Library Member Name

       294         34          0          0          0        244   ai_datatypes_format.o
        34          0          0          0          0        356   ai_math_helpers.o
      1286         42         32          0          0       1532   ai_platform_interface.o
        42          0          0          0          0        348   core_common.o
        76          0          0          0          0        480   core_mem_manager.o
       242          4         24          0          0        260   core_utils.o
        86          6          0          0          0        372   layers.o
      3530         38          0          0          0       1876   layers_conv2d_generic_float.o
       382          6        224          0          0        144   layers_generic_float.o
       418         12          0          0          0        652   layers_nl_generic_float.o
       434          4          0          0          0        148   layers_pool_generic_float.o
      1732         18          0          0          0        956   layers_rnn_generic_float.o
       174          0          0          0          0       2571   arm_bitreversal.o
       832          0          0          0          0       4230   arm_cfft_radix2_f32.o
       228         36          0          0          0       1639   arm_cfft_radix2_init_f32.o
         0          0      34816          0          0       4961   arm_common_tables.o
       488         62         48          0          0        236   expf.o
        38          0          0          0          0        116   fpclassifyf.o
        38         12          0          0          0        348   funder.o
       228         20          0          0          0        152   tanhf.o
        86          0          0          0          0          0   __dczerorl2.o
        28          0          0          0          0         76   calloc.o
         0          0          0          0          0          0   entry.o
         0          0          0          0          0          0   entry10a.o
         0          0          0          0          0          0   entry11a.o
         8          4          0          0          0          0   entry2.o
         4          0          0          0          0          0   entry5.o
         0          0          0          0          0          0   entry7b.o
         0          0          0          0          0          0   entry8b.o
         8          4          0          0          0          0   entry9a.o
        12          6          0          4          0         68   errno.o
        30          0          0          0          0          0   handlers.o
        36          8          0          0          0         68   init.o
         0          0          0          0          0          0   iusefp.o
        30          0          0          0          0         68   llshl.o
        36          0          0          0          0         68   llsshr.o
        32          0          0          0          0         68   llushr.o
       252         24          0          0          0        252   mallocr.o
        26          0          0          0          0         80   memcmp.o
        36          0          0          0          0         68   memcpya.o
        36          0          0          0          0        108   memseta.o
         0          0          0          8          0          0   mvars.o
      2270         90          0          0          0        452   printfa.o
         0          0          0          4          0          0   stdout.o
        44          0          0          0          0         80   uidiv.o
       104          0          0          0          0         92   uldiv.o
        48          0          0          0          0         68   cdrcmple.o
       350          0          0          0          0        148   dadd.o
       222          0          0          0          0        100   ddiv.o
       186          0          0          0          0        176   depilogue.o
        48          0          0          0          0         68   dfixul.o
       234          0          0          0          0         96   dmul.o
        38          0          0          0          0         68   f2d.o

    ----------------------------------------------------------------------
     14820        430      35144         16          0      23893   Library Totals
        34          0          0          0          0          0   (incl. Padding)

    ----------------------------------------------------------------------

      Code (inc. data)   RO Data    RW Data    ZI Data      Debug   Library Name

      8556        164        280          0          0       7368   NetworkRuntime500_CM4_Keil.lib
      1234         36      34816          0          0      13401   arm_cortexM4lf_math.lib
       792         94         48          0          0        852   m_wm.l
      3078        136          0         16          0       1548   mc_w.l
      1126          0          0          0          0        724   mf_w.l

    ----------------------------------------------------------------------
     14820        430      35144         16          0      23893   Library Totals

    ----------------------------------------------------------------------

==============================================================================


      Code (inc. data)   RO Data    RW Data    ZI Data      Debug   

     33328       1930      57752       4068     113480    1083110   Grand Totals
     33328       1930      57752       1276     113480    1083110   ELF Image Totals (compressed)
     33328       1930      57752       1276          0          0   ROM Totals

==============================================================================

    Total RO  Size (Code + RO Data)                91080 (  88.95kB)
    Total RW  Size (RW Data + ZI Data)            117548 ( 114.79kB)
    Total ROM Size (Code + RO Data + RW Data)      92356 (  90.19kB)

==============================================================================

