stm32l4xx_hal_usart.c:286:19:HAL_USART_Init	16	static
stm32l4xx_hal_usart.c:347:19:HAL_USART_DeInit	16	static
stm32l4xx_hal_usart.c:390:13:HAL_USART_MspInit	16	static
stm32l4xx_hal_usart.c:405:13:HAL_USART_MspDeInit	16	static
stm32l4xx_hal_usart.c:761:19:HAL_USART_Transmit	48	static
stm32l4xx_hal_usart.c:858:19:HAL_USART_Receive	48	static
stm32l4xx_hal_usart.c:974:19:HAL_USART_TransmitReceive	64	static
stm32l4xx_hal_usart.c:1125:19:HAL_USART_Transmit_IT	24	static
stm32l4xx_hal_usart.c:1210:19:HAL_USART_Receive_IT	24	static
stm32l4xx_hal_usart.c:1326:19:HAL_USART_TransmitReceive_IT	24	static
stm32l4xx_hal_usart.c:1434:19:HAL_USART_Transmit_DMA	32	static
stm32l4xx_hal_usart.c:1519:19:HAL_USART_Receive_DMA	32	static
stm32l4xx_hal_usart.c:1638:19:HAL_USART_TransmitReceive_DMA	32	static
stm32l4xx_hal_usart.c:1755:19:HAL_USART_DMAPause	24	static
stm32l4xx_hal_usart.c:1802:19:HAL_USART_DMAResume	24	static
stm32l4xx_hal_usart.c:1846:19:HAL_USART_DMAStop	16	static
stm32l4xx_hal_usart.c:1906:19:HAL_USART_Abort	16	static
stm32l4xx_hal_usart.c:2009:19:HAL_USART_Abort_IT	24	static
stm32l4xx_hal_usart.c:2147:6:HAL_USART_IRQHandler	40	static
stm32l4xx_hal_usart.c:2412:13:HAL_USART_TxCpltCallback	16	static
stm32l4xx_hal_usart.c:2427:13:HAL_USART_TxHalfCpltCallback	16	static
stm32l4xx_hal_usart.c:2442:13:HAL_USART_RxCpltCallback	16	static
stm32l4xx_hal_usart.c:2457:13:HAL_USART_RxHalfCpltCallback	16	static
stm32l4xx_hal_usart.c:2472:13:HAL_USART_TxRxCpltCallback	16	static
stm32l4xx_hal_usart.c:2487:13:HAL_USART_ErrorCallback	16	static
stm32l4xx_hal_usart.c:2502:13:HAL_USART_AbortCpltCallback	16	static
stm32l4xx_hal_usart.c:2539:24:HAL_USART_GetState	16	static
stm32l4xx_hal_usart.c:2550:10:HAL_USART_GetError	16	static
stm32l4xx_hal_usart.c:2595:13:USART_EndTransfer	16	static
stm32l4xx_hal_usart.c:2617:13:USART_DMATransmitCplt	24	static
stm32l4xx_hal_usart.c:2657:13:USART_DMATxHalfCplt	24	static
stm32l4xx_hal_usart.c:2675:13:USART_DMAReceiveCplt	24	static
stm32l4xx_hal_usart.c:2750:13:USART_DMARxHalfCplt	24	static
stm32l4xx_hal_usart.c:2768:13:USART_DMAError	24	static
stm32l4xx_hal_usart.c:2794:13:USART_DMAAbortOnError	24	static
stm32l4xx_hal_usart.c:2817:13:USART_DMATxAbortCallback	24	static
stm32l4xx_hal_usart.c:2865:13:USART_DMARxAbortCallback	24	static
stm32l4xx_hal_usart.c:2913:26:USART_WaitOnFlagUntilTimeout	24	static
stm32l4xx_hal_usart.c:2941:26:USART_SetConfig	40	static
stm32l4xx_hal_usart.c:3071:26:USART_CheckIdleState	32	static
stm32l4xx_hal_usart.c:3121:13:USART_TxISR_8BIT	24	static
stm32l4xx_hal_usart.c:3156:13:USART_TxISR_16BIT	24	static
stm32l4xx_hal_usart.c:3282:13:USART_EndTransmit_IT	16	static
stm32l4xx_hal_usart.c:3339:13:USART_RxISR_8BIT	24	static
stm32l4xx_hal_usart.c:3451:13:USART_RxISR_16BIT	32	static
