nnom_local.h:32:19:__NNOM_SSAT	24	static
nnom_local.h:46:19:__NNOM_USAT	24	static
nnom_local.c:26:6:local_avepool_q7_HWC	56	static
nnom_local.c:70:6:local_avepool_q7_CHW	48	static
nnom_local.c:117:6:local_maxpool_q7_HWC	40	static
nnom_local.c:161:6:local_maxpool_q7_CHW	48	static
nnom_local.c:209:9:local_sumpool_q7_HWC	72	static
nnom_local.c:282:9:local_sumpool_q7_CHW	80	static
nnom_local.c:358:6:local_up_sampling_q7_HWC	48	static
nnom_local.c:390:6:local_up_sampling_q7_CHW	48	static
nnom_local.c:425:6:local_convolve_HWC_q7_nonsquare	64	static
nnom_local.c:485:6:local_convolve_CHW_q7_nonsquare	64	static
nnom_local.c:544:6:local_depthwise_separable_conv_HWC_q7_nonsquare	56	static
nnom_local.c:600:6:local_depthwise_separable_conv_CHW_q7_nonsquare	56	static
nnom_local.c:657:6:local_zero_padding_HWC_q7	40	static
nnom_local.c:697:6:local_zero_padding_CHW_q7	48	static
nnom_local.c:741:6:local_cropping_HWC_q7	40	static
nnom_local.c:774:6:local_cropping_CHW_q7	40	static
nnom_local.c:804:6:local_fully_connected_q7_opt	88	static
nnom_local.c:923:6:local_fully_connected_q7	40	static
nnom_local.c:948:6:local_softmax_q7	48	static
nnom_local.c:1006:6:local_sigmoid_q7	40	static
nnom_local.c:1039:6:local_tanh_q7	40	static
nnom_local.c:1075:6:local_relu_q7	24	static
nnom_local.c:1090:6:local_mult_q7	32	static
nnom_local.c:1109:6:local_add_q7	32	static
nnom_local.c:1128:6:local_sub_q7	32	static
