nnom.c:24:7:nnom_mem	24	static
nnom.c:36:8:nnom_mem_stat	4	static
nnom.c:42:15:io_mem_size	24	static
nnom.c:56:8:nnom_alignto	16	static
nnom.c:65:22:find_last	16	static
nnom.c:75:17:find_index	24	static
nnom.c:91:22:model_add	24	static
nnom.c:122:27:allocate_hook	24	static
nnom.c:151:25:allocate_io	16	static
nnom.c:179:22:model_hook	24	static
nnom.c:202:22:model_mergex	44	static
nnom.c:236:22:model_merge	24	static
nnom.c:242:22:model_active	16	static
nnom.c:250:15:new_model	24	static
nnom.c:276:13:io_tensor_delete	16	static
nnom.c:287:13:io_list_delete	32	static
nnom.c:328:13:layer_delete	16	static
nnom.c:354:6:model_delete	24	static
nnom.c:388:26:allocate_block	24	static
nnom.c:402:13:release_block	16	static
nnom.c:410:13:release_input_mem	24	static
nnom.c:421:13:release_comp_mem	16	static
nnom.c:431:8:nnom_io_length	24	static
nnom.c:446:8:nnom_hook_length	24	static
nnom.c:461:22:layer_shortcut_find_last	24	static
nnom.c:474:22:layer_shortcut_add	24	static
nnom.c:497:13:print_layer_info	40	static
nnom.c:541:13:print_memory_block_info	24	static
nnom.c:564:15:compile_layers	72	static
nnom.c:797:8:mem_analysis_result	24	static
nnom.c:815:15:block_mem_set	24	static
nnom.c:832:15:tensor_mem_set	24	static
nnom.c:859:15:set_tailed_activation	32	static
nnom.c:885:17:model_set_ops	40	static
nnom.c:904:15:model_compile	40	static
nnom.c:966:15:sequencial_compile	24	static
nnom.c:975:15:layer_run	24	static
nnom.c:996:15:model_run_to	32	static
nnom.c:1037:15:model_run	16	static
nnom.c:1043:15:model_set_callback	16	static
nnom.c:1053:6:model_delete_callback	16	static
